Component: Arm Compiler for Embedded 6.19 Tool: armlink [5e73cb00]

==============================================================================

Section Cross References

    startup_stm32f103xe.o(STACK) refers (Special) to heapauxi.o(.text) for __use_two_region_memory
    startup_stm32f103xe.o(HEAP) refers (Special) to heapauxi.o(.text) for __use_two_region_memory
    startup_stm32f103xe.o(RESET) refers (Special) to heapauxi.o(.text) for __use_two_region_memory
    startup_stm32f103xe.o(RESET) refers to startup_stm32f103xe.o(STACK) for __initial_sp
    startup_stm32f103xe.o(RESET) refers to startup_stm32f103xe.o(.text) for Reset_Handler
    startup_stm32f103xe.o(RESET) refers to stm32f1xx_it.o(.text.NMI_Handler) for NMI_Handler
    startup_stm32f103xe.o(RESET) refers to stm32f1xx_it.o(.text.HardFault_Handler) for HardFault_Handler
    startup_stm32f103xe.o(RESET) refers to stm32f1xx_it.o(.text.MemManage_Handler) for MemManage_Handler
    startup_stm32f103xe.o(RESET) refers to stm32f1xx_it.o(.text.BusFault_Handler) for BusFault_Handler
    startup_stm32f103xe.o(RESET) refers to stm32f1xx_it.o(.text.UsageFault_Handler) for UsageFault_Handler
    startup_stm32f103xe.o(RESET) refers to stm32f1xx_it.o(.text.SVC_Handler) for SVC_Handler
    startup_stm32f103xe.o(RESET) refers to stm32f1xx_it.o(.text.DebugMon_Handler) for DebugMon_Handler
    startup_stm32f103xe.o(RESET) refers to stm32f1xx_it.o(.text.PendSV_Handler) for PendSV_Handler
    startup_stm32f103xe.o(RESET) refers to stm32f1xx_it.o(.text.SysTick_Handler) for SysTick_Handler
    startup_stm32f103xe.o(RESET) refers to stm32f1xx_it.o(.text.EXTI1_IRQHandler) for EXTI1_IRQHandler
    startup_stm32f103xe.o(RESET) refers to stm32f1xx_it.o(.text.EXTI9_5_IRQHandler) for EXTI9_5_IRQHandler
    startup_stm32f103xe.o(RESET) refers to stm32f1xx_it.o(.text.TIM1_UP_IRQHandler) for TIM1_UP_IRQHandler
    startup_stm32f103xe.o(RESET) refers to stm32f1xx_it.o(.text.TIM4_IRQHandler) for TIM4_IRQHandler
    startup_stm32f103xe.o(RESET) refers to stm32f1xx_it.o(.text.USART1_IRQHandler) for USART1_IRQHandler
    startup_stm32f103xe.o(RESET) refers to stm32f1xx_it.o(.text.UART4_IRQHandler) for UART4_IRQHandler
    startup_stm32f103xe.o(RESET) refers to stm32f1xx_it.o(.text.UART5_IRQHandler) for UART5_IRQHandler
    startup_stm32f103xe.o(.text) refers (Special) to heapauxi.o(.text) for __use_two_region_memory
    startup_stm32f103xe.o(.text) refers to system_stm32f1xx.o(.text.SystemInit) for SystemInit
    startup_stm32f103xe.o(.text) refers to __main.o(!!!main) for __main
    startup_stm32f103xe.o(.text) refers to startup_stm32f103xe.o(HEAP) for Heap_Mem
    startup_stm32f103xe.o(.text) refers to startup_stm32f103xe.o(STACK) for Stack_Mem
    main.o(.text.Motor_PWM_Right) refers to stm32f1xx_hal_gpio.o(.text.HAL_GPIO_WritePin) for HAL_GPIO_WritePin
    main.o(.text.Motor_PWM_Right) refers to main.o(.bss.htim4) for htim4
    main.o(.ARM.exidx.text.Motor_PWM_Right) refers to main.o(.text.Motor_PWM_Right) for [Anonymous Symbol]
    main.o(.text.Motor_PWM_Left) refers to stm32f1xx_hal_gpio.o(.text.HAL_GPIO_WritePin) for HAL_GPIO_WritePin
    main.o(.text.Motor_PWM_Left) refers to main.o(.bss.htim4) for htim4
    main.o(.ARM.exidx.text.Motor_PWM_Left) refers to main.o(.text.Motor_PWM_Left) for [Anonymous Symbol]
    main.o(.text.sin2) refers to f2d.o(x$fpl$f2d) for __aeabi_f2d
    main.o(.text.sin2) refers to sin.o(i.sin) for sin
    main.o(.text.sin2) refers to dmul.o(x$fpl$dmul) for __aeabi_dmul
    main.o(.text.sin2) refers to d2f.o(x$fpl$d2f) for __aeabi_d2f
    main.o(.ARM.exidx.text.sin2) refers to main.o(.text.sin2) for [Anonymous Symbol]
    main.o(.text.cos2) refers to f2d.o(x$fpl$f2d) for __aeabi_f2d
    main.o(.text.cos2) refers to cos.o(i.cos) for cos
    main.o(.text.cos2) refers to dmul.o(x$fpl$dmul) for __aeabi_dmul
    main.o(.text.cos2) refers to d2f.o(x$fpl$d2f) for __aeabi_d2f
    main.o(.ARM.exidx.text.cos2) refers to main.o(.text.cos2) for [Anonymous Symbol]
    main.o(.text.absf) refers to dcmp.o(x$fpl$fcmp) for __aeabi_dcmplt
    main.o(.ARM.exidx.text.absf) refers to main.o(.text.absf) for [Anonymous Symbol]
    main.o(.text.HAL_UART_RxCpltCallback) refers to main.o(.bss..L_MergedGlobals.1) for .L_MergedGlobals.1
    main.o(.ARM.exidx.text.HAL_UART_RxCpltCallback) refers to main.o(.text.HAL_UART_RxCpltCallback) for [Anonymous Symbol]
    main.o(.text.HAL_TIM_PeriodElapsedCallback) refers to main.o(.bss..L_MergedGlobals.1) for .L_MergedGlobals.1
    main.o(.ARM.exidx.text.HAL_TIM_PeriodElapsedCallback) refers to main.o(.text.HAL_TIM_PeriodElapsedCallback) for [Anonymous Symbol]
    main.o(.text.HAL_GPIO_EXTI_Callback) refers to stm32f1xx_hal_gpio.o(.text.HAL_GPIO_ReadPin) for HAL_GPIO_ReadPin
    main.o(.text.HAL_GPIO_EXTI_Callback) refers to main.o(.bss..L_MergedGlobals.1) for .L_MergedGlobals.1
    main.o(.text.HAL_GPIO_EXTI_Callback) refers to faddsub_clz.o(x$fpl$fadd) for __aeabi_fadd
[...]
    Removing stm32f1xx_hal_uart.o(.ARM.exidx.text.HAL_UARTEx_RxEventCallback), (8 bytes).
    Removing stm32f1xx_hal_uart.o(.ARM.exidx.text.HAL_UART_TxCpltCallback), (8 bytes).
    Removing stm32f1xx_hal_uart.o(.text.HAL_UART_TxHalfCpltCallback), (2 bytes).
    Removing stm32f1xx_hal_uart.o(.ARM.exidx.text.HAL_UART_TxHalfCpltCallback), (8 bytes).
    Removing stm32f1xx_hal_uart.o(.text.HAL_UART_RxCpltCallback), (2 bytes).
    Removing stm32f1xx_hal_uart.o(.ARM.exidx.text.HAL_UART_RxCpltCallback), (8 bytes).
    Removing stm32f1xx_hal_uart.o(.text.HAL_UART_RxHalfCpltCallback), (2 bytes).
    Removing stm32f1xx_hal_uart.o(.ARM.exidx.text.HAL_UART_RxHalfCpltCallback), (8 bytes).
    Removing stm32f1xx_hal_uart.o(.text.HAL_LIN_SendBreak), (44 bytes).
    Removing stm32f1xx_hal_uart.o(.ARM.exidx.text.HAL_LIN_SendBreak), (8 bytes).
    Removing stm32f1xx_hal_uart.o(.text.HAL_MultiProcessor_EnterMuteMode), (44 bytes).
    Removing stm32f1xx_hal_uart.o(.ARM.exidx.text.HAL_MultiProcessor_EnterMuteMode), (8 bytes).
    Removing stm32f1xx_hal_uart.o(.text.HAL_MultiProcessor_ExitMuteMode), (44 bytes).
    Removing stm32f1xx_hal_uart.o(.ARM.exidx.text.HAL_MultiProcessor_ExitMuteMode), (8 bytes).
    Removing stm32f1xx_hal_uart.o(.text.HAL_HalfDuplex_EnableTransmitter), (44 bytes).
    Removing stm32f1xx_hal_uart.o(.ARM.exidx.text.HAL_HalfDuplex_EnableTransmitter), (8 bytes).
    Removing stm32f1xx_hal_uart.o(.text.HAL_HalfDuplex_EnableReceiver), (46 bytes).
    Removing stm32f1xx_hal_uart.o(.ARM.exidx.text.HAL_HalfDuplex_EnableReceiver), (8 bytes).
    Removing stm32f1xx_hal_uart.o(.text.HAL_UART_GetState), (14 bytes).
    Removing stm32f1xx_hal_uart.o(.ARM.exidx.text.HAL_UART_GetState), (8 bytes).
    Removing stm32f1xx_hal_uart.o(.text.HAL_UART_GetError), (4 bytes).
    Removing stm32f1xx_hal_uart.o(.ARM.exidx.text.HAL_UART_GetError), (8 bytes).
    Removing stm32f1xx_hal_uart.o(.text.UART_DMAReceiveCplt), (76 bytes).
    Removing stm32f1xx_hal_uart.o(.ARM.exidx.text.UART_DMAReceiveCplt), (8 bytes).
    Removing stm32f1xx_hal_uart.o(.text.UART_DMARxHalfCplt), (20 bytes).
    Removing stm32f1xx_hal_uart.o(.ARM.exidx.text.UART_DMARxHalfCplt), (8 bytes).
    Removing system_stm32f1xx.o(.text), (0 bytes).
    Removing system_stm32f1xx.o(.ARM.exidx.text.SystemInit), (8 bytes).
    Removing system_stm32f1xx.o(.text.SystemCoreClockUpdate), (118 bytes).
    Removing system_stm32f1xx.o(.ARM.exidx.text.SystemCoreClockUpdate), (8 bytes).

867 unused section(s) (total 56471 bytes) removed from the image.

==============================================================================

Image Symbol Table

    Local Symbols

    Symbol Name                              Value     Ov Type        Size  Object(Section)

    ../clib/angel/boardlib.s                 0x00000000   Number         0  boardinit1.o ABSOLUTE
    ../clib/angel/boardlib.s                 0x00000000   Number         0  boardinit2.o ABSOLUTE
    ../clib/angel/boardlib.s                 0x00000000   Number         0  boardinit3.o ABSOLUTE
    ../clib/angel/boardlib.s                 0x00000000   Number         0  boardshut.o ABSOLUTE
    ../clib/angel/handlers.s                 0x00000000   Number         0  __scatter_copy.o ABSOLUTE
    ../clib/angel/handlers.s                 0x00000000   Number         0  __scatter_zi.o ABSOLUTE
    ../clib/angel/kernel.s                   0x00000000   Number         0  __rtentry.o ABSOLUTE
    ../clib/angel/kernel.s                   0x00000000   Number         0  __rtentry2.o ABSOLUTE
    ../clib/angel/kernel.s                   0x00000000   Number         0  __rtentry4.o ABSOLUTE
    ../clib/angel/kernel.s                   0x00000000   Number         0  rtexit.o ABSOLUTE
    ../clib/angel/kernel.s                   0x00000000   Number         0  rtexit2.o ABSOLUTE
    ../clib/angel/rt.s                       0x00000000   Number         0  rt_errno_addr.o ABSOLUTE
    ../clib/angel/rt.s                       0x00000000   Number         0  rt_errno_addr_intlibspace.o ABSOLUTE
    ../clib/angel/rt.s                       0x00000000   Number         0  rt_raise.o ABSOLUTE
    ../clib/angel/scatter.s                  0x00000000   Number         0  __scatter.o ABSOLUTE
    ../clib/angel/startup.s                  0x00000000   Number         0  __main.o ABSOLUTE
    ../clib/angel/sys.s                      0x00000000   Number         0  libspace.o ABSOLUTE
    ../clib/angel/sys.s                      0x00000000   Number         0  sys_stackheap_outer.o ABSOLUTE
    ../clib/angel/sys.s                      0x00000000   Number         0  use_no_semi.o ABSOLUTE
    ../clib/angel/sys.s                      0x00000000   Number         0  indicate_semi.o ABSOLUTE
    ../clib/angel/sysapp.c                   0x00000000   Number         0  sys_exit.o ABSOLUTE
    ../clib/angel/sysapp.c                   0x00000000   Number         0  sys_exit_hlt.o ABSOLUTE
    ../clib/angel/sysapp.c                   0x00000000   Number         0  sys_command.o ABSOLUTE
    ../clib/angel/sysapp.c                   0x00000000   Number         0  sys_command_hlt.o ABSOLUTE
    ../clib/angel/sysapp.c                   0x00000000   Number         0  sys_wrch.o ABSOLUTE
    ../clib/angel/sysapp.c                   0x00000000   Number         0  sys_wrch_hlt.o ABSOLUTE
    ../clib/armsys.c                         0x00000000   Number         0  argv_veneer.o ABSOLUTE
    ../clib/armsys.c                         0x00000000   Number         0  argv_veneer.o ABSOLUTE
    ../clib/armsys.c                         0x00000000   Number         0  _get_argv_nomalloc.o ABSOLUTE
    ../clib/armsys.c                         0x00000000   Number         0  no_argv.o ABSOLUTE
    ../clib/fenv.c                           0x00000000   Number         0  _rserrno.o ABSOLUTE
    ../clib/heapalloc.c                      0x00000000   Number         0  hrguard.o ABSOLUTE
    ../clib/heapaux.c                        0x00000000   Number         0  heapauxi.o ABSOLUTE
    ../clib/libinit.s                        0x00000000   Number         0  libinit.o ABSOLUTE
    ../clib/libinit.s                        0x00000000   Number         0  libinit2.o ABSOLUTE
    ../clib/libinit.s                        0x00000000   Number         0  libshutdown.o ABSOLUTE
    ../clib/libinit.s                        0x00000000   Number         0  libshutdown2.o ABSOLUTE
    ../clib/signal.c                         0x00000000   Number         0  defsig_rtmem_outer.o ABSOLUTE
    ../clib/signal.c                         0x00000000   Number         0  defsig_rtmem_formal.o ABSOLUTE
    ../clib/signal.c                         0x00000000   Number         0  defsig_exit.o ABSOLUTE
    ../clib/signal.c                         0x00000000   Number         0  defsig_rtmem_inner.o ABSOLUTE
    ../clib/signal.c                         0x00000000   Number         0  __raise.o ABSOLUTE
    ../clib/signal.c                         0x00000000   Number         0  defsig_general.o ABSOLUTE
    ../clib/signal.c                         0x00000000   Number         0  defsig_abrt_inner.o ABSOLUTE
    ../clib/signal.c                         0x00000000   Number         0  defsig_fpe_inner.o ABSOLUTE
    ../clib/signal.c                         0x00000000   Number         0  defsig_rtred_inner.o ABSOLUTE
    ../clib/signal.c                         0x00000000   Number         0  defsig_stak_inner.o ABSOLUTE
    ../clib/signal.c                         0x00000000   Number         0  defsig_pvfn_inner.o ABSOLUTE
    ../clib/signal.c                         0x00000000   Number         0  defsig_cppl_inner.o ABSOLUTE
    ../clib/signal.c                         0x00000000   Number         0  defsig_segv_inner.o ABSOLUTE
    ../clib/signal.c                         0x00000000   Number         0  defsig_other.o ABSOLUTE
    ../clib/signal.s                         0x00000000   Number         0  defsig.o ABSOLUTE
    ../clib/stdlib.c                         0x00000000   Number         0  exit.o ABSOLUTE
    ../fplib/d2f.s                           0x00000000   Number         0  d2f.o ABSOLUTE
    ../fplib/daddsub.s                       0x00000000   Number         0  daddsub_clz.o ABSOLUTE
    ../fplib/dcheck1.s                       0x00000000   Number         0  dcheck1.o ABSOLUTE
    ../fplib/dcmp.s                          0x00000000   Number         0  dcmp.o ABSOLUTE
    ../fplib/dcmpi.s                         0x00000000   Number         0  dcmpi.o ABSOLUTE
    ../fplib/ddiv.s                          0x00000000   Number         0  ddiv.o ABSOLUTE
    ../fplib/deqf.s                          0x00000000   Number         0  deqf.o ABSOLUTE
    ../fplib/dfix.s                          0x00000000   Number         0  dfix.o ABSOLUTE
    ../fplib/dflt.s                          0x00000000   Number         0  dflt_clz.o ABSOLUTE
    ../fplib/dgeqf.s                         0x00000000   Number         0  dgeqf.o ABSOLUTE
    ../fplib/dleqf.s                         0x00000000   Number         0  dleqf.o ABSOLUTE
    ../fplib/dmul.s                          0x00000000   Number         0  dmul.o ABSOLUTE
    ../fplib/dnaninf.s                       0x00000000   Number         0  dnaninf.o ABSOLUTE
    ../fplib/dretinf.s                       0x00000000   Number         0  dretinf.o ABSOLUTE
    ../fplib/f2d.s                           0x00000000   Number         0  f2d.o ABSOLUTE
    ../fplib/faddsub.s                       0x00000000   Number         0  faddsub_clz.o ABSOLUTE
    ../fplib/fcmp.s                          0x00000000   Number         0  fcmp.o ABSOLUTE
    ../fplib/fcmpi.s                         0x00000000   Number         0  fcmpi.o ABSOLUTE
    ../fplib/fdiv.s                          0x00000000   Number         0  fdiv.o ABSOLUTE
    ../fplib/feqf.s                          0x00000000   Number         0  feqf.o ABSOLUTE
    ../fplib/fgeqf.s                         0x00000000   Number         0  fgeqf.o ABSOLUTE
    ../fplib/fleqf.s                         0x00000000   Number         0  fleqf.o ABSOLUTE
    ../fplib/fmul.s                          0x00000000   Number         0  fmul.o ABSOLUTE
    ../fplib/fnaninf.s                       0x00000000   Number         0  fnaninf.o ABSOLUTE
    ../fplib/fpinit.s                        0x00000000   Number         0  fpinit.o ABSOLUTE
    ../fplib/fpinit_empty.s                  0x00000000   Number         0  fpinit_empty.o ABSOLUTE
    ../fplib/fretinf.s                       0x00000000   Number         0  fretinf.o ABSOLUTE
    ../fplib/retnan.s                        0x00000000   Number         0  retnan.o ABSOLUTE
    ../fplib/scalbn.s                        0x00000000   Number         0  scalbn.o ABSOLUTE
    ../fplib/trapv.s                         0x00000000   Number         0  trapv.o ABSOLUTE
    ../fplib/usenofp.s                       0x00000000   Number         0  usenofp.o ABSOLUTE
    ../mathlib/cos.c                         0x00000000   Number         0  cos.o ABSOLUTE
    ../mathlib/cos_i.c                       0x00000000   Number         0  cos_i.o ABSOLUTE
    ../mathlib/dunder.c                      0x00000000   Number         0  dunder.o ABSOLUTE
    ../mathlib/fpclassify.c                  0x00000000   Number         0  fpclassify.o ABSOLUTE
    ../mathlib/poly.c                        0x00000000   Number         0  poly.o ABSOLUTE
    ../mathlib/rred.c                        0x00000000   Number         0  rred.o ABSOLUTE
    ../mathlib/sin.c                         0x00000000   Number         0  sin.o ABSOLUTE
    ../mathlib/sin_i.c                       0x00000000   Number         0  sin_i.o ABSOLUTE
    dc.s                                     0x00000000   Number         0  dc.o ABSOLUTE
    main.c                                   0x00000000   Number         0  main.o ABSOLUTE
    startup_stm32f103xe.s                    0x00000000   Number         0  startup_stm32f103xe.o ABSOLUTE
    stm32f1xx_hal.c                          0x00000000   Number         0  stm32f1xx_hal.o ABSOLUTE
    stm32f1xx_hal_cortex.c                   0x00000000   Number         0  stm32f1xx_hal_cortex.o ABSOLUTE
    stm32f1xx_hal_dma.c                      0x00000000   Number         0  stm32f1xx_hal_dma.o ABSOLUTE
    stm32f1xx_hal_exti.c                     0x00000000   Number         0  stm32f1xx_hal_exti.o ABSOLUTE
    stm32f1xx_hal_flash.c                    0x00000000   Number         0  stm32f1xx_hal_flash.o ABSOLUTE
    stm32f1xx_hal_flash_ex.c                 0x00000000   Number         0  stm32f1xx_hal_flash_ex.o ABSOLUTE
    stm32f1xx_hal_gpio.c                     0x00000000   Number         0  stm32f1xx_hal_gpio.o ABSOLUTE
    stm32f1xx_hal_gpio_ex.c                  0x00000000   Number         0  stm32f1xx_hal_gpio_ex.o ABSOLUTE
    stm32f1xx_hal_i2c.c                      0x00000000   Number         0  stm32f1xx_hal_i2c.o ABSOLUTE
    stm32f1xx_hal_msp.c                      0x00000000   Number         0  stm32f1xx_hal_msp.o ABSOLUTE
    stm32f1xx_hal_pwr.c                      0x00000000   Number         0  stm32f1xx_hal_pwr.o ABSOLUTE
    stm32f1xx_hal_rcc.c                      0x00000000   Number         0  stm32f1xx_hal_rcc.o ABSOLUTE
    stm32f1xx_hal_rcc_ex.c                   0x00000000   Number         0  stm32f1xx_hal_rcc_ex.o ABSOLUTE
    stm32f1xx_hal_tim.c                      0x00000000   Number         0  stm32f1xx_hal_tim.o ABSOLUTE
    stm32f1xx_hal_tim_ex.c                   0x00000000   Number         0  stm32f1xx_hal_tim_ex.o ABSOLUTE
    stm32f1xx_hal_uart.c                     0x00000000   Number         0  stm32f1xx_hal_uart.o ABSOLUTE
    stm32f1xx_it.c                           0x00000000   Number         0  stm32f1xx_it.o ABSOLUTE
    system_stm32f1xx.c                       0x00000000   Number         0  system_stm32f1xx.o ABSOLUTE
    RESET                                    0x08000000   Section      304  startup_stm32f103xe.o(RESET)
    !!!main                                  0x08000130   Section        8  __main.o(!!!main)
    !!!scatter                               0x08000138   Section       52  __scatter.o(!!!scatter)
    !!handler_copy                           0x0800016c   Section       26  __scatter_copy.o(!!handler_copy)
    !!handler_zi                             0x08000188   Section       28  __scatter_zi.o(!!handler_zi)
    .ARM.Collect$$libinit$$00000000          0x080001a4   Section        2  libinit.o(.ARM.Collect$$libinit$$00000000)
    .ARM.Collect$$libinit$$00000002          0x080001a6   Section        0  libinit2.o(.ARM.Collect$$libinit$$00000002)
    .ARM.Collect$$libinit$$00000004          0x080001a6   Section        0  libinit2.o(.ARM.Collect$$libinit$$00000004)
    .ARM.Collect$$libinit$$00000006          0x080001a6   Section        0  libinit2.o(.ARM.Collect$$libinit$$00000006)
    .ARM.Collect$$libinit$$0000000C          0x080001a6   Section        0  libinit2.o(.ARM.Collect$$libinit$$0000000C)
    .ARM.Collect$$libinit$$0000000E          0x080001a6   Section        0  libinit2.o(.ARM.Collect$$libinit$$0000000E)
    .ARM.Collect$$libinit$$00000010          0x080001a6   Section        0  libinit2.o(.ARM.Collect$$libinit$$00000010)
    .ARM.Collect$$libinit$$00000013          0x080001a6   Section        0  libinit2.o(.ARM.Collect$$libinit$$00000013)
    .ARM.Collect$$libinit$$00000015          0x080001a6   Section        0  libinit2.o(.ARM.Collect$$libinit$$00000015)
    .ARM.Collect$$libinit$$00000017          0x080001a6   Section        0  libinit2.o(.ARM.Collect$$libinit$$00000017)
    .ARM.Collect$$libinit$$00000019          0x080001a6   Section        0  libinit2.o(.ARM.Collect$$libinit$$00000019)
    .ARM.Collect$$libinit$$0000001B          0x080001a6   Section        0  libinit2.o(.ARM.Collect$$libinit$$0000001B)
    .ARM.Collect$$libinit$$0000001D          0x080001a6   Section        0  libinit2.o(.ARM.Collect$$libinit$$0000001D)
    .ARM.Collect$$libinit$$0000001F          0x080001a6   Section        0  libinit2.o(.ARM.Collect$$libinit$$0000001F)
    .ARM.Collect$$libinit$$00000021          0x080001a6   Section        0  libinit2.o(.ARM.Collect$$libinit$$00000021)
    .ARM.Collect$$libinit$$00000023          0x080001a6   Section        0  libinit2.o(.ARM.Collect$$libinit$$00000023)
    .ARM.Collect$$libinit$$00000025          0x080001a6   Section        0  libinit2.o(.ARM.Collect$$libinit$$00000025)
    .ARM.Collect$$libinit$$00000027          0x080001a6   Section        0  libinit2.o(.ARM.Collect$$libinit$$00000027)
    .ARM.Collect$$libinit$$0000002E          0x080001a6   Section        0  libinit2.o(.ARM.Collect$$libinit$$0000002E)
    .ARM.Collect$$libinit$$00000030          0x080001a6   Section        0  libinit2.o(.ARM.Collect$$libinit$$00000030)
    .ARM.Collect$$libinit$$00000032          0x080001a6   Section        0  libinit2.o(.ARM.Collect$$libinit$$00000032)
    .ARM.Collect$$libinit$$00000034          0x080001a6   Section        0  libinit2.o(.ARM.Collect$$libinit$$00000034)
    .ARM.Collect$$libinit$$00000035          0x080001a6   Section        2  libinit2.o(.ARM.Collect$$libinit$$00000035)
    .ARM.Collect$$libshutdown$$00000000      0x080001a8   Section        2  libshutdown.o(.ARM.Collect$$libshutdown$$00000000)
    .ARM.Collect$$libshutdown$$00000002      0x080001aa   Section        0  libshutdown2.o(.ARM.Collect$$libshutdown$$00000002)
    .ARM.Collect$$libshutdown$$00000004      0x080001aa   Section        0  libshutdown2.o(.ARM.Collect$$libshutdown$$00000004)
    .ARM.Collect$$libshutdown$$00000007      0x080001aa   Section        0  libshutdown2.o(.ARM.Collect$$libshutdown$$00000007)
    .ARM.Collect$$libshutdown$$0000000A      0x080001aa   Section        0  libshutdown2.o(.ARM.Collect$$libshutdown$$0000000A)
    .ARM.Collect$$libshutdown$$0000000C      0x080001aa   Section        0  libshutdown2.o(.ARM.Collect$$libshutdown$$0000000C)
    .ARM.Collect$$libshutdown$$0000000F      0x080001aa   Section        0  libshutdown2.o(.ARM.Collect$$libshutdown$$0000000F)
    .ARM.Collect$$libshutdown$$00000010      0x080001aa   Section        2  libshutdown2.o(.ARM.Collect$$libshutdown$$00000010)
    .ARM.Collect$$rtentry$$00000000          0x080001ac   Section        0  __rtentry.o(.ARM.Collect$$rtentry$$00000000)
    .ARM.Collect$$rtentry$$00000002          0x080001ac   Section        0  __rtentry2.o(.ARM.Collect$$rtentry$$00000002)
    .ARM.Collect$$rtentry$$00000004          0x080001ac   Section        6  __rtentry4.o(.ARM.Collect$$rtentry$$00000004)
    .ARM.Collect$$rtentry$$00000009          0x080001b2   Section        0  __rtentry2.o(.ARM.Collect$$rtentry$$00000009)
    .ARM.Collect$$rtentry$$0000000A          0x080001b2   Section        4  __rtentry2.o(.ARM.Collect$$rtentry$$0000000A)
    .ARM.Collect$$rtentry$$0000000C          0x080001b6   Section        0  __rtentry2.o(.ARM.Collect$$rtentry$$0000000C)
    .ARM.Collect$$rtentry$$0000000D          0x080001b6   Section        8  __rtentry2.o(.ARM.Collect$$rtentry$$0000000D)
    .ARM.Collect$$rtexit$$00000000           0x080001be   Section        2  rtexit.o(.ARM.Collect$$rtexit$$00000000)
    .ARM.Collect$$rtexit$$00000002           0x080001c0   Section        0  rtexit2.o(.ARM.Collect$$rtexit$$00000002)
    .ARM.Collect$$rtexit$$00000003           0x080001c0   Section        4  rtexit2.o(.ARM.Collect$$rtexit$$00000003)
    .ARM.Collect$$rtexit$$00000004           0x080001c4   Section        6  rtexit2.o(.ARM.Collect$$rtexit$$00000004)
    .text                                    0x080001cc   Section       64  startup_stm32f103xe.o(.text)
    .text                                    0x0800020c   Section        0  heapauxi.o(.text)
    .text                                    0x08000214   Section        8  libspace.o(.text)
    .text                                    0x0800021c   Section       74  sys_stackheap_outer.o(.text)
    .text                                    0x08000266   Section        0  exit.o(.text)
    .text                                    0x08000278   Section        0  sys_exit.o(.text)
    .text                                    0x08000284   Section        2  use_no_semi.o(.text)
    .text                                    0x08000286   Section        0  indicate_semi.o(.text)
    [Anonymous Symbol]                       0x08000288   Section        0  stm32f1xx_it.o(.text.BusFault_Handler)
    [Anonymous Symbol]                       0x0800028c   Section        0  stm32f1xx_it.o(.text.DebugMon_Handler)
    [Anonymous Symbol]                       0x08000290   Section        0  stm32f1xx_it.o(.text.EXTI1_IRQHandler)
    [Anonymous Symbol]                       0x08000298   Section        0  stm32f1xx_it.o(.text.EXTI9_5_IRQHandler)
    [Anonymous Symbol]                       0x080002a0   Section        0  stm32f1xx_hal_dma.o(.text.HAL_DMA_Abort)
    [Anonymous Symbol]                       0x080002e8   Section        0  stm32f1xx_hal_dma.o(.text.HAL_DMA_Abort_IT)
    [Anonymous Symbol]                       0x08000410   Section        0  main.o(.text.HAL_GPIO_EXTI_Callback)
    [Anonymous Symbol]                       0x080004a8   Section        0  stm32f1xx_hal_gpio.o(.text.HAL_GPIO_EXTI_IRQHandler)
    [Anonymous Symbol]                       0x080004c0   Section        0  stm32f1xx_hal_gpio.o(.text.HAL_GPIO_Init)
    [Anonymous Symbol]                       0x080006bc   Section        0  stm32f1xx_hal_gpio.o(.text.HAL_GPIO_ReadPin)
    [Anonymous Symbol]                       0x080006c8   Section        0  stm32f1xx_hal_gpio.o(.text.HAL_GPIO_WritePin)
    [Anonymous Symbol]                       0x080006d4   Section        0  stm32f1xx_hal.o(.text.HAL_GetTick)
    [Anonymous Symbol]                       0x080006e0   Section        0  stm32f1xx_hal_i2c.o(.text.HAL_I2C_Init)
    [Anonymous Symbol]                       0x08000858   Section        0  stm32f1xx_hal_msp.o(.text.HAL_I2C_MspInit)
    [Anonymous Symbol]                       0x080008bc   Section        0  stm32f1xx_hal.o(.text.HAL_IncTick)
    [Anonymous Symbol]                       0x080008d8   Section        0  stm32f1xx_hal.o(.text.HAL_Init)
    [Anonymous Symbol]                       0x08000900   Section        0  stm32f1xx_hal.o(.text.HAL_InitTick)
    [Anonymous Symbol]                       0x08000948   Section        0  stm32f1xx_hal_msp.o(.text.HAL_MspInit)
    [Anonymous Symbol]                       0x0800098c   Section        0  stm32f1xx_hal_cortex.o(.text.HAL_NVIC_EnableIRQ)
    [Anonymous Symbol]                       0x080009b4   Section        0  stm32f1xx_hal_cortex.o(.text.HAL_NVIC_SetPriority)
    [Anonymous Symbol]                       0x08000a0c   Section        0  stm32f1xx_hal_cortex.o(.text.HAL_NVIC_SetPriorityGrouping)
    [Anonymous Symbol]                       0x08000a2c   Section        0  stm32f1xx_hal_rcc.o(.text.HAL_RCC_CSSCallback)
    [Anonymous Symbol]                       0x08000a30   Section        0  stm32f1xx_hal_rcc.o(.text.HAL_RCC_ClockConfig)
    [Anonymous Symbol]                       0x08000c00   Section        0  stm32f1xx_hal_rcc.o(.text.HAL_RCC_EnableCSS)
    [Anonymous Symbol]                       0x08000c0c   Section        0  stm32f1xx_hal_rcc.o(.text.HAL_RCC_GetPCLK1Freq)
    [Anonymous Symbol]                       0x08000c34   Section        0  stm32f1xx_hal_rcc.o(.text.HAL_RCC_GetPCLK2Freq)
    [Anonymous Symbol]                       0x08000c5c   Section        0  stm32f1xx_hal_rcc.o(.text.HAL_RCC_NMI_IRQHandler)
    [Anonymous Symbol]                       0x08000c78   Section        0  stm32f1xx_hal_rcc.o(.text.HAL_RCC_OscConfig)
    [Anonymous Symbol]                       0x0800102c   Section        0  stm32f1xx_hal_cortex.o(.text.HAL_SYSTICK_Config)
    [Anonymous Symbol]                       0x08001058   Section        0  stm32f1xx_hal_tim_ex.o(.text.HAL_TIMEx_BreakCallback)
    [Anonymous Symbol]                       0x0800105c   Section        0  stm32f1xx_hal_tim_ex.o(.text.HAL_TIMEx_CommutCallback)
    [Anonymous Symbol]                       0x08001060   Section        0  stm32f1xx_hal_tim_ex.o(.text.HAL_TIMEx_MasterConfigSynchronization)
    [Anonymous Symbol]                       0x080010f4   Section        0  stm32f1xx_hal_tim.o(.text.HAL_TIM_Base_Init)
    [Anonymous Symbol]                       0x0800121c   Section        0  stm32f1xx_hal_msp.o(.text.HAL_TIM_Base_MspInit)
    [Anonymous Symbol]                       0x08001298   Section        0  stm32f1xx_hal_tim.o(.text.HAL_TIM_Base_Start_IT)
    [Anonymous Symbol]                       0x08001320   Section        0  stm32f1xx_hal_tim.o(.text.HAL_TIM_ConfigClockSource)
    [Anonymous Symbol]                       0x080014b4   Section        0  stm32f1xx_hal_tim.o(.text.HAL_TIM_IC_CaptureCallback)
    [Anonymous Symbol]                       0x080014b8   Section        0  stm32f1xx_hal_tim.o(.text.HAL_TIM_IRQHandler)
    [Anonymous Symbol]                       0x08001628   Section        0  stm32f1xx_hal_msp.o(.text.HAL_TIM_MspPostInit)
    [Anonymous Symbol]                       0x080016b8   Section        0  stm32f1xx_hal_tim.o(.text.HAL_TIM_OC_DelayElapsedCallback)
    [Anonymous Symbol]                       0x080016bc   Section        0  stm32f1xx_hal_tim.o(.text.HAL_TIM_PWM_ConfigChannel)
    [Anonymous Symbol]                       0x08001910   Section        0  stm32f1xx_hal_tim.o(.text.HAL_TIM_PWM_Init)
    [Anonymous Symbol]                       0x08001a38   Section        0  stm32f1xx_hal_msp.o(.text.HAL_TIM_PWM_MspInit)
    [Anonymous Symbol]                       0x08001a6c   Section        0  stm32f1xx_hal_tim.o(.text.HAL_TIM_PWM_PulseFinishedCallback)
    [Anonymous Symbol]                       0x08001a70   Section        0  stm32f1xx_hal_tim.o(.text.HAL_TIM_PWM_Start)
    [Anonymous Symbol]                       0x08001b54   Section        0  main.o(.text.HAL_TIM_PeriodElapsedCallback)
    [Anonymous Symbol]                       0x08001b74   Section        0  stm32f1xx_hal_tim.o(.text.HAL_TIM_TriggerCallback)
    [Anonymous Symbol]                       0x08001b78   Section        0  stm32f1xx_hal_uart.o(.text.HAL_UARTEx_RxEventCallback)
    [Anonymous Symbol]                       0x08001b7c   Section        0  stm32f1xx_hal_uart.o(.text.HAL_UART_ErrorCallback)
    [Anonymous Symbol]                       0x08001b80   Section        0  stm32f1xx_hal_uart.o(.text.HAL_UART_IRQHandler)
    [Anonymous Symbol]                       0x08001df0   Section        0  stm32f1xx_hal_uart.o(.text.HAL_UART_Init)
    [Anonymous Symbol]                       0x08001ed0   Section        0  stm32f1xx_hal_msp.o(.text.HAL_UART_MspInit)
    [Anonymous Symbol]                       0x0800203c   Section        0  stm32f1xx_hal_uart.o(.text.HAL_UART_Receive_IT)
    [Anonymous Symbol]                       0x08002094   Section        0  main.o(.text.HAL_UART_RxCpltCallback)
    [Anonymous Symbol]                       0x080020a4   Section        0  stm32f1xx_hal_uart.o(.text.HAL_UART_Transmit)
    [Anonymous Symbol]                       0x08002248   Section        0  stm32f1xx_hal_uart.o(.text.HAL_UART_TxCpltCallback)
    [Anonymous Symbol]                       0x0800224c   Section        0  stm32f1xx_it.o(.text.HardFault_Handler)
    [Anonymous Symbol]                       0x08002250   Section        0  stm32f1xx_it.o(.text.MemManage_Handler)
    [Anonymous Symbol]                       0x08002254   Section        0  stm32f1xx_it.o(.text.NMI_Handler)
    [Anonymous Symbol]                       0x0800225c   Section        0  stm32f1xx_it.o(.text.PendSV_Handler)
    [Anonymous Symbol]                       0x08002260   Section        0  stm32f1xx_it.o(.text.SVC_Handler)
    [Anonymous Symbol]                       0x08002264   Section        0  stm32f1xx_it.o(.text.SysTick_Handler)
    [Anonymous Symbol]                       0x08002268   Section        0  system_stm32f1xx.o(.text.SystemInit)
    [Anonymous Symbol]                       0x0800226c   Section        0  stm32f1xx_it.o(.text.TIM1_UP_IRQHandler)
    [Anonymous Symbol]                       0x08002278   Section        0  stm32f1xx_it.o(.text.TIM4_IRQHandler)
    [Anonymous Symbol]                       0x08002284   Section        0  stm32f1xx_it.o(.text.UART4_IRQHandler)
    [Anonymous Symbol]                       0x08002290   Section        0  stm32f1xx_it.o(.text.UART5_IRQHandler)
    UART_DMAAbortOnError                     0x0800229d   Thumb Code    12  stm32f1xx_hal_uart.o(.text.UART_DMAAbortOnError)
    [Anonymous Symbol]                       0x0800229c   Section        0  stm32f1xx_hal_uart.o(.text.UART_DMAAbortOnError)
    UART_Receive_IT                          0x080022a9   Thumb Code   182  stm32f1xx_hal_uart.o(.text.UART_Receive_IT)
    [Anonymous Symbol]                       0x080022a8   Section        0  stm32f1xx_hal_uart.o(.text.UART_Receive_IT)
    [Anonymous Symbol]                       0x08002360   Section        0  stm32f1xx_it.o(.text.USART1_IRQHandler)
    [Anonymous Symbol]                       0x0800236c   Section        0  stm32f1xx_it.o(.text.UsageFault_Handler)
    [Anonymous Symbol]                       0x08002370   Section        0  main.o(.text.main)
    x$fpl$d2f                                0x08002d44   Section       98  d2f.o(x$fpl$d2f)
    x$fpl$dadd                               0x08002da8   Section      336  daddsub_clz.o(x$fpl$dadd)
    _dadd1                                   0x08002db9   Thumb Code     0  daddsub_clz.o(x$fpl$dadd)
    x$fpl$ddiv                               0x08002ef8   Section      692  ddiv.o(x$fpl$ddiv)
    ddiv_entry                               0x08002eff   Thumb Code     0  ddiv.o(x$fpl$ddiv)
    x$fpl$dfix                               0x080031ac   Section       94  dfix.o(x$fpl$dfix)
    x$fpl$dflt                               0x0800320a   Section       46  dflt_clz.o(x$fpl$dflt)
    x$fpl$dmul                               0x08003238   Section      340  dmul.o(x$fpl$dmul)
    x$fpl$dnaninf                            0x0800338c   Section      156  dnaninf.o(x$fpl$dnaninf)
    x$fpl$dretinf                            0x08003428   Section       12  dretinf.o(x$fpl$dretinf)
    x$fpl$dsub                               0x08003434   Section      476  daddsub_clz.o(x$fpl$dsub)
    _dsub1                                   0x08003445   Thumb Code     0  daddsub_clz.o(x$fpl$dsub)
    x$fpl$f2d                                0x08003610   Section       86  f2d.o(x$fpl$f2d)
    x$fpl$fadd                               0x08003668   Section      196  faddsub_clz.o(x$fpl$fadd)
    _fadd1                                   0x08003677   Thumb Code     0  faddsub_clz.o(x$fpl$fadd)
    x$fpl$fcmp                               0x0800372c   Section       84  fcmp.o(x$fpl$fcmp)
    x$fpl$fcmpinf                            0x08003780   Section       24  fcmpi.o(x$fpl$fcmpinf)
    _fdiv1                                   0x08003799   Thumb Code     0  fdiv.o(x$fpl$fdiv)
    x$fpl$fdiv                               0x08003798   Section      388  fdiv.o(x$fpl$fdiv)
    x$fpl$feqf                               0x0800391c   Section      104  feqf.o(x$fpl$feqf)
    x$fpl$fgeqf                              0x08003984   Section      104  fgeqf.o(x$fpl$fgeqf)
    x$fpl$fleqf                              0x080039ec   Section      104  fleqf.o(x$fpl$fleqf)
    x$fpl$fmul                               0x08003a54   Section      258  fmul.o(x$fpl$fmul)
    x$fpl$fnaninf                            0x08003b56   Section      140  fnaninf.o(x$fpl$fnaninf)
    x$fpl$fretinf                            0x08003be2   Section       10  fretinf.o(x$fpl$fretinf)
    x$fpl$fsub                               0x08003bec   Section      234  faddsub_clz.o(x$fpl$fsub)
    _fsub1                                   0x08003bfb   Thumb Code     0  faddsub_clz.o(x$fpl$fsub)
    .L__const.HAL_RCC_GetSysClockFreq.aPredivFactorTable 0x08003cd6   Data           2  stm32f1xx_hal_rcc.o(.rodata..L__const.HAL_RCC_GetSysClockFreq.aPredivFactorTable)
    x$fpl$usenofp                            0x08003cd6   Section        0  usenofp.o(x$fpl$usenofp)
    .L__const.HAL_RCC_GetSysClockFreq.aPLLMULFactorTable 0x08003cf0   Data          16  stm32f1xx_hal_rcc.o(.rodata.cst16)
    .L_MergedGlobals                         0x20000000   Data           8  main.o(.data..L_MergedGlobals)
    [Anonymous Symbol]                       0x20000000   Section        0  main.o(.data..L_MergedGlobals)
    .L_MergedGlobals                         0x20000008   Data           8  stm32f1xx_hal.o(.data..L_MergedGlobals)
    [Anonymous Symbol]                       0x20000008   Section        0  stm32f1xx_hal.o(.data..L_MergedGlobals)
    .bss                                     0x20000018   Section       96  libspace.o(.bss)
    .L_MergedGlobals.1                       0x20000078   Data         124  main.o(.bss..L_MergedGlobals.1)
    [Anonymous Symbol]                       0x20000078   Section        0  main.o(.bss..L_MergedGlobals.1)
    Heap_Mem                                 0x200002b0   Data         512  startup_stm32f103xe.o(HEAP)
    HEAP                                     0x200002b0   Section      512  startup_stm32f103xe.o(HEAP)
    Stack_Mem                                0x200004b0   Data        1024  startup_stm32f103xe.o(STACK)
    STACK                                    0x200004b0   Section     1024  startup_stm32f103xe.o(STACK)
    __initial_sp                             0x200008b0   Data           0  startup_stm32f103xe.o(STACK)

    Global Symbols

    Symbol Name                              Value     Ov Type        Size  Object(Section)

    BuildAttributes$$THM_ISAv4$P$D$K$B$S$PE$A:L22UL41UL21$X:L11$S22US41US21$IEEE1$IW$~IW$USESV6$~STKCKD$USESV7$~SHL$OTIME$ROPI$IEEEX$EBA8$UX$STANDARDLIB$REQ8$PRES8$EABIv2 0x00000000   Number         0  anon$$obj.o ABSOLUTE
    __fp_init_empty                          0x00000000   Number         0  fpinit_empty.o ABSOLUTE
    __ARM_exceptions_init                     - Undefined Weak Reference
    __alloca_initialize                       - Undefined Weak Reference
    __arm_preinit_                            - Undefined Weak Reference
    __arm_relocate_pie_                       - Undefined Weak Reference
    __cpp_initialize__aeabi_                  - Undefined Weak Reference
    __cxa_finalize                            - Undefined Weak Reference
    __rt_locale                               - Undefined Weak Reference
    __sigvec_lookup                           - Undefined Weak Reference
    _atexit_init                              - Undefined Weak Reference
    _call_atexit_fns                          - Undefined Weak Reference
    _clock_init                               - Undefined Weak Reference
    _fp_trap_init                             - Undefined Weak Reference
    _fp_trap_shutdown                         - Undefined Weak Reference
    _get_lc_collate                           - Undefined Weak Reference
    _get_lc_ctype                             - Undefined Weak Reference
    _get_lc_monetary                          - Undefined Weak Reference
    _get_lc_numeric                           - Undefined Weak Reference
    _get_lc_time                              - Undefined Weak Reference
    _getenv_init                              - Undefined Weak Reference
    _handle_redirection                       - Undefined Weak Reference
    _init_alloc                               - Undefined Weak Reference
    _init_user_alloc                          - Undefined Weak Reference
    _initio                                   - Undefined Weak Reference
    _rand_init                                - Undefined Weak Reference
    _signal_finish                            - Undefined Weak Reference
    _signal_init                              - Undefined Weak Reference
    _terminate_alloc                          - Undefined Weak Reference
    _terminate_user_alloc                     - Undefined Weak Reference
    _terminateio                              - Undefined Weak Reference
    __Vectors_Size                           0x00000130   Number         0  startup_stm32f103xe.o ABSOLUTE
    __Vectors                                0x08000000   Data           4  startup_stm32f103xe.o(RESET)
    __Vectors_End                            0x08000130   Data           0  startup_stm32f103xe.o(RESET)
    __main                                   0x08000131   Thumb Code     8  __main.o(!!!main)
    __scatterload                            0x08000139   Thumb Code     0  __scatter.o(!!!scatter)
    __scatterload_rt2                        0x08000139   Thumb Code    44  __scatter.o(!!!scatter)
    __scatterload_rt2_thumb_only             0x08000139   Thumb Code     0  __scatter.o(!!!scatter)
    __scatterload_null                       0x08000147   Thumb Code     0  __scatter.o(!!!scatter)
    __scatterload_copy                       0x0800016d   Thumb Code    26  __scatter_copy.o(!!handler_copy)
    __scatterload_zeroinit                   0x08000189   Thumb Code    28  __scatter_zi.o(!!handler_zi)
    __rt_lib_init                            0x080001a5   Thumb Code     0  libinit.o(.ARM.Collect$$libinit$$00000000)
    __rt_lib_init_alloca_1                   0x080001a7   Thumb Code     0  libinit2.o(.ARM.Collect$$libinit$$00000030)
    __rt_lib_init_argv_1                     0x080001a7   Thumb Code     0  libinit2.o(.ARM.Collect$$libinit$$0000002E)
    __rt_lib_init_atexit_1                   0x080001a7   Thumb Code     0  libinit2.o(.ARM.Collect$$libinit$$0000001D)
    __rt_lib_init_clock_1                    0x080001a7   Thumb Code     0  libinit2.o(.ARM.Collect$$libinit$$00000023)
    __rt_lib_init_cpp_1                      0x080001a7   Thumb Code     0  libinit2.o(.ARM.Collect$$libinit$$00000034)
    __rt_lib_init_exceptions_1               0x080001a7   Thumb Code     0  libinit2.o(.ARM.Collect$$libinit$$00000032)
    __rt_lib_init_fp_1                       0x080001a7   Thumb Code     0  libinit2.o(.ARM.Collect$$libinit$$00000002)
    __rt_lib_init_fp_trap_1                  0x080001a7   Thumb Code     0  libinit2.o(.ARM.Collect$$libinit$$00000021)
    __rt_lib_init_getenv_1                   0x080001a7   Thumb Code     0  libinit2.o(.ARM.Collect$$libinit$$00000025)
    __rt_lib_init_heap_1                     0x080001a7   Thumb Code     0  libinit2.o(.ARM.Collect$$libinit$$0000000C)
    __rt_lib_init_lc_collate_1               0x080001a7   Thumb Code     0  libinit2.o(.ARM.Collect$$libinit$$00000013)
    __rt_lib_init_lc_ctype_1                 0x080001a7   Thumb Code     0  libinit2.o(.ARM.Collect$$libinit$$00000015)
    __rt_lib_init_lc_monetary_1              0x080001a7   Thumb Code     0  libinit2.o(.ARM.Collect$$libinit$$00000017)
    __rt_lib_init_lc_numeric_1               0x080001a7   Thumb Code     0  libinit2.o(.ARM.Collect$$libinit$$00000019)
    __rt_lib_init_lc_time_1                  0x080001a7   Thumb Code     0  libinit2.o(.ARM.Collect$$libinit$$0000001B)
    __rt_lib_init_preinit_1                  0x080001a7   Thumb Code     0  libinit2.o(.ARM.Collect$$libinit$$00000006)
    __rt_lib_init_rand_1                     0x080001a7   Thumb Code     0  libinit2.o(.ARM.Collect$$libinit$$00000010)
    __rt_lib_init_relocate_pie_1             0x080001a7   Thumb Code     0  libinit2.o(.ARM.Collect$$libinit$$00000004)
    __rt_lib_init_return                     0x080001a7   Thumb Code     0  libinit2.o(.ARM.Collect$$libinit$$00000035)
    __rt_lib_init_signal_1                   0x080001a7   Thumb Code     0  libinit2.o(.ARM.Collect$$libinit$$0000001F)
    __rt_lib_init_stdio_1                    0x080001a7   Thumb Code     0  libinit2.o(.ARM.Collect$$libinit$$00000027)
    __rt_lib_init_user_alloc_1               0x080001a7   Thumb Code     0  libinit2.o(.ARM.Collect$$libinit$$0000000E)
    __rt_lib_shutdown                        0x080001a9   Thumb Code     0  libshutdown.o(.ARM.Collect$$libshutdown$$00000000)
    __rt_lib_shutdown_cpp_1                  0x080001ab   Thumb Code     0  libshutdown2.o(.ARM.Collect$$libshutdown$$00000002)
    __rt_lib_shutdown_fp_trap_1              0x080001ab   Thumb Code     0  libshutdown2.o(.ARM.Collect$$libshutdown$$00000007)
    __rt_lib_shutdown_heap_1                 0x080001ab   Thumb Code     0  libshutdown2.o(.ARM.Collect$$libshutdown$$0000000F)
    __rt_lib_shutdown_return                 0x080001ab   Thumb Code     0  libshutdown2.o(.ARM.Collect$$libshutdown$$00000010)
    __rt_lib_shutdown_signal_1               0x080001ab   Thumb Code     0  libshutdown2.o(.ARM.Collect$$libshutdown$$0000000A)
    __rt_lib_shutdown_stdio_1                0x080001ab   Thumb Code     0  libshutdown2.o(.ARM.Collect$$libshutdown$$00000004)
    __rt_lib_shutdown_user_alloc_1           0x080001ab   Thumb Code     0  libshutdown2.o(.ARM.Collect$$libshutdown$$0000000C)
    __rt_entry                               0x080001ad   Thumb Code     0  __rtentry.o(.ARM.Collect$$rtentry$$00000000)
    __rt_entry_presh_1                       0x080001ad   Thumb Code     0  __rtentry2.o(.ARM.Collect$$rtentry$$00000002)
    __rt_entry_sh                            0x080001ad   Thumb Code     0  __rtentry4.o(.ARM.Collect$$rtentry$$00000004)
    __rt_entry_li                            0x080001b3   Thumb Code     0  __rtentry2.o(.ARM.Collect$$rtentry$$0000000A)
    __rt_entry_postsh_1                      0x080001b3   Thumb Code     0  __rtentry2.o(.ARM.Collect$$rtentry$$00000009)
    __rt_entry_main                          0x080001b7   Thumb Code     0  __rtentry2.o(.ARM.Collect$$rtentry$$0000000D)
    __rt_entry_postli_1                      0x080001b7   Thumb Code     0  __rtentry2.o(.ARM.Collect$$rtentry$$0000000C)
    __rt_exit                                0x080001bf   Thumb Code     0  rtexit.o(.ARM.Collect$$rtexit$$00000000)
    __rt_exit_ls                             0x080001c1   Thumb Code     0  rtexit2.o(.ARM.Collect$$rtexit$$00000003)
    __rt_exit_prels_1                        0x080001c1   Thumb Code     0  rtexit2.o(.ARM.Collect$$rtexit$$00000002)
    __rt_exit_exit                           0x080001c5   Thumb Code     0  rtexit2.o(.ARM.Collect$$rtexit$$00000004)
    Reset_Handler                            0x080001cd   Thumb Code     8  startup_stm32f103xe.o(.text)
    ADC1_2_IRQHandler                        0x080001e7   Thumb Code     0  startup_stm32f103xe.o(.text)
    ADC3_IRQHandler                          0x080001e7   Thumb Code     0  startup_stm32f103xe.o(.text)
    CAN1_RX1_IRQHandler                      0x080001e7   Thumb Code     0  startup_stm32f103xe.o(.text)
    CAN1_SCE_IRQHandler                      0x080001e7   Thumb Code     0  startup_stm32f103xe.o(.text)
    DMA1_Channel1_IRQHandler                 0x080001e7   Thumb Code     0  startup_stm32f103xe.o(.text)
    DMA1_Channel2_IRQHandler                 0x080001e7   Thumb Code     0  startup_stm32f103xe.o(.text)
    DMA1_Channel3_IRQHandler                 0x080001e7   Thumb Code     0  startup_stm32f103xe.o(.text)
    DMA1_Channel4_IRQHandler                 0x080001e7   Thumb Code     0  startup_stm32f103xe.o(.text)
    DMA1_Channel5_IRQHandler                 0x080001e7   Thumb Code     0  startup_stm32f103xe.o(.text)
    DMA1_Channel6_IRQHandler                 0x080001e7   Thumb Code     0  startup_stm32f103xe.o(.text)
    DMA1_Channel7_IRQHandler                 0x080001e7   Thumb Code     0  startup_stm32f103xe.o(.text)
    DMA2_Channel1_IRQHandler                 0x080001e7   Thumb Code     0  startup_stm32f103xe.o(.text)
    DMA2_Channel2_IRQHandler                 0x080001e7   Thumb Code     0  startup_stm32f103xe.o(.text)
    DMA2_Channel3_IRQHandler                 0x080001e7   Thumb Code     0  startup_stm32f103xe.o(.text)
    DMA2_Channel4_5_IRQHandler               0x080001e7   Thumb Code     0  startup_stm32f103xe.o(.text)
    EXTI0_IRQHandler                         0x080001e7   Thumb Code     0  startup_stm32f103xe.o(.text)
    EXTI15_10_IRQHandler                     0x080001e7   Thumb Code     0  startup_stm32f103xe.o(.text)
    EXTI2_IRQHandler                         0x080001e7   Thumb Code     0  startup_stm32f103xe.o(.text)
    EXTI3_IRQHandler                         0x080001e7   Thumb Code     0  startup_stm32f103xe.o(.text)
    EXTI4_IRQHandler                         0x080001e7   Thumb Code     0  startup_stm32f103xe.o(.text)
    FLASH_IRQHandler                         0x080001e7   Thumb Code     0  startup_stm32f103xe.o(.text)
    FSMC_IRQHandler                          0x080001e7   Thumb Code     0  startup_stm32f103xe.o(.text)
    I2C1_ER_IRQHandler                       0x080001e7   Thumb Code     0  startup_stm32f103xe.o(.text)
    I2C1_EV_IRQHandler                       0x080001e7   Thumb Code     0  startup_stm32f103xe.o(.text)
    I2C2_ER_IRQHandler                       0x080001e7   Thumb Code     0  startup_stm32f103xe.o(.text)
    I2C2_EV_IRQHandler                       0x080001e7   Thumb Code     0  startup_stm32f103xe.o(.text)
    PVD_IRQHandler                           0x080001e7   Thumb Code     0  startup_stm32f103xe.o(.text)
    RCC_IRQHandler                           0x080001e7   Thumb Code     0  startup_stm32f103xe.o(.text)
    RTC_Alarm_IRQHandler                     0x080001e7   Thumb Code     0  startup_stm32f103xe.o(.text)
    RTC_IRQHandler                           0x080001e7   Thumb Code     0  startup_stm32f103xe.o(.text)
    SDIO_IRQHandler                          0x080001e7   Thumb Code     0  startup_stm32f103xe.o(.text)
    SPI1_IRQHandler                          0x080001e7   Thumb Code     0  startup_stm32f103xe.o(.text)
    SPI2_IRQHandler                          0x080001e7   Thumb Code     0  startup_stm32f103xe.o(.text)
    SPI3_IRQHandler                          0x080001e7   Thumb Code     0  startup_stm32f103xe.o(.text)
    TAMPER_IRQHandler                        0x080001e7   Thumb Code     0  startup_stm32f103xe.o(.text)
    TIM1_BRK_IRQHandler                      0x080001e7   Thumb Code     0  startup_stm32f103xe.o(.text)
    TIM1_CC_IRQHandler                       0x080001e7   Thumb Code     0  startup_stm32f103xe.o(.text)
    TIM1_TRG_COM_IRQHandler                  0x080001e7   Thumb Code     0  startup_stm32f103xe.o(.text)
    TIM2_IRQHandler                          0x080001e7   Thumb Code     0  startup_stm32f103xe.o(.text)
    TIM3_IRQHandler                          0x080001e7   Thumb Code     0  startup_stm32f103xe.o(.text)
    TIM5_IRQHandler                          0x080001e7   Thumb Code     0  startup_stm32f103xe.o(.text)
    TIM6_IRQHandler                          0x080001e7   Thumb Code     0  startup_stm32f103xe.o(.text)
    TIM7_IRQHandler                          0x080001e7   Thumb Code     0  startup_stm32f103xe.o(.text)
    TIM8_BRK_IRQHandler                      0x080001e7   Thumb Code     0  startup_stm32f103xe.o(.text)
    TIM8_CC_IRQHandler                       0x080001e7   Thumb Code     0  startup_stm32f103xe.o(.text)
    TIM8_TRG_COM_IRQHandler                  0x080001e7   Thumb Code     0  startup_stm32f103xe.o(.text)
    TIM8_UP_IRQHandler                       0x080001e7   Thumb Code     0  startup_stm32f103xe.o(.text)
    USART2_IRQHandler                        0x080001e7   Thumb Code     0  startup_stm32f103xe.o(.text)
    USART3_IRQHandler                        0x080001e7   Thumb Code     0  startup_stm32f103xe.o(.text)
    USBWakeUp_IRQHandler                     0x080001e7   Thumb Code     0  startup_stm32f103xe.o(.text)
    USB_HP_CAN1_TX_IRQHandler                0x080001e7   Thumb Code     0  startup_stm32f103xe.o(.text)
    USB_LP_CAN1_RX0_IRQHandler               0x080001e7   Thumb Code     0  startup_stm32f103xe.o(.text)
    WWDG_IRQHandler                          0x080001e7   Thumb Code     0  startup_stm32f103xe.o(.text)
    __user_initial_stackheap                 0x080001e9   Thumb Code     0  startup_stm32f103xe.o(.text)
    __use_two_region_memory                  0x0800020d   Thumb Code     2  heapauxi.o(.text)
    __rt_heap_escrow$2region                 0x0800020f   Thumb Code     2  heapauxi.o(.text)
    __rt_heap_expand$2region                 0x08000211   Thumb Code     2  heapauxi.o(.text)
    __user_libspace                          0x08000215   Thumb Code     8  libspace.o(.text)
    __user_perproc_libspace                  0x08000215   Thumb Code     0  libspace.o(.text)
    __user_perthread_libspace                0x08000215   Thumb Code     0  libspace.o(.text)
    __user_setup_stackheap                   0x0800021d   Thumb Code    74  sys_stackheap_outer.o(.text)
    exit                                     0x08000267   Thumb Code    18  exit.o(.text)
    _sys_exit                                0x08000279   Thumb Code     8  sys_exit.o(.text)
    __I$use$semihosting                      0x08000285   Thumb Code     0  use_no_semi.o(.text)
    __use_no_semihosting_swi                 0x08000285   Thumb Code     2  use_no_semi.o(.text)
    __semihosting_library_function           0x08000287   Thumb Code     0  indicate_semi.o(.text)
    BusFault_Handler                         0x08000289   Thumb Code     2  stm32f1xx_it.o(.text.BusFault_Handler)
    DebugMon_Handler                         0x0800028d   Thumb Code     2  stm32f1xx_it.o(.text.DebugMon_Handler)
    EXTI1_IRQHandler                         0x08000291   Thumb Code     6  stm32f1xx_it.o(.text.EXTI1_IRQHandler)
    EXTI9_5_IRQHandler                       0x08000299   Thumb Code     6  stm32f1xx_it.o(.text.EXTI9_5_IRQHandler)
    HAL_DMA_Abort                            0x080002a1   Thumb Code    70  stm32f1xx_hal_dma.o(.text.HAL_DMA_Abort)
    HAL_DMA_Abort_IT                         0x080002e9   Thumb Code   294  stm32f1xx_hal_dma.o(.text.HAL_DMA_Abort_IT)
    HAL_GPIO_EXTI_Callback                   0x08000411   Thumb Code   150  main.o(.text.HAL_GPIO_EXTI_Callback)
    HAL_GPIO_EXTI_IRQHandler                 0x080004a9   Thumb Code    22  stm32f1xx_hal_gpio.o(.text.HAL_GPIO_EXTI_IRQHandler)
    HAL_GPIO_Init                            0x080004c1   Thumb Code   506  stm32f1xx_hal_gpio.o(.text.HAL_GPIO_Init)
    HAL_GPIO_ReadPin                         0x080006bd   Thumb Code    10  stm32f1xx_hal_gpio.o(.text.HAL_GPIO_ReadPin)
    HAL_GPIO_WritePin                        0x080006c9   Thumb Code    10  stm32f1xx_hal_gpio.o(.text.HAL_GPIO_WritePin)
    HAL_GetTick                              0x080006d5   Thumb Code    12  stm32f1xx_hal.o(.text.HAL_GetTick)
    HAL_I2C_Init                             0x080006e1   Thumb Code   374  stm32f1xx_hal_i2c.o(.text.HAL_I2C_Init)
    HAL_I2C_MspInit                          0x08000859   Thumb Code   100  stm32f1xx_hal_msp.o(.text.HAL_I2C_MspInit)
    HAL_IncTick                              0x080008bd   Thumb Code    26  stm32f1xx_hal.o(.text.HAL_IncTick)
    HAL_Init                                 0x080008d9   Thumb Code    38  stm32f1xx_hal.o(.text.HAL_Init)
    HAL_InitTick                             0x08000901   Thumb Code    72  stm32f1xx_hal.o(.text.HAL_InitTick)
    HAL_MspInit                              0x08000949   Thumb Code    66  stm32f1xx_hal_msp.o(.text.HAL_MspInit)
    HAL_NVIC_EnableIRQ                       0x0800098d   Thumb Code    38  stm32f1xx_hal_cortex.o(.text.HAL_NVIC_EnableIRQ)
    HAL_NVIC_SetPriority                     0x080009b5   Thumb Code    86  stm32f1xx_hal_cortex.o(.text.HAL_NVIC_SetPriority)
    HAL_NVIC_SetPriorityGrouping             0x08000a0d   Thumb Code    32  stm32f1xx_hal_cortex.o(.text.HAL_NVIC_SetPriorityGrouping)
    HAL_RCC_CSSCallback                      0x08000a2d   Thumb Code     2  stm32f1xx_hal_rcc.o(.text.HAL_RCC_CSSCallback)
    HAL_RCC_ClockConfig                      0x08000a31   Thumb Code   462  stm32f1xx_hal_rcc.o(.text.HAL_RCC_ClockConfig)
    HAL_RCC_EnableCSS                        0x08000c01   Thumb Code    12  stm32f1xx_hal_rcc.o(.text.HAL_RCC_EnableCSS)
    HAL_RCC_GetPCLK1Freq                     0x08000c0d   Thumb Code    38  stm32f1xx_hal_rcc.o(.text.HAL_RCC_GetPCLK1Freq)
    HAL_RCC_GetPCLK2Freq                     0x08000c35   Thumb Code    38  stm32f1xx_hal_rcc.o(.text.HAL_RCC_GetPCLK2Freq)
    HAL_RCC_NMI_IRQHandler                   0x08000c5d   Thumb Code    28  stm32f1xx_hal_rcc.o(.text.HAL_RCC_NMI_IRQHandler)
    HAL_RCC_OscConfig                        0x08000c79   Thumb Code   948  stm32f1xx_hal_rcc.o(.text.HAL_RCC_OscConfig)
    HAL_SYSTICK_Config                       0x0800102d   Thumb Code    44  stm32f1xx_hal_cortex.o(.text.HAL_SYSTICK_Config)
    HAL_TIMEx_BreakCallback                  0x08001059   Thumb Code     2  stm32f1xx_hal_tim_ex.o(.text.HAL_TIMEx_BreakCallback)
    HAL_TIMEx_CommutCallback                 0x0800105d   Thumb Code     2  stm32f1xx_hal_tim_ex.o(.text.HAL_TIMEx_CommutCallback)
    HAL_TIMEx_MasterConfigSynchronization    0x08001061   Thumb Code   146  stm32f1xx_hal_tim_ex.o(.text.HAL_TIMEx_MasterConfigSynchronization)
    HAL_TIM_Base_Init                        0x080010f5   Thumb Code   294  stm32f1xx_hal_tim.o(.text.HAL_TIM_Base_Init)
    HAL_TIM_Base_MspInit                     0x0800121d   Thumb Code   124  stm32f1xx_hal_msp.o(.text.HAL_TIM_Base_MspInit)
    HAL_TIM_Base_Start_IT                    0x08001299   Thumb Code   134  stm32f1xx_hal_tim.o(.text.HAL_TIM_Base_Start_IT)
    HAL_TIM_ConfigClockSource                0x08001321   Thumb Code   402  stm32f1xx_hal_tim.o(.text.HAL_TIM_ConfigClockSource)
    HAL_TIM_IC_CaptureCallback               0x080014b5   Thumb Code     2  stm32f1xx_hal_tim.o(.text.HAL_TIM_IC_CaptureCallback)
    HAL_TIM_IRQHandler                       0x080014b9   Thumb Code   368  stm32f1xx_hal_tim.o(.text.HAL_TIM_IRQHandler)
    HAL_TIM_MspPostInit                      0x08001629   Thumb Code   142  stm32f1xx_hal_msp.o(.text.HAL_TIM_MspPostInit)
    HAL_TIM_OC_DelayElapsedCallback          0x080016b9   Thumb Code     2  stm32f1xx_hal_tim.o(.text.HAL_TIM_OC_DelayElapsedCallback)
    HAL_TIM_PWM_ConfigChannel                0x080016bd   Thumb Code   594  stm32f1xx_hal_tim.o(.text.HAL_TIM_PWM_ConfigChannel)
    HAL_TIM_PWM_Init                         0x08001911   Thumb Code   294  stm32f1xx_hal_tim.o(.text.HAL_TIM_PWM_Init)
    HAL_TIM_PWM_MspInit                      0x08001a39   Thumb Code    50  stm32f1xx_hal_msp.o(.text.HAL_TIM_PWM_MspInit)
    HAL_TIM_PWM_PulseFinishedCallback        0x08001a6d   Thumb Code     2  stm32f1xx_hal_tim.o(.text.HAL_TIM_PWM_PulseFinishedCallback)
    HAL_TIM_PWM_Start                        0x08001a71   Thumb Code   226  stm32f1xx_hal_tim.o(.text.HAL_TIM_PWM_Start)
    HAL_TIM_PeriodElapsedCallback            0x08001b55   Thumb Code    30  main.o(.text.HAL_TIM_PeriodElapsedCallback)
    HAL_TIM_TriggerCallback                  0x08001b75   Thumb Code     2  stm32f1xx_hal_tim.o(.text.HAL_TIM_TriggerCallback)
    HAL_UARTEx_RxEventCallback               0x08001b79   Thumb Code     2  stm32f1xx_hal_uart.o(.text.HAL_UARTEx_RxEventCallback)
    HAL_UART_ErrorCallback                   0x08001b7d   Thumb Code     2  stm32f1xx_hal_uart.o(.text.HAL_UART_ErrorCallback)
    HAL_UART_IRQHandler                      0x08001b81   Thumb Code   624  stm32f1xx_hal_uart.o(.text.HAL_UART_IRQHandler)
    HAL_UART_Init                            0x08001df1   Thumb Code   224  stm32f1xx_hal_uart.o(.text.HAL_UART_Init)
    HAL_UART_MspInit                         0x08001ed1   Thumb Code   364  stm32f1xx_hal_msp.o(.text.HAL_UART_MspInit)
    HAL_UART_Receive_IT                      0x0800203d   Thumb Code    86  stm32f1xx_hal_uart.o(.text.HAL_UART_Receive_IT)
    HAL_UART_RxCpltCallback                  0x08002095   Thumb Code    14  main.o(.text.HAL_UART_RxCpltCallback)
    HAL_UART_Transmit                        0x080020a5   Thumb Code   420  stm32f1xx_hal_uart.o(.text.HAL_UART_Transmit)
    HAL_UART_TxCpltCallback                  0x08002249   Thumb Code     2  stm32f1xx_hal_uart.o(.text.HAL_UART_TxCpltCallback)
    HardFault_Handler                        0x0800224d   Thumb Code     2  stm32f1xx_it.o(.text.HardFault_Handler)
    MemManage_Handler                        0x08002251   Thumb Code     2  stm32f1xx_it.o(.text.MemManage_Handler)
    NMI_Handler                              0x08002255   Thumb Code     6  stm32f1xx_it.o(.text.NMI_Handler)
    PendSV_Handler                           0x0800225d   Thumb Code     2  stm32f1xx_it.o(.text.PendSV_Handler)
    SVC_Handler                              0x08002261   Thumb Code     2  stm32f1xx_it.o(.text.SVC_Handler)
    SysTick_Handler                          0x08002265   Thumb Code     4  stm32f1xx_it.o(.text.SysTick_Handler)
    SystemInit                               0x08002269   Thumb Code     2  system_stm32f1xx.o(.text.SystemInit)
    TIM1_UP_IRQHandler                       0x0800226d   Thumb Code    12  stm32f1xx_it.o(.text.TIM1_UP_IRQHandler)
    TIM4_IRQHandler                          0x08002279   Thumb Code    12  stm32f1xx_it.o(.text.TIM4_IRQHandler)
    UART4_IRQHandler                         0x08002285   Thumb Code    12  stm32f1xx_it.o(.text.UART4_IRQHandler)
    UART5_IRQHandler                         0x08002291   Thumb Code    12  stm32f1xx_it.o(.text.UART5_IRQHandler)
    USART1_IRQHandler                        0x08002361   Thumb Code    12  stm32f1xx_it.o(.text.USART1_IRQHandler)
    UsageFault_Handler                       0x0800236d   Thumb Code     2  stm32f1xx_it.o(.text.UsageFault_Handler)
    main                                     0x08002371   Thumb Code  2516  main.o(.text.main)
    __aeabi_d2f                              0x08002d45   Thumb Code     0  d2f.o(x$fpl$d2f)
    _d2f                                     0x08002d45   Thumb Code    98  d2f.o(x$fpl$d2f)
    __aeabi_dadd                             0x08002da9   Thumb Code     0  daddsub_clz.o(x$fpl$dadd)
    _dadd                                    0x08002da9   Thumb Code   332  daddsub_clz.o(x$fpl$dadd)
    __aeabi_ddiv                             0x08002ef9   Thumb Code     0  ddiv.o(x$fpl$ddiv)
    _ddiv                                    0x08002ef9   Thumb Code   556  ddiv.o(x$fpl$ddiv)
    __aeabi_d2iz                             0x080031ad   Thumb Code     0  dfix.o(x$fpl$dfix)
    _dfix                                    0x080031ad   Thumb Code    94  dfix.o(x$fpl$dfix)
    __aeabi_i2d                              0x0800320b   Thumb Code     0  dflt_clz.o(x$fpl$dflt)
    _dflt                                    0x0800320b   Thumb Code    46  dflt_clz.o(x$fpl$dflt)
    __aeabi_dmul                             0x08003239   Thumb Code     0  dmul.o(x$fpl$dmul)
    _dmul                                    0x08003239   Thumb Code   332  dmul.o(x$fpl$dmul)
    __fpl_dnaninf                            0x0800338d   Thumb Code   156  dnaninf.o(x$fpl$dnaninf)
    __fpl_dretinf                            0x08003429   Thumb Code    12  dretinf.o(x$fpl$dretinf)
    __aeabi_dsub                             0x08003435   Thumb Code     0  daddsub_clz.o(x$fpl$dsub)
    _dsub                                    0x08003435   Thumb Code   472  daddsub_clz.o(x$fpl$dsub)
    __aeabi_f2d                              0x08003611   Thumb Code     0  f2d.o(x$fpl$f2d)
    _f2d                                     0x08003611   Thumb Code    86  f2d.o(x$fpl$f2d)
    __aeabi_fadd                             0x08003669   Thumb Code     0  faddsub_clz.o(x$fpl$fadd)
    _fadd                                    0x08003669   Thumb Code   196  faddsub_clz.o(x$fpl$fadd)
    __aeabi_fcmpeq                           0x0800372d   Thumb Code     0  fcmp.o(x$fpl$fcmp)
    _feq                                     0x0800372d   Thumb Code    14  fcmp.o(x$fpl$fcmp)
    _fneq                                    0x0800373b   Thumb Code    14  fcmp.o(x$fpl$fcmp)
    __aeabi_fcmpgt                           0x08003749   Thumb Code     0  fcmp.o(x$fpl$fcmp)
    _fgr                                     0x08003749   Thumb Code    14  fcmp.o(x$fpl$fcmp)
    __aeabi_fcmpge                           0x08003757   Thumb Code     0  fcmp.o(x$fpl$fcmp)
    _fgeq                                    0x08003757   Thumb Code    14  fcmp.o(x$fpl$fcmp)
    __aeabi_fcmple                           0x08003765   Thumb Code     0  fcmp.o(x$fpl$fcmp)
    _fleq                                    0x08003765   Thumb Code    14  fcmp.o(x$fpl$fcmp)
    __aeabi_fcmplt                           0x08003773   Thumb Code     0  fcmp.o(x$fpl$fcmp)
    _fls                                     0x08003773   Thumb Code    14  fcmp.o(x$fpl$fcmp)
    __fpl_fcmp_Inf                           0x08003781   Thumb Code    24  fcmpi.o(x$fpl$fcmpinf)
    __aeabi_fdiv                             0x08003799   Thumb Code     0  fdiv.o(x$fpl$fdiv)
    _fdiv                                    0x08003799   Thumb Code   384  fdiv.o(x$fpl$fdiv)
    __aeabi_cfcmpeq                          0x0800391d   Thumb Code     0  feqf.o(x$fpl$feqf)
    _fcmpeq                                  0x0800391d   Thumb Code   104  feqf.o(x$fpl$feqf)
    _fcmpge                                  0x08003985   Thumb Code   104  fgeqf.o(x$fpl$fgeqf)
    __aeabi_cfcmple                          0x080039ed   Thumb Code     0  fleqf.o(x$fpl$fleqf)
    _fcmple                                  0x080039ed   Thumb Code   104  fleqf.o(x$fpl$fleqf)
    __fpl_fcmple_InfNaN                      0x08003a3f   Thumb Code     0  fleqf.o(x$fpl$fleqf)
    __aeabi_fmul                             0x08003a55   Thumb Code     0  fmul.o(x$fpl$fmul)
    _fmul                                    0x08003a55   Thumb Code   258  fmul.o(x$fpl$fmul)
    __fpl_fnaninf                            0x08003b57   Thumb Code   140  fnaninf.o(x$fpl$fnaninf)
    __fpl_fretinf                            0x08003be3   Thumb Code    10  fretinf.o(x$fpl$fretinf)
    __aeabi_fsub                             0x08003bed   Thumb Code     0  faddsub_clz.o(x$fpl$fsub)
    _fsub                                    0x08003bed   Thumb Code   234  faddsub_clz.o(x$fpl$fsub)
    __I$use$fp                               0x08003cd6   Number         0  usenofp.o(x$fpl$usenofp)
    AHBPrescTable                            0x08003cd8   Data          16  system_stm32f1xx.o(.rodata.AHBPrescTable)
    APBPrescTable                            0x08003ce8   Data           8  system_stm32f1xx.o(.rodata.APBPrescTable)
    Region$$Table$$Base                      0x08003d00   Number         0  anon$$obj.o(Region$$Table)
    Region$$Table$$Limit                     0x08003d20   Number         0  anon$$obj.o(Region$$Table)
    width                                    0x20000000   Data           4  main.o(.data..L_MergedGlobals)
    r                                        0x20000004   Data           4  main.o(.data..L_MergedGlobals)
    uwTickFreq                               0x20000008   Data           1  stm32f1xx_hal.o(.data..L_MergedGlobals)
    uwTickPrio                               0x2000000c   Data           4  stm32f1xx_hal.o(.data..L_MergedGlobals)
    SystemCoreClock                          0x20000010   Data           4  system_stm32f1xx.o(.data.SystemCoreClock)
    __libspace_start                         0x20000018   Data          96  libspace.o(.bss)
    __temporary_stack_top$libspace           0x20000078   Data           0  libspace.o(.bss)
    speedFlag                                0x20000078   Data           1  main.o(.bss..L_MergedGlobals.1)
    locFlag                                  0x20000079   Data           1  main.o(.bss..L_MergedGlobals.1)
    forwardR                                 0x2000007a   Data           1  main.o(.bss..L_MergedGlobals.1)
    forwardL                                 0x2000007b   Data           1  main.o(.bss..L_MergedGlobals.1)
    rPWM                                     0x2000007c   Data           4  main.o(.bss..L_MergedGlobals.1)
    lPWM                                     0x20000080   Data           4  main.o(.bss..L_MergedGlobals.1)
    counterRight                             0x20000084   Data           4  main.o(.bss..L_MergedGlobals.1)
    counterBackRight                         0x20000088   Data           4  main.o(.bss..L_MergedGlobals.1)
    counterLeft                              0x2000008c   Data           4  main.o(.bss..L_MergedGlobals.1)
    counterBackLeft                          0x20000090   Data           4  main.o(.bss..L_MergedGlobals.1)
    rpmRight                                 0x20000094   Data           4  main.o(.bss..L_MergedGlobals.1)
    rpmLeft                                  0x20000098   Data           4  main.o(.bss..L_MergedGlobals.1)
    w                                        0x2000009c   Data           4  main.o(.bss..L_MergedGlobals.1)
    V                                        0x200000a0   Data           4  main.o(.bss..L_MergedGlobals.1)
    Rx_data                                  0x200000a4   Data           6  main.o(.bss..L_MergedGlobals.1)
    Tx_data                                  0x200000aa   Data           6  main.o(.bss..L_MergedGlobals.1)
    huart5                                   0x200000b0   Data          68  main.o(.bss..L_MergedGlobals.1)
    hi2c2                                    0x200000f4   Data          84  main.o(.bss.hi2c2)
    htim1                                    0x20000148   Data          72  main.o(.bss.htim1)
    htim4                                    0x20000190   Data          72  main.o(.bss.htim4)
    htim5                                    0x200001d8   Data          72  main.o(.bss.htim5)
    huart1                                   0x20000220   Data          68  main.o(.bss.huart1)
    huart4                                   0x20000264   Data          68  main.o(.bss.huart4)
    uwTick                                   0x200002a8   Data           4  stm32f1xx_hal.o(.bss.uwTick)



==============================================================================

Memory Map of the image

  Image Entry point : 0x08000131

  Load Region LR_IROM1 (Base: 0x08000000, Size: 0x00003d38, Max: 0x00080000, ABSOLUTE)

    Execution Region ER_IROM1 (Exec base: 0x08000000, Load base: 0x08000000, Size: 0x00003d20, Max: 0x00080000, ABSOLUTE)

    Exec Addr    Load Addr    Size         Type   Attr      Idx    E Section Name        Object

    0x08000000   0x08000000   0x00000130   Data   RO            3    RESET               startup_stm32f103xe.o
    0x08000130   0x08000130   0x00000008   Code   RO         1100  * !!!main             c_w.l(__main.o)
    0x08000138   0x08000138   0x00000034   Code   RO         1384    !!!scatter          c_w.l(__scatter.o)
    0x0800016c   0x0800016c   0x0000001a   Code   RO         1386    !!handler_copy      c_w.l(__scatter_copy.o)
    0x08000186   0x08000186   0x00000002   PAD
    0x08000188   0x08000188   0x0000001c   Code   RO         1388    !!handler_zi        c_w.l(__scatter_zi.o)
    0x080001a4   0x080001a4   0x00000002   Code   RO         1243    .ARM.Collect$$libinit$$00000000  c_w.l(libinit.o)
    0x080001a6   0x080001a6   0x00000000   Code   RO         1249    .ARM.Collect$$libinit$$00000002  c_w.l(libinit2.o)
    0x080001a6   0x080001a6   0x00000000   Code   RO         1251    .ARM.Collect$$libinit$$00000004  c_w.l(libinit2.o)
    0x080001a6   0x080001a6   0x00000000   Code   RO         1253    .ARM.Collect$$libinit$$00000006  c_w.l(libinit2.o)
    0x080001a6   0x080001a6   0x00000000   Code   RO         1256    .ARM.Collect$$libinit$$0000000C  c_w.l(libinit2.o)
    0x080001a6   0x080001a6   0x00000000   Code   RO         1258    .ARM.Collect$$libinit$$0000000E  c_w.l(libinit2.o)
    0x080001a6   0x080001a6   0x00000000   Code   RO         1260    .ARM.Collect$$libinit$$00000010  c_w.l(libinit2.o)
    0x080001a6   0x080001a6   0x00000000   Code   RO         1263    .ARM.Collect$$libinit$$00000013  c_w.l(libinit2.o)
    0x080001a6   0x080001a6   0x00000000   Code   RO         1265    .ARM.Collect$$libinit$$00000015  c_w.l(libinit2.o)
    0x080001a6   0x080001a6   0x00000000   Code   RO         1267    .ARM.Collect$$libinit$$00000017  c_w.l(libinit2.o)
    0x080001a6   0x080001a6   0x00000000   Code   RO         1269    .ARM.Collect$$libinit$$00000019  c_w.l(libinit2.o)
    0x080001a6   0x080001a6   0x00000000   Code   RO         1271    .ARM.Collect$$libinit$$0000001B  c_w.l(libinit2.o)
    0x080001a6   0x080001a6   0x00000000   Code   RO         1273    .ARM.Collect$$libinit$$0000001D  c_w.l(libinit2.o)
    0x080001a6   0x080001a6   0x00000000   Code   RO         1275    .ARM.Collect$$libinit$$0000001F  c_w.l(libinit2.o)
    0x080001a6   0x080001a6   0x00000000   Code   RO         1277    .ARM.Collect$$libinit$$00000021  c_w.l(libinit2.o)
    0x080001a6   0x080001a6   0x00000000   Code   RO         1279    .ARM.Collect$$libinit$$00000023  c_w.l(libinit2.o)
    0x080001a6   0x080001a6   0x00000000   Code   RO         1281    .ARM.Collect$$libinit$$00000025  c_w.l(libinit2.o)
    0x080001a6   0x080001a6   0x00000000   Code   RO         1283    .ARM.Collect$$libinit$$00000027  c_w.l(libinit2.o)
    0x080001a6   0x080001a6   0x00000000   Code   RO         1287    .ARM.Collect$$libinit$$0000002E  c_w.l(libinit2.o)
    0x080001a6   0x080001a6   0x00000000   Code   RO         1289    .ARM.Collect$$libinit$$00000030  c_w.l(libinit2.o)
    0x080001a6   0x080001a6   0x00000000   Code   RO         1291    .ARM.Collect$$libinit$$00000032  c_w.l(libinit2.o)
    0x080001a6   0x080001a6   0x00000000   Code   RO         1293    .ARM.Collect$$libinit$$00000034  c_w.l(libinit2.o)
    0x080001a6   0x080001a6   0x00000002   Code   RO         1294    .ARM.Collect$$libinit$$00000035  c_w.l(libinit2.o)
    0x080001a8   0x080001a8   0x00000002   Code   RO         1320    .ARM.Collect$$libshutdown$$00000000  c_w.l(libshutdown.o)
    0x080001aa   0x080001aa   0x00000000   Code   RO         1335    .ARM.Collect$$libshutdown$$00000002  c_w.l(libshutdown2.o)
    0x080001aa   0x080001aa   0x00000000   Code   RO         1337    .ARM.Collect$$libshutdown$$00000004  c_w.l(libshutdown2.o)
    0x080001aa   0x080001aa   0x00000000   Code   RO         1340    .ARM.Collect$$libshutdown$$00000007  c_w.l(libshutdown2.o)
    0x080001aa   0x080001aa   0x00000000   Code   RO         1343    .ARM.Collect$$libshutdown$$0000000A  c_w.l(libshutdown2.o)
    0x080001aa   0x080001aa   0x00000000   Code   RO         1345    .ARM.Collect$$libshutdown$$0000000C  c_w.l(libshutdown2.o)
    0x080001aa   0x080001aa   0x00000000   Code   RO         1348    .ARM.Collect$$libshutdown$$0000000F  c_w.l(libshutdown2.o)
    0x080001aa   0x080001aa   0x00000002   Code   RO         1349    .ARM.Collect$$libshutdown$$00000010  c_w.l(libshutdown2.o)
    0x080001ac   0x080001ac   0x00000000   Code   RO         1152    .ARM.Collect$$rtentry$$00000000  c_w.l(__rtentry.o)
    0x080001ac   0x080001ac   0x00000000   Code   RO         1202    .ARM.Collect$$rtentry$$00000002  c_w.l(__rtentry2.o)
    0x080001ac   0x080001ac   0x00000006   Code   RO         1214    .ARM.Collect$$rtentry$$00000004  c_w.l(__rtentry4.o)
    0x080001b2   0x080001b2   0x00000000   Code   RO         1204    .ARM.Collect$$rtentry$$00000009  c_w.l(__rtentry2.o)
    0x080001b2   0x080001b2   0x00000004   Code   RO         1205    .ARM.Collect$$rtentry$$0000000A  c_w.l(__rtentry2.o)
    0x080001b6   0x080001b6   0x00000000   Code   RO         1207    .ARM.Collect$$rtentry$$0000000C  c_w.l(__rtentry2.o)
    0x080001b6   0x080001b6   0x00000008   Code   RO         1208    .ARM.Collect$$rtentry$$0000000D  c_w.l(__rtentry2.o)
    0x080001be   0x080001be   0x00000002   Code   RO         1246    .ARM.Collect$$rtexit$$00000000  c_w.l(rtexit.o)
    0x080001c0   0x080001c0   0x00000000   Code   RO         1298    .ARM.Collect$$rtexit$$00000002  c_w.l(rtexit2.o)
    0x080001c0   0x080001c0   0x00000004   Code   RO         1299    .ARM.Collect$$rtexit$$00000003  c_w.l(rtexit2.o)
    0x080001c4   0x080001c4   0x00000006   Code   RO         1300    .ARM.Collect$$rtexit$$00000004  c_w.l(rtexit2.o)
    0x080001ca   0x080001ca   0x00000002   PAD
    0x080001cc   0x080001cc   0x00000040   Code   RO            4    .text               startup_stm32f103xe.o
    0x0800020c   0x0800020c   0x00000006   Code   RO         1098    .text               c_w.l(heapauxi.o)
    0x08000212   0x08000212   0x00000002   PAD
    0x08000214   0x08000214   0x00000008   Code   RO         1231    .text               c_w.l(libspace.o)
    0x0800021c   0x0800021c   0x0000004a   Code   RO         1234    .text               c_w.l(sys_stackheap_outer.o)
    0x08000266   0x08000266   0x00000012   Code   RO         1236    .text               c_w.l(exit.o)
    0x08000278   0x08000278   0x0000000c   Code   RO         1310    .text               c_w.l(sys_exit.o)
    0x08000284   0x08000284   0x00000002   Code   RO         1325    .text               c_w.l(use_no_semi.o)
    0x08000286   0x08000286   0x00000000   Code   RO         1327    .text               c_w.l(indicate_semi.o)
    0x08000286   0x08000286   0x00000002   PAD
    0x08000288   0x08000288   0x00000002   Code   RO          104    .text.BusFault_Handler  stm32f1xx_it.o
    0x0800028a   0x0800028a   0x00000002   PAD
    0x0800028c   0x0800028c   0x00000002   Code   RO          110    .text.DebugMon_Handler  stm32f1xx_it.o
    0x0800028e   0x0800028e   0x00000002   PAD
    0x08000290   0x08000290   0x00000006   Code   RO          116    .text.EXTI1_IRQHandler  stm32f1xx_it.o
    0x08000296   0x08000296   0x00000002   PAD
    0x08000298   0x08000298   0x00000006   Code   RO          118    .text.EXTI9_5_IRQHandler  stm32f1xx_it.o
    0x0800029e   0x0800029e   0x00000002   PAD
    0x080002a0   0x080002a0   0x00000046   Code   RO          457    .text.HAL_DMA_Abort  stm32f1xx_hal_dma.o
    0x080002e6   0x080002e6   0x00000002   PAD
    0x080002e8   0x080002e8   0x00000126   Code   RO          459    .text.HAL_DMA_Abort_IT  stm32f1xx_hal_dma.o
    0x0800040e   0x0800040e   0x00000002   PAD
    0x08000410   0x08000410   0x00000096   Code   RO           25    .text.HAL_GPIO_EXTI_Callback  main.o
    0x080004a6   0x080004a6   0x00000002   PAD
    0x080004a8   0x080004a8   0x00000016   Code   RO          437    .text.HAL_GPIO_EXTI_IRQHandler  stm32f1xx_hal_gpio.o
    0x080004be   0x080004be   0x00000002   PAD
    0x080004c0   0x080004c0   0x000001fa   Code   RO          425    .text.HAL_GPIO_Init  stm32f1xx_hal_gpio.o
    0x080006ba   0x080006ba   0x00000002   PAD
    0x080006bc   0x080006bc   0x0000000a   Code   RO          429    .text.HAL_GPIO_ReadPin  stm32f1xx_hal_gpio.o
    0x080006c6   0x080006c6   0x00000002   PAD
    0x080006c8   0x080006c8   0x0000000a   Code   RO          431    .text.HAL_GPIO_WritePin  stm32f1xx_hal_gpio.o
    0x080006d2   0x080006d2   0x00000002   PAD
    0x080006d4   0x080006d4   0x0000000c   Code   RO          325    .text.HAL_GetTick   stm32f1xx_hal.o
    0x080006e0   0x080006e0   0x00000176   Code   RO          179    .text.HAL_I2C_Init  stm32f1xx_hal_i2c.o
    0x08000856   0x08000856   0x00000002   PAD
    0x08000858   0x08000858   0x00000064   Code   RO          139    .text.HAL_I2C_MspInit  stm32f1xx_hal_msp.o
    0x080008bc   0x080008bc   0x0000001a   Code   RO          323    .text.HAL_IncTick   stm32f1xx_hal.o
    0x080008d6   0x080008d6   0x00000002   PAD
    0x080008d8   0x080008d8   0x00000026   Code   RO          313    .text.HAL_Init      stm32f1xx_hal.o
    0x080008fe   0x080008fe   0x00000002   PAD
    0x08000900   0x08000900   0x00000048   Code   RO          315    .text.HAL_InitTick  stm32f1xx_hal.o
    0x08000948   0x08000948   0x00000042   Code   RO          137    .text.HAL_MspInit   stm32f1xx_hal_msp.o
    0x0800098a   0x0800098a   0x00000002   PAD
    0x0800098c   0x0800098c   0x00000026   Code   RO          485    .text.HAL_NVIC_EnableIRQ  stm32f1xx_hal_cortex.o
    0x080009b2   0x080009b2   0x00000002   PAD
    0x080009b4   0x080009b4   0x00000056   Code   RO          483    .text.HAL_NVIC_SetPriority  stm32f1xx_hal_cortex.o
    0x08000a0a   0x08000a0a   0x00000002   PAD
    0x08000a0c   0x08000a0c   0x00000020   Code   RO          481    .text.HAL_NVIC_SetPriorityGrouping  stm32f1xx_hal_cortex.o
    0x08000a2c   0x08000a2c   0x00000002   Code   RO          399    .text.HAL_RCC_CSSCallback  stm32f1xx_hal_rcc.o
    0x08000a2e   0x08000a2e   0x00000002   PAD
    0x08000a30   0x08000a30   0x000001ce   Code   RO          377    .text.HAL_RCC_ClockConfig  stm32f1xx_hal_rcc.o
    0x08000bfe   0x08000bfe   0x00000002   PAD
    0x08000c00   0x08000c00   0x0000000c   Code   RO          383    .text.HAL_RCC_EnableCSS  stm32f1xx_hal_rcc.o
    0x08000c0c   0x08000c0c   0x00000026   Code   RO          389    .text.HAL_RCC_GetPCLK1Freq  stm32f1xx_hal_rcc.o
    0x08000c32   0x08000c32   0x00000002   PAD
    0x08000c34   0x08000c34   0x00000026   Code   RO          391    .text.HAL_RCC_GetPCLK2Freq  stm32f1xx_hal_rcc.o
    0x08000c5a   0x08000c5a   0x00000002   PAD
    0x08000c5c   0x08000c5c   0x0000001c   Code   RO          397    .text.HAL_RCC_NMI_IRQHandler  stm32f1xx_hal_rcc.o
    0x08000c78   0x08000c78   0x000003b4   Code   RO          375    .text.HAL_RCC_OscConfig  stm32f1xx_hal_rcc.o
    0x0800102c   0x0800102c   0x0000002c   Code   RO          493    .text.HAL_SYSTICK_Config  stm32f1xx_hal_cortex.o
    0x08001058   0x08001058   0x00000002   Code   RO          950    .text.HAL_TIMEx_BreakCallback  stm32f1xx_hal_tim_ex.o
    0x0800105a   0x0800105a   0x00000002   PAD
    0x0800105c   0x0800105c   0x00000002   Code   RO          946    .text.HAL_TIMEx_CommutCallback  stm32f1xx_hal_tim_ex.o
    0x0800105e   0x0800105e   0x00000002   PAD
    0x08001060   0x08001060   0x00000092   Code   RO          940    .text.HAL_TIMEx_MasterConfigSynchronization  stm32f1xx_hal_tim_ex.o
    0x080010f2   0x080010f2   0x00000002   PAD
    0x080010f4   0x080010f4   0x00000126   Code   RO          646    .text.HAL_TIM_Base_Init  stm32f1xx_hal_tim.o
    0x0800121a   0x0800121a   0x00000002   PAD
    0x0800121c   0x0800121c   0x0000007c   Code   RO          143    .text.HAL_TIM_Base_MspInit  stm32f1xx_hal_msp.o
    0x08001298   0x08001298   0x00000086   Code   RO          660    .text.HAL_TIM_Base_Start_IT  stm32f1xx_hal_tim.o
    0x0800131e   0x0800131e   0x00000002   PAD
    0x08001320   0x08001320   0x00000192   Code   RO          826    .text.HAL_TIM_ConfigClockSource  stm32f1xx_hal_tim.o
    0x080014b2   0x080014b2   0x00000002   PAD
    0x080014b4   0x080014b4   0x00000002   Code   RO          782    .text.HAL_TIM_IC_CaptureCallback  stm32f1xx_hal_tim.o
    0x080014b6   0x080014b6   0x00000002   PAD
    0x080014b8   0x080014b8   0x00000170   Code   RO          780    .text.HAL_TIM_IRQHandler  stm32f1xx_hal_tim.o
    0x08001628   0x08001628   0x0000008e   Code   RO          147    .text.HAL_TIM_MspPostInit  stm32f1xx_hal_msp.o
    0x080016b6   0x080016b6   0x00000002   PAD
    0x080016b8   0x080016b8   0x00000002   Code   RO          784    .text.HAL_TIM_OC_DelayElapsedCallback  stm32f1xx_hal_tim.o
    0x080016ba   0x080016ba   0x00000002   PAD
    0x080016bc   0x080016bc   0x00000252   Code   RO          800    .text.HAL_TIM_PWM_ConfigChannel  stm32f1xx_hal_tim.o
    0x0800190e   0x0800190e   0x00000002   PAD
    0x08001910   0x08001910   0x00000126   Code   RO          700    .text.HAL_TIM_PWM_Init  stm32f1xx_hal_tim.o
    0x08001a36   0x08001a36   0x00000002   PAD
    0x08001a38   0x08001a38   0x00000032   Code   RO          145    .text.HAL_TIM_PWM_MspInit  stm32f1xx_hal_msp.o
    0x08001a6a   0x08001a6a   0x00000002   PAD
    0x08001a6c   0x08001a6c   0x00000002   Code   RO          786    .text.HAL_TIM_PWM_PulseFinishedCallback  stm32f1xx_hal_tim.o
    0x08001a6e   0x08001a6e   0x00000002   PAD
    0x08001a70   0x08001a70   0x000000e2   Code   RO          708    .text.HAL_TIM_PWM_Start  stm32f1xx_hal_tim.o
    0x08001b52   0x08001b52   0x00000002   PAD
    0x08001b54   0x08001b54   0x0000001e   Code   RO           23    .text.HAL_TIM_PeriodElapsedCallback  main.o
    0x08001b72   0x08001b72   0x00000002   PAD
    0x08001b74   0x08001b74   0x00000002   Code   RO          790    .text.HAL_TIM_TriggerCallback  stm32f1xx_hal_tim.o
    0x08001b76   0x08001b76   0x00000002   PAD
    0x08001b78   0x08001b78   0x00000002   Code   RO         1046    .text.HAL_UARTEx_RxEventCallback  stm32f1xx_hal_uart.o
    0x08001b7a   0x08001b7a   0x00000002   PAD
    0x08001b7c   0x08001b7c   0x00000002   Code   RO         1044    .text.HAL_UART_ErrorCallback  stm32f1xx_hal_uart.o
    0x08001b7e   0x08001b7e   0x00000002   PAD
    0x08001b80   0x08001b80   0x00000270   Code   RO         1038    .text.HAL_UART_IRQHandler  stm32f1xx_hal_uart.o
    0x08001df0   0x08001df0   0x000000e0   Code   RO          964    .text.HAL_UART_Init  stm32f1xx_hal_uart.o
    0x08001ed0   0x08001ed0   0x0000016c   Code   RO          153    .text.HAL_UART_MspInit  stm32f1xx_hal_msp.o
    0x0800203c   0x0800203c   0x00000056   Code   RO          984    .text.HAL_UART_Receive_IT  stm32f1xx_hal_uart.o
    0x08002092   0x08002092   0x00000002   PAD
    0x08002094   0x08002094   0x0000000e   Code   RO           21    .text.HAL_UART_RxCpltCallback  main.o
    0x080020a2   0x080020a2   0x00000002   PAD
    0x080020a4   0x080020a4   0x000001a4   Code   RO          978    .text.HAL_UART_Transmit  stm32f1xx_hal_uart.o
    0x08002248   0x08002248   0x00000002   Code   RO         1048    .text.HAL_UART_TxCpltCallback  stm32f1xx_hal_uart.o
    0x0800224a   0x0800224a   0x00000002   PAD
    0x0800224c   0x0800224c   0x00000002   Code   RO          100    .text.HardFault_Handler  stm32f1xx_it.o
    0x0800224e   0x0800224e   0x00000002   PAD
    0x08002250   0x08002250   0x00000002   Code   RO          102    .text.MemManage_Handler  stm32f1xx_it.o
    0x08002252   0x08002252   0x00000002   PAD
    0x08002254   0x08002254   0x00000006   Code   RO           98    .text.NMI_Handler   stm32f1xx_it.o
    0x0800225a   0x0800225a   0x00000002   PAD
    0x0800225c   0x0800225c   0x00000002   Code   RO          112    .text.PendSV_Handler  stm32f1xx_it.o
    0x0800225e   0x0800225e   0x00000002   PAD
    0x08002260   0x08002260   0x00000002   Code   RO          108    .text.SVC_Handler   stm32f1xx_it.o
    0x08002262   0x08002262   0x00000002   PAD
    0x08002264   0x08002264   0x00000004   Code   RO          114    .text.SysTick_Handler  stm32f1xx_it.o
    0x08002268   0x08002268   0x00000002   Code   RO         1082    .text.SystemInit    system_stm32f1xx.o
    0x0800226a   0x0800226a   0x00000002   PAD
    0x0800226c   0x0800226c   0x0000000c   Code   RO          120    .text.TIM1_UP_IRQHandler  stm32f1xx_it.o
    0x08002278   0x08002278   0x0000000c   Code   RO          122    .text.TIM4_IRQHandler  stm32f1xx_it.o
    0x08002284   0x08002284   0x0000000c   Code   RO          126    .text.UART4_IRQHandler  stm32f1xx_it.o
    0x08002290   0x08002290   0x0000000c   Code   RO          128    .text.UART5_IRQHandler  stm32f1xx_it.o
    0x0800229c   0x0800229c   0x0000000c   Code   RO         1042    .text.UART_DMAAbortOnError  stm32f1xx_hal_uart.o
    0x080022a8   0x080022a8   0x000000b6   Code   RO         1040    .text.UART_Receive_IT  stm32f1xx_hal_uart.o
    0x0800235e   0x0800235e   0x00000002   PAD
    0x08002360   0x08002360   0x0000000c   Code   RO          124    .text.USART1_IRQHandler  stm32f1xx_it.o
    0x0800236c   0x0800236c   0x00000002   Code   RO          106    .text.UsageFault_Handler  stm32f1xx_it.o
    0x0800236e   0x0800236e   0x00000002   PAD
    0x08002370   0x08002370   0x000009d4   Code   RO           27    .text.main          main.o
    0x08002d44   0x08002d44   0x00000062   Code   RO         1102    x$fpl$d2f           fz_ws.l(d2f.o)
    0x08002da6   0x08002da6   0x00000002   PAD
    0x08002da8   0x08002da8   0x00000150   Code   RO         1104    x$fpl$dadd          fz_ws.l(daddsub_clz.o)
    0x08002ef8   0x08002ef8   0x000002b4   Code   RO         1113    x$fpl$ddiv          fz_ws.l(ddiv.o)
    0x080031ac   0x080031ac   0x0000005e   Code   RO         1116    x$fpl$dfix          fz_ws.l(dfix.o)
    0x0800320a   0x0800320a   0x0000002e   Code   RO         1121    x$fpl$dflt          fz_ws.l(dflt_clz.o)
    0x08003238   0x08003238   0x00000154   Code   RO         1126    x$fpl$dmul          fz_ws.l(dmul.o)
    0x0800338c   0x0800338c   0x0000009c   Code   RO         1161    x$fpl$dnaninf       fz_ws.l(dnaninf.o)
    0x08003428   0x08003428   0x0000000c   Code   RO         1163    x$fpl$dretinf       fz_ws.l(dretinf.o)
    0x08003434   0x08003434   0x000001dc   Code   RO         1106    x$fpl$dsub          fz_ws.l(daddsub_clz.o)
    0x08003610   0x08003610   0x00000056   Code   RO         1128    x$fpl$f2d           fz_ws.l(f2d.o)
    0x08003666   0x08003666   0x00000002   PAD
    0x08003668   0x08003668   0x000000c4   Code   RO         1130    x$fpl$fadd          fz_ws.l(faddsub_clz.o)
    0x0800372c   0x0800372c   0x00000054   Code   RO         1136    x$fpl$fcmp          fz_ws.l(fcmp.o)
    0x08003780   0x08003780   0x00000018   Code   RO         1223    x$fpl$fcmpinf       fz_ws.l(fcmpi.o)
    0x08003798   0x08003798   0x00000184   Code   RO         1139    x$fpl$fdiv          fz_ws.l(fdiv.o)
    0x0800391c   0x0800391c   0x00000068   Code   RO         1165    x$fpl$feqf          fz_ws.l(feqf.o)
    0x08003984   0x08003984   0x00000068   Code   RO         1167    x$fpl$fgeqf         fz_ws.l(fgeqf.o)
    0x080039ec   0x080039ec   0x00000068   Code   RO         1169    x$fpl$fleqf         fz_ws.l(fleqf.o)
    0x08003a54   0x08003a54   0x00000102   Code   RO         1142    x$fpl$fmul          fz_ws.l(fmul.o)
    0x08003b56   0x08003b56   0x0000008c   Code   RO         1171    x$fpl$fnaninf       fz_ws.l(fnaninf.o)
    0x08003be2   0x08003be2   0x0000000a   Code   RO         1173    x$fpl$fretinf       fz_ws.l(fretinf.o)
    0x08003bec   0x08003bec   0x000000ea   Code   RO         1132    x$fpl$fsub          fz_ws.l(faddsub_clz.o)
    0x08003cd6   0x08003cd6   0x00000000   Code   RO         1175    x$fpl$usenofp       fz_ws.l(usenofp.o)
    0x08003cd6   0x08003cd6   0x00000002   Data   RO          402    .rodata..L__const.HAL_RCC_GetSysClockFreq.aPredivFactorTable  stm32f1xx_hal_rcc.o
    0x08003cd8   0x08003cd8   0x00000010   Data   RO         1087    .rodata.AHBPrescTable  system_stm32f1xx.o
    0x08003ce8   0x08003ce8   0x00000008   Data   RO         1088    .rodata.APBPrescTable  system_stm32f1xx.o
    0x08003cf0   0x08003cf0   0x00000010   Data   RO          401    .rodata.cst16       stm32f1xx_hal_rcc.o
    0x08003d00   0x08003d00   0x00000020   Data   RO         1383    Region$$Table       anon$$obj.o


    Execution Region RW_IRAM1 (Exec base: 0x20000000, Load base: 0x08003d20, Size: 0x000008b0, Max: 0x00010000, ABSOLUTE)

    Exec Addr    Load Addr    Size         Type   Attr      Idx    E Section Name        Object

    0x20000000   0x08003d20   0x00000008   Data   RW           88    .data..L_MergedGlobals  main.o
    0x20000008   0x08003d28   0x00000008   Data   RW          364    .data..L_MergedGlobals  stm32f1xx_hal.o
    0x20000010   0x08003d30   0x00000004   Data   RW         1086    .data.SystemCoreClock  system_stm32f1xx.o
    0x20000014   0x08003d34   0x00000004   PAD
    0x20000018        -       0x00000060   Zero   RW         1232    .bss                c_w.l(libspace.o)
    0x20000078        -       0x0000007c   Zero   RW           89    .bss..L_MergedGlobals.1  main.o
    0x200000f4        -       0x00000054   Zero   RW           62    .bss.hi2c2          main.o
    0x20000148        -       0x00000048   Zero   RW           61    .bss.htim1          main.o
    0x20000190        -       0x00000048   Zero   RW           59    .bss.htim4          main.o
    0x200001d8        -       0x00000048   Zero   RW           60    .bss.htim5          main.o
    0x20000220        -       0x00000044   Zero   RW           64    .bss.huart1         main.o
    0x20000264        -       0x00000044   Zero   RW           63    .bss.huart4         main.o
    0x200002a8        -       0x00000004   Zero   RW          363    .bss.uwTick         stm32f1xx_hal.o
    0x200002ac   0x08003d34   0x00000004   PAD
    0x200002b0        -       0x00000200   Zero   RW            2    HEAP                startup_stm32f103xe.o
    0x200004b0        -       0x00000400   Zero   RW            1    STACK               startup_stm32f103xe.o


==============================================================================

Image component sizes


      Code (inc. data)   RO Data    RW Data    ZI Data      Debug   Object Name

      2710          0          0          8        560      16228   main.o
        64         26        304          0       1536        840   startup_stm32f103xe.o
       148          0          0          8          4       6127   stm32f1xx_hal.o
       200          0          0          0          0       8885   stm32f1xx_hal_cortex.o
       364          0          0          0          0       8572   stm32f1xx_hal_dma.o
       548         20          0          0          0       4608   stm32f1xx_hal_gpio.o
       374          0          0          0          0      53319   stm32f1xx_hal_i2c.o
       846          0          0          0          0      10756   stm32f1xx_hal_msp.o
      1528          0         18          0          0       7787   stm32f1xx_hal_rcc.o
      2320          4          0          0          0      54598   stm32f1xx_hal_tim.o
       150          0          0          0          0      20629   stm32f1xx_hal_tim_ex.o
      1554          0          0          0          0      23679   stm32f1xx_hal_uart.o
        96          0          0          0          0       6088   stm32f1xx_it.o
         2          0         24          4          0       1672   system_stm32f1xx.o

    ----------------------------------------------------------------------
     11004         50        378         20       2108     223788   Object Totals
         0          0         32          0          0          0   (incl. Generated)
       100          0          0          0          8          0   (incl. Padding)

    ----------------------------------------------------------------------

      Code (inc. data)   RO Data    RW Data    ZI Data      Debug   Library Member Name

         8          0          0          0          0         68   __main.o
         0          0          0          0          0          0   __rtentry.o
        12          0          0          0          0          0   __rtentry2.o
         6          0          0          0          0          0   __rtentry4.o
        52          8          0          0          0          0   __scatter.o
        26          0          0          0          0          0   __scatter_copy.o
        28          0          0          0          0          0   __scatter_zi.o
        18          0          0          0          0         80   exit.o
         6          0          0          0          0        152   heapauxi.o
         0          0          0          0          0          0   indicate_semi.o
         2          0          0          0          0          0   libinit.o
         2          0          0          0          0          0   libinit2.o
         2          0          0          0          0          0   libshutdown.o
         2          0          0          0          0          0   libshutdown2.o
         8          4          0          0         96         68   libspace.o
         2          0          0          0          0          0   rtexit.o
        10          0          0          0          0          0   rtexit2.o
        12          4          0          0          0         68   sys_exit.o
        74          0          0          0          0         80   sys_stackheap_outer.o
         2          0          0          0          0         68   use_no_semi.o
        98          4          0          0          0         92   d2f.o
       812         16          0          0          0        296   daddsub_clz.o
       692        140          0          0          0        216   ddiv.o
        94          4          0          0          0         92   dfix.o
        46          0          0          0          0         68   dflt_clz.o
       340         12          0          0          0        104   dmul.o
       156          4          0          0          0         92   dnaninf.o
        12          0          0          0          0         68   dretinf.o
        86          4          0          0          0         84   f2d.o
       430          8          0          0          0        168   faddsub_clz.o
        84          0          0          0          0        196   fcmp.o
        24          0          0          0          0         68   fcmpi.o
       388         76          0          0          0         96   fdiv.o
       104          4          0          0          0         84   feqf.o
       104          4          0          0          0         84   fgeqf.o
       104          4          0          0          0         84   fleqf.o
       258          4          0          0          0         84   fmul.o
       140          4          0          0          0         84   fnaninf.o
        10          0          0          0          0         68   fretinf.o
         0          0          0          0          0          0   usenofp.o

    ----------------------------------------------------------------------
      4266        304          0          0         96       2712   Library Totals
        12          0          0          0          0          0   (incl. Padding)

    ----------------------------------------------------------------------

      Code (inc. data)   RO Data    RW Data    ZI Data      Debug   Library Name

       272         16          0          0         96        584   c_w.l
      3982        288          0          0          0       2128   fz_ws.l

    ----------------------------------------------------------------------
      4266        304          0          0         96       2712   Library Totals

    ----------------------------------------------------------------------

==============================================================================


      Code (inc. data)   RO Data    RW Data    ZI Data      Debug   

     15270        354        378         20       2204     225060   Grand Totals
     15270        354        378         20       2204     225060   ELF Image Totals
     15270        354        378         20          0          0   ROM Totals

==============================================================================

    Total RO  Size (Code + RO Data)                15648 (  15.28kB)
    Total RW  Size (RW Data + ZI Data)              2224 (   2.17kB)
    Total ROM Size (Code + RO Data + RW Data)      15668 (  15.30kB)

==============================================================================

