Component: ARM Compiler 6.16 Tool: armlink [5dfeaa00]

==============================================================================

Section Cross References

    startup_stm32f103xe.o(STACK) refers (Special) to heapauxi.o(.text) for __use_two_region_memory
    startup_stm32f103xe.o(HEAP) refers (Special) to heapauxi.o(.text) for __use_two_region_memory
    startup_stm32f103xe.o(RESET) refers (Special) to heapauxi.o(.text) for __use_two_region_memory
    startup_stm32f103xe.o(RESET) refers to startup_stm32f103xe.o(STACK) for __initial_sp
    startup_stm32f103xe.o(RESET) refers to startup_stm32f103xe.o(.text) for Reset_Handler
    startup_stm32f103xe.o(RESET) refers to stm32f1xx_it.o(.text.NMI_Handler) for NMI_Handler
    startup_stm32f103xe.o(RESET) refers to stm32f1xx_it.o(.text.HardFault_Handler) for HardFault_Handler
    startup_stm32f103xe.o(RESET) refers to stm32f1xx_it.o(.text.MemManage_Handler) for MemManage_Handler
    startup_stm32f103xe.o(RESET) refers to stm32f1xx_it.o(.text.BusFault_Handler) for BusFault_Handler
    startup_stm32f103xe.o(RESET) refers to stm32f1xx_it.o(.text.UsageFault_Handler) for UsageFault_Handler
    startup_stm32f103xe.o(RESET) refers to stm32f1xx_it.o(.text.SVC_Handler) for SVC_Handler
    startup_stm32f103xe.o(RESET) refers to stm32f1xx_it.o(.text.DebugMon_Handler) for DebugMon_Handler
    startup_stm32f103xe.o(RESET) refers to stm32f1xx_it.o(.text.PendSV_Handler) for PendSV_Handler
    startup_stm32f103xe.o(RESET) refers to stm32f1xx_it.o(.text.SysTick_Handler) for SysTick_Handler
    startup_stm32f103xe.o(RESET) refers to stm32f1xx_it.o(.text.EXTI9_5_IRQHandler) for EXTI9_5_IRQHandler
    startup_stm32f103xe.o(RESET) refers to stm32f1xx_it.o(.text.TIM1_UP_IRQHandler) for TIM1_UP_IRQHandler
    startup_stm32f103xe.o(RESET) refers to stm32f1xx_it.o(.text.TIM4_IRQHandler) for TIM4_IRQHandler
    startup_stm32f103xe.o(RESET) refers to stm32f1xx_it.o(.text.USART1_IRQHandler) for USART1_IRQHandler
    startup_stm32f103xe.o(.text) refers (Special) to heapauxi.o(.text) for __use_two_region_memory
    startup_stm32f103xe.o(.text) refers to system_stm32f1xx.o(.text.SystemInit) for SystemInit
    startup_stm32f103xe.o(.text) refers to __main.o(!!!main) for __main
    startup_stm32f103xe.o(.text) refers to startup_stm32f103xe.o(HEAP) for Heap_Mem
    startup_stm32f103xe.o(.text) refers to startup_stm32f103xe.o(STACK) for Stack_Mem
    main.o(.text.ADC_Select_CHA3) refers to main.o(.bss..L_MergedGlobals.3) for .L_MergedGlobals.3
    main.o(.text.ADC_Select_CHA3) refers to stm32f1xx_hal_adc.o(.text.HAL_ADC_ConfigChannel) for HAL_ADC_ConfigChannel
    main.o(.ARM.exidx.text.ADC_Select_CHA3) refers to main.o(.text.ADC_Select_CHA3) for [Anonymous Symbol]
    main.o(.ARM.exidx.text.Error_Handler) refers to main.o(.text.Error_Handler) for [Anonymous Symbol]
    main.o(.text.ADC_Select_CHC0) refers to main.o(.bss..L_MergedGlobals.3) for .L_MergedGlobals.3
    main.o(.text.ADC_Select_CHC0) refers to stm32f1xx_hal_adc.o(.text.HAL_ADC_ConfigChannel) for HAL_ADC_ConfigChannel
    main.o(.ARM.exidx.text.ADC_Select_CHC0) refers to main.o(.text.ADC_Select_CHC0) for [Anonymous Symbol]
    main.o(.text.Motor_PWM_Right) refers to stm32f1xx_hal_gpio.o(.text.HAL_GPIO_WritePin) for HAL_GPIO_WritePin
    main.o(.text.Motor_PWM_Right) refers to main.o(.bss.htim2) for htim2
    main.o(.ARM.exidx.text.Motor_PWM_Right) refers to main.o(.text.Motor_PWM_Right) for [Anonymous Symbol]
    main.o(.text.Motor_PWM_Left) refers to stm32f1xx_hal_gpio.o(.text.HAL_GPIO_WritePin) for HAL_GPIO_WritePin
    main.o(.text.Motor_PWM_Left) refers to main.o(.bss.htim3) for htim3
    main.o(.ARM.exidx.text.Motor_PWM_Left) refers to main.o(.text.Motor_PWM_Left) for [Anonymous Symbol]
    main.o(.text.xcd) refers to f2d.o(x$fpl$f2d) for __aeabi_f2d
    main.o(.text.xcd) refers to dmul.o(x$fpl$dmul) for __aeabi_dmul
    main.o(.text.xcd) refers to d2f.o(x$fpl$d2f) for __aeabi_d2f
    main.o(.ARM.exidx.text.xcd) refers to main.o(.text.xcd) for [Anonymous Symbol]
    main.o(.ARM.exidx.text.ycd) refers to main.o(.text.ycd) for [Anonymous Symbol]
    main.o(.text.thetad) refers to main.o(.bss..L_MergedGlobals.1) for .L_MergedGlobals.1
    main.o(.text.thetad) refers to faddsub_clz.o(x$fpl$fsub) for __aeabi_fsub
    main.o(.text.thetad) refers to f2d.o(x$fpl$f2d) for __aeabi_f2d
    main.o(.text.thetad) refers to atan2.o(i.atan2) for atan2
    main.o(.text.thetad) refers to dcmp.o(x$fpl$fcmp) for __aeabi_dcmplt
    main.o(.text.thetad) refers to daddsub_clz.o(x$fpl$dadd) for __aeabi_dadd
    main.o(.text.thetad) refers to d2f.o(x$fpl$d2f) for __aeabi_d2f
    main.o(.ARM.exidx.text.thetad) refers to main.o(.text.thetad) for [Anonymous Symbol]
    main.o(.ARM.exidx.text.wd) refers to main.o(.text.wd) for [Anonymous Symbol]
    main.o(.text.x2d) refers to main.o(.bss..L_MergedGlobals.1) for .L_MergedGlobals.1
    main.o(.text.x2d) refers to f2d.o(x$fpl$f2d) for __aeabi_f2d
    main.o(.text.x2d) refers to cos.o(i.cos) for cos
[...]
    [Anonymous Symbol]                       0x08001438   Section        0  stm32f1xx_hal_rcc.o(.text.HAL_RCC_GetPCLK1Freq)
    [Anonymous Symbol]                       0x08001460   Section        0  stm32f1xx_hal_rcc.o(.text.HAL_RCC_GetPCLK2Freq)
    [Anonymous Symbol]                       0x08001488   Section        0  stm32f1xx_hal_rcc.o(.text.HAL_RCC_GetSysClockFreq)
    [Anonymous Symbol]                       0x080014e0   Section        0  stm32f1xx_hal_rcc.o(.text.HAL_RCC_NMI_IRQHandler)
    [Anonymous Symbol]                       0x080014fc   Section        0  stm32f1xx_hal_rcc.o(.text.HAL_RCC_OscConfig)
    [Anonymous Symbol]                       0x080018b0   Section        0  stm32f1xx_hal_cortex.o(.text.HAL_SYSTICK_Config)
    [Anonymous Symbol]                       0x080018dc   Section        0  stm32f1xx_hal_tim_ex.o(.text.HAL_TIMEx_BreakCallback)
    [Anonymous Symbol]                       0x080018e0   Section        0  stm32f1xx_hal_tim_ex.o(.text.HAL_TIMEx_CommutCallback)
    [Anonymous Symbol]                       0x080018e4   Section        0  stm32f1xx_hal_tim_ex.o(.text.HAL_TIMEx_MasterConfigSynchronization)
    [Anonymous Symbol]                       0x08001978   Section        0  stm32f1xx_hal_tim.o(.text.HAL_TIM_Base_Init)
    [Anonymous Symbol]                       0x08001aa0   Section        0  stm32f1xx_hal_msp.o(.text.HAL_TIM_Base_MspInit)
    [Anonymous Symbol]                       0x08001b84   Section        0  stm32f1xx_hal_tim.o(.text.HAL_TIM_Base_Start_IT)
    [Anonymous Symbol]                       0x08001c0c   Section        0  stm32f1xx_hal_tim.o(.text.HAL_TIM_ConfigClockSource)
    [Anonymous Symbol]                       0x08001da0   Section        0  stm32f1xx_hal_tim.o(.text.HAL_TIM_IC_CaptureCallback)
    [Anonymous Symbol]                       0x08001da4   Section        0  stm32f1xx_hal_tim.o(.text.HAL_TIM_IRQHandler)
    [Anonymous Symbol]                       0x08001f14   Section        0  stm32f1xx_hal_msp.o(.text.HAL_TIM_MspPostInit)
    [Anonymous Symbol]                       0x08001f9c   Section        0  stm32f1xx_hal_tim.o(.text.HAL_TIM_OC_DelayElapsedCallback)
    [Anonymous Symbol]                       0x08001fa0   Section        0  stm32f1xx_hal_tim.o(.text.HAL_TIM_PWM_ConfigChannel)
    [Anonymous Symbol]                       0x080021f0   Section        0  stm32f1xx_hal_tim.o(.text.HAL_TIM_PWM_Init)
    [Anonymous Symbol]                       0x08002318   Section        0  stm32f1xx_hal_tim.o(.text.HAL_TIM_PWM_MspInit)
    [Anonymous Symbol]                       0x0800231c   Section        0  stm32f1xx_hal_tim.o(.text.HAL_TIM_PWM_PulseFinishedCallback)
    [Anonymous Symbol]                       0x08002320   Section        0  stm32f1xx_hal_tim.o(.text.HAL_TIM_PWM_Start)
    [Anonymous Symbol]                       0x08002404   Section        0  main.o(.text.HAL_TIM_PeriodElapsedCallback)
    [Anonymous Symbol]                       0x08002438   Section        0  stm32f1xx_hal_tim.o(.text.HAL_TIM_TriggerCallback)
    [Anonymous Symbol]                       0x0800243c   Section        0  stm32f1xx_hal_uart.o(.text.HAL_UARTEx_RxEventCallback)
    [Anonymous Symbol]                       0x08002440   Section        0  stm32f1xx_hal_uart.o(.text.HAL_UART_ErrorCallback)
    [Anonymous Symbol]                       0x08002444   Section        0  stm32f1xx_hal_uart.o(.text.HAL_UART_IRQHandler)
    [Anonymous Symbol]                       0x080026a8   Section        0  stm32f1xx_hal_uart.o(.text.HAL_UART_Init)
    [Anonymous Symbol]                       0x08002784   Section        0  stm32f1xx_hal_msp.o(.text.HAL_UART_MspInit)
    [Anonymous Symbol]                       0x0800281c   Section        0  stm32f1xx_hal_uart.o(.text.HAL_UART_Receive)
    [Anonymous Symbol]                       0x080029d0   Section        0  stm32f1xx_hal_uart.o(.text.HAL_UART_Receive_IT)
    [Anonymous Symbol]                       0x08002a28   Section        0  main.o(.text.HAL_UART_RxCpltCallback)
    [Anonymous Symbol]                       0x08002a38   Section        0  stm32f1xx_hal_uart.o(.text.HAL_UART_TxCpltCallback)
    [Anonymous Symbol]                       0x08002a3c   Section        0  stm32f1xx_it.o(.text.HardFault_Handler)
    [Anonymous Symbol]                       0x08002a40   Section        0  stm32f1xx_it.o(.text.MemManage_Handler)
    [Anonymous Symbol]                       0x08002a44   Section        0  stm32f1xx_it.o(.text.NMI_Handler)
    [Anonymous Symbol]                       0x08002a4c   Section        0  stm32f1xx_it.o(.text.PendSV_Handler)
    [Anonymous Symbol]                       0x08002a50   Section        0  stm32f1xx_it.o(.text.SVC_Handler)
    [Anonymous Symbol]                       0x08002a54   Section        0  stm32f1xx_it.o(.text.SysTick_Handler)
    [Anonymous Symbol]                       0x08002a58   Section        0  main.o(.text.SystemClock_Config)
    [Anonymous Symbol]                       0x08002af0   Section        0  system_stm32f1xx.o(.text.SystemInit)
    [Anonymous Symbol]                       0x08002af4   Section        0  stm32f1xx_it.o(.text.TIM1_UP_IRQHandler)
    [Anonymous Symbol]                       0x08002b00   Section        0  stm32f1xx_it.o(.text.TIM4_IRQHandler)
    UART_DMAAbortOnError                     0x08002b0d   Thumb Code    12  stm32f1xx_hal_uart.o(.text.UART_DMAAbortOnError)
    [Anonymous Symbol]                       0x08002b0c   Section        0  stm32f1xx_hal_uart.o(.text.UART_DMAAbortOnError)
    UART_Receive_IT                          0x08002b19   Thumb Code   182  stm32f1xx_hal_uart.o(.text.UART_Receive_IT)
    [Anonymous Symbol]                       0x08002b18   Section        0  stm32f1xx_hal_uart.o(.text.UART_Receive_IT)
    [Anonymous Symbol]                       0x08002bd0   Section        0  stm32f1xx_it.o(.text.USART1_IRQHandler)
    [Anonymous Symbol]                       0x08002bdc   Section        0  stm32f1xx_it.o(.text.UsageFault_Handler)
    [Anonymous Symbol]                       0x08002be0   Section        0  main.o(.text.main)
    i.__ARM_fpclassify                       0x08003c94   Section        0  fpclassify.o(i.__ARM_fpclassify)
    i.__ieee754_rem_pio2                     0x08003cbc   Section        0  rred.o(i.__ieee754_rem_pio2)
    i.__kernel_cos                           0x08004044   Section        0  cos_i.o(i.__kernel_cos)
    i.__kernel_poly                          0x08004140   Section        0  poly.o(i.__kernel_poly)
    i.__kernel_sin                           0x080041ec   Section        0  sin_i.o(i.__kernel_sin)
    i.__mathlib_dbl_infnan                   0x080042d8   Section        0  dunder.o(i.__mathlib_dbl_infnan)
    i.__mathlib_dbl_infnan2                  0x080042de   Section        0  dunder.o(i.__mathlib_dbl_infnan2)
    i.__mathlib_dbl_invalid                  0x080042e2   Section        0  dunder.o(i.__mathlib_dbl_invalid)
    i.__mathlib_dbl_underflow                0x080042f0   Section        0  dunder.o(i.__mathlib_dbl_underflow)
    i.atan                                   0x08004300   Section        0  atan.o(i.atan)
    i.atan2                                  0x08004520   Section        0  atan2.o(i.atan2)
    i.cos                                    0x080046bc   Section        0  cos.o(i.cos)
    i.sin                                    0x08004758   Section        0  sin.o(i.sin)
    x$fpl$d2f                                0x080047f8   Section       98  d2f.o(x$fpl$d2f)
    x$fpl$dadd                               0x0800485c   Section      336  daddsub_clz.o(x$fpl$dadd)
    _dadd1                                   0x0800486d   Thumb Code     0  daddsub_clz.o(x$fpl$dadd)
    x$fpl$dcheck1                            0x080049ac   Section       16  dcheck1.o(x$fpl$dcheck1)
    x$fpl$dcmpinf                            0x080049bc   Section       24  dcmpi.o(x$fpl$dcmpinf)
    x$fpl$ddiv                               0x080049d4   Section      692  ddiv.o(x$fpl$ddiv)
    ddiv_entry                               0x080049db   Thumb Code     0  ddiv.o(x$fpl$ddiv)
    x$fpl$deqf                               0x08004c88   Section      120  deqf.o(x$fpl$deqf)
    x$fpl$dfix                               0x08004d00   Section       94  dfix.o(x$fpl$dfix)
    x$fpl$dflt                               0x08004d5e   Section       46  dflt_clz.o(x$fpl$dflt)
    x$fpl$dfltu                              0x08004d8c   Section       38  dflt_clz.o(x$fpl$dfltu)
    x$fpl$dgeqf                              0x08004db4   Section      120  dgeqf.o(x$fpl$dgeqf)
    x$fpl$dleqf                              0x08004e2c   Section      120  dleqf.o(x$fpl$dleqf)
    x$fpl$dmul                               0x08004ea4   Section      340  dmul.o(x$fpl$dmul)
    x$fpl$dnaninf                            0x08004ff8   Section      156  dnaninf.o(x$fpl$dnaninf)
    x$fpl$dretinf                            0x08005094   Section       12  dretinf.o(x$fpl$dretinf)
    x$fpl$drsb                               0x080050a0   Section       22  daddsub_clz.o(x$fpl$drsb)
    x$fpl$dsub                               0x080050b8   Section      476  daddsub_clz.o(x$fpl$dsub)
    _dsub1                                   0x080050c9   Thumb Code     0  daddsub_clz.o(x$fpl$dsub)
    x$fpl$f2d                                0x08005294   Section       86  f2d.o(x$fpl$f2d)
    x$fpl$fadd                               0x080052ec   Section      196  faddsub_clz.o(x$fpl$fadd)
    _fadd1                                   0x080052fb   Thumb Code     0  faddsub_clz.o(x$fpl$fadd)
    x$fpl$fcmp                               0x080053b0   Section       84  dcmp.o(x$fpl$fcmp)
    x$fpl$fcmp                               0x08005404   Section       84  fcmp.o(x$fpl$fcmp)
    x$fpl$fcmpinf                            0x08005458   Section       24  fcmpi.o(x$fpl$fcmpinf)
    _fdiv1                                   0x08005471   Thumb Code     0  fdiv.o(x$fpl$fdiv)
    x$fpl$fdiv                               0x08005470   Section      388  fdiv.o(x$fpl$fdiv)
    x$fpl$feqf                               0x080055f4   Section      104  feqf.o(x$fpl$feqf)
    x$fpl$ffix                               0x0800565c   Section       54  ffix.o(x$fpl$ffix)
    x$fpl$fflt                               0x08005694   Section       48  fflt_clz.o(x$fpl$fflt)
    x$fpl$fgeqf                              0x080056c4   Section      104  fgeqf.o(x$fpl$fgeqf)
    x$fpl$fleqf                              0x0800572c   Section      104  fleqf.o(x$fpl$fleqf)
    x$fpl$fmul                               0x08005794   Section      258  fmul.o(x$fpl$fmul)
    x$fpl$fnaninf                            0x08005896   Section      140  fnaninf.o(x$fpl$fnaninf)
    x$fpl$fretinf                            0x08005922   Section       10  fretinf.o(x$fpl$fretinf)
    x$fpl$fsub                               0x0800592c   Section      234  faddsub_clz.o(x$fpl$fsub)
    _fsub1                                   0x0800593b   Thumb Code     0  faddsub_clz.o(x$fpl$fsub)
    x$fpl$retnan                             0x08005a16   Section      100  retnan.o(x$fpl$retnan)
    x$fpl$scalbn                             0x08005a7a   Section       92  scalbn.o(x$fpl$scalbn)
    x$fpl$trapveneer                         0x08005ad6   Section       48  trapv.o(x$fpl$trapveneer)
    x$fpl$usenofp                            0x08005b06   Section        0  usenofp.o(x$fpl$usenofp)
    atanhi                                   0x08005b08   Data          32  atan.o(.constdata)
    .constdata                               0x08005b08   Section      152  atan.o(.constdata)
    atanlo                                   0x08005b28   Data          32  atan.o(.constdata)
    aTodd                                    0x08005b48   Data          40  atan.o(.constdata)
    aTeven                                   0x08005b70   Data          48  atan.o(.constdata)
    C                                        0x08005ba0   Data          48  cos_i.o(.constdata)
    .constdata                               0x08005ba0   Section       48  cos_i.o(.constdata)
    .constdata                               0x08005bd0   Section        8  qnan.o(.constdata)
    pio2s                                    0x08005bd8   Data          48  rred.o(.constdata)
    .constdata                               0x08005bd8   Section      204  rred.o(.constdata)
    twooverpi                                0x08005c08   Data         156  rred.o(.constdata)
    S                                        0x08005ca8   Data          40  sin_i.o(.constdata)
    .constdata                               0x08005ca8   Section       40  sin_i.o(.constdata)
    .L__const.HAL_RCC_GetSysClockFreq.aPredivFactorTable 0x08005cd0   Data           2  stm32f1xx_hal_rcc.o(.rodata..L__const.HAL_RCC_GetSysClockFreq.aPredivFactorTable)
    .L__const.HAL_RCC_GetSysClockFreq.aPLLMULFactorTable 0x08005cea   Data          16  stm32f1xx_hal_rcc.o(.rodata.cst16)
    .L_MergedGlobals                         0x20000000   Data          52  main.o(.data..L_MergedGlobals)
    [Anonymous Symbol]                       0x20000000   Section        0  main.o(.data..L_MergedGlobals)
    .L_MergedGlobals                         0x20000034   Data           8  stm32f1xx_hal.o(.data..L_MergedGlobals)
    [Anonymous Symbol]                       0x20000034   Section        0  stm32f1xx_hal.o(.data..L_MergedGlobals)
    .bss                                     0x20000040   Section       96  libspace.o(.bss)
    .L_MergedGlobals.1                       0x200000a0   Data         124  main.o(.bss..L_MergedGlobals.1)
    [Anonymous Symbol]                       0x200000a0   Section        0  main.o(.bss..L_MergedGlobals.1)
    .L_MergedGlobals.2                       0x20000120   Data         120  main.o(.bss..L_MergedGlobals.2)
    [Anonymous Symbol]                       0x20000120   Section        0  main.o(.bss..L_MergedGlobals.2)
    .L_MergedGlobals.3                       0x20000198   Data         124  main.o(.bss..L_MergedGlobals.3)
    [Anonymous Symbol]                       0x20000198   Section        0  main.o(.bss..L_MergedGlobals.3)
    Heap_Mem                                 0x20000380   Data         512  startup_stm32f103xe.o(HEAP)
    HEAP                                     0x20000380   Section      512  startup_stm32f103xe.o(HEAP)
    Stack_Mem                                0x20000580   Data        1024  startup_stm32f103xe.o(STACK)
    STACK                                    0x20000580   Section     1024  startup_stm32f103xe.o(STACK)
    __initial_sp                             0x20000980   Data           0  startup_stm32f103xe.o(STACK)

    Global Symbols

    Symbol Name                              Value     Ov Type        Size  Object(Section)

    BuildAttributes$$THM_ISAv4$P$D$K$B$S$PE$A:L22UL41UL21$X:L11$S22US41US21$IEEE1$IW$~IW$USESV6$~STKCKD$USESV7$~SHL$OTIME$ROPI$IEEEX$EBA8$UX$STANDARDLIB$REQ8$PRES8$EABIv2 0x00000000   Number         0  anon$$obj.o ABSOLUTE
    __fp_init_empty                          0x00000000   Number         0  fpinit_empty.o ABSOLUTE
    __ARM_exceptions_init                     - Undefined Weak Reference
    __alloca_initialize                       - Undefined Weak Reference
    __arm_preinit_                            - Undefined Weak Reference
    __cpp_initialize__aeabi_                  - Undefined Weak Reference
    __cxa_finalize                            - Undefined Weak Reference
    __rt_locale                               - Undefined Weak Reference
    __sigvec_lookup                           - Undefined Weak Reference
    _atexit_init                              - Undefined Weak Reference
    _call_atexit_fns                          - Undefined Weak Reference
    _clock_init                               - Undefined Weak Reference
    _fp_trap_init                             - Undefined Weak Reference
    _fp_trap_shutdown                         - Undefined Weak Reference
    _get_lc_collate                           - Undefined Weak Reference
    _get_lc_ctype                             - Undefined Weak Reference
    _get_lc_monetary                          - Undefined Weak Reference
    _get_lc_numeric                           - Undefined Weak Reference
    _get_lc_time                              - Undefined Weak Reference
    _getenv_init                              - Undefined Weak Reference
    _handle_redirection                       - Undefined Weak Reference
    _init_alloc                               - Undefined Weak Reference
    _init_user_alloc                          - Undefined Weak Reference
    _initio                                   - Undefined Weak Reference
    _rand_init                                - Undefined Weak Reference
    _signal_finish                            - Undefined Weak Reference
    _signal_init                              - Undefined Weak Reference
    _terminate_alloc                          - Undefined Weak Reference
    _terminate_user_alloc                     - Undefined Weak Reference
    _terminateio                              - Undefined Weak Reference
    __Vectors_Size                           0x00000130   Number         0  startup_stm32f103xe.o ABSOLUTE
    __Vectors                                0x08000000   Data           4  startup_stm32f103xe.o(RESET)
    __Vectors_End                            0x08000130   Data           0  startup_stm32f103xe.o(RESET)
    __main                                   0x08000131   Thumb Code     8  __main.o(!!!main)
    __scatterload                            0x08000139   Thumb Code     0  __scatter.o(!!!scatter)
    __scatterload_rt2                        0x08000139   Thumb Code    44  __scatter.o(!!!scatter)
    __scatterload_rt2_thumb_only             0x08000139   Thumb Code     0  __scatter.o(!!!scatter)
    __scatterload_null                       0x08000147   Thumb Code     0  __scatter.o(!!!scatter)
    __scatterload_copy                       0x0800016d   Thumb Code    26  __scatter_copy.o(!!handler_copy)
    __scatterload_zeroinit                   0x08000189   Thumb Code    28  __scatter_zi.o(!!handler_zi)
    __rt_lib_init                            0x080001a5   Thumb Code     0  libinit.o(.ARM.Collect$$libinit$$00000000)
    __rt_lib_init_alloca_1                   0x080001a7   Thumb Code     0  libinit2.o(.ARM.Collect$$libinit$$0000002E)
    __rt_lib_init_argv_1                     0x080001a7   Thumb Code     0  libinit2.o(.ARM.Collect$$libinit$$0000002C)
    __rt_lib_init_atexit_1                   0x080001a7   Thumb Code     0  libinit2.o(.ARM.Collect$$libinit$$0000001B)
    __rt_lib_init_clock_1                    0x080001a7   Thumb Code     0  libinit2.o(.ARM.Collect$$libinit$$00000021)
    __rt_lib_init_cpp_1                      0x080001a7   Thumb Code     0  libinit2.o(.ARM.Collect$$libinit$$00000032)
    __rt_lib_init_exceptions_1               0x080001a7   Thumb Code     0  libinit2.o(.ARM.Collect$$libinit$$00000030)
    __rt_lib_init_fp_1                       0x080001a7   Thumb Code     0  libinit2.o(.ARM.Collect$$libinit$$00000002)
    __rt_lib_init_fp_trap_1                  0x080001a7   Thumb Code     0  libinit2.o(.ARM.Collect$$libinit$$0000001F)
    __rt_lib_init_getenv_1                   0x080001a7   Thumb Code     0  libinit2.o(.ARM.Collect$$libinit$$00000023)
    __rt_lib_init_heap_1                     0x080001a7   Thumb Code     0  libinit2.o(.ARM.Collect$$libinit$$0000000A)
    __rt_lib_init_lc_collate_1               0x080001a7   Thumb Code     0  libinit2.o(.ARM.Collect$$libinit$$00000011)
    __rt_lib_init_lc_ctype_1                 0x080001a7   Thumb Code     0  libinit2.o(.ARM.Collect$$libinit$$00000013)
    __rt_lib_init_lc_monetary_1              0x080001a7   Thumb Code     0  libinit2.o(.ARM.Collect$$libinit$$00000015)
    __rt_lib_init_lc_numeric_1               0x080001a7   Thumb Code     0  libinit2.o(.ARM.Collect$$libinit$$00000017)
    __rt_lib_init_lc_time_1                  0x080001a7   Thumb Code     0  libinit2.o(.ARM.Collect$$libinit$$00000019)
    __rt_lib_init_preinit_1                  0x080001a7   Thumb Code     0  libinit2.o(.ARM.Collect$$libinit$$00000004)
    __rt_lib_init_rand_1                     0x080001a7   Thumb Code     0  libinit2.o(.ARM.Collect$$libinit$$0000000E)
    __rt_lib_init_return                     0x080001a7   Thumb Code     0  libinit2.o(.ARM.Collect$$libinit$$00000033)
    __rt_lib_init_signal_1                   0x080001a7   Thumb Code     0  libinit2.o(.ARM.Collect$$libinit$$0000001D)
    __rt_lib_init_stdio_1                    0x080001a7   Thumb Code     0  libinit2.o(.ARM.Collect$$libinit$$00000025)
    __rt_lib_init_user_alloc_1               0x080001a7   Thumb Code     0  libinit2.o(.ARM.Collect$$libinit$$0000000C)
    __rt_lib_shutdown                        0x080001a9   Thumb Code     0  libshutdown.o(.ARM.Collect$$libshutdown$$00000000)
    __rt_lib_shutdown_cpp_1                  0x080001ab   Thumb Code     0  libshutdown2.o(.ARM.Collect$$libshutdown$$00000002)
    __rt_lib_shutdown_fp_trap_1              0x080001ab   Thumb Code     0  libshutdown2.o(.ARM.Collect$$libshutdown$$00000007)
    __rt_lib_shutdown_heap_1                 0x080001ab   Thumb Code     0  libshutdown2.o(.ARM.Collect$$libshutdown$$0000000F)
    __rt_lib_shutdown_return                 0x080001ab   Thumb Code     0  libshutdown2.o(.ARM.Collect$$libshutdown$$00000010)
    __rt_lib_shutdown_signal_1               0x080001ab   Thumb Code     0  libshutdown2.o(.ARM.Collect$$libshutdown$$0000000A)
    __rt_lib_shutdown_stdio_1                0x080001ab   Thumb Code     0  libshutdown2.o(.ARM.Collect$$libshutdown$$00000004)
    __rt_lib_shutdown_user_alloc_1           0x080001ab   Thumb Code     0  libshutdown2.o(.ARM.Collect$$libshutdown$$0000000C)
    __rt_entry                               0x080001ad   Thumb Code     0  __rtentry.o(.ARM.Collect$$rtentry$$00000000)
    __rt_entry_presh_1                       0x080001ad   Thumb Code     0  __rtentry2.o(.ARM.Collect$$rtentry$$00000002)
    __rt_entry_sh                            0x080001ad   Thumb Code     0  __rtentry4.o(.ARM.Collect$$rtentry$$00000004)
    __rt_entry_li                            0x080001b3   Thumb Code     0  __rtentry2.o(.ARM.Collect$$rtentry$$0000000A)
    __rt_entry_postsh_1                      0x080001b3   Thumb Code     0  __rtentry2.o(.ARM.Collect$$rtentry$$00000009)
    __rt_entry_main                          0x080001b7   Thumb Code     0  __rtentry2.o(.ARM.Collect$$rtentry$$0000000D)
    __rt_entry_postli_1                      0x080001b7   Thumb Code     0  __rtentry2.o(.ARM.Collect$$rtentry$$0000000C)
    __rt_exit                                0x080001bf   Thumb Code     0  rtexit.o(.ARM.Collect$$rtexit$$00000000)
    __rt_exit_ls                             0x080001c1   Thumb Code     0  rtexit2.o(.ARM.Collect$$rtexit$$00000003)
    __rt_exit_prels_1                        0x080001c1   Thumb Code     0  rtexit2.o(.ARM.Collect$$rtexit$$00000002)
    __rt_exit_exit                           0x080001c5   Thumb Code     0  rtexit2.o(.ARM.Collect$$rtexit$$00000004)
    Reset_Handler                            0x080001cd   Thumb Code     8  startup_stm32f103xe.o(.text)
    ADC1_2_IRQHandler                        0x080001e7   Thumb Code     0  startup_stm32f103xe.o(.text)
    ADC3_IRQHandler                          0x080001e7   Thumb Code     0  startup_stm32f103xe.o(.text)
    CAN1_RX1_IRQHandler                      0x080001e7   Thumb Code     0  startup_stm32f103xe.o(.text)
    CAN1_SCE_IRQHandler                      0x080001e7   Thumb Code     0  startup_stm32f103xe.o(.text)
    DMA1_Channel1_IRQHandler                 0x080001e7   Thumb Code     0  startup_stm32f103xe.o(.text)
    DMA1_Channel2_IRQHandler                 0x080001e7   Thumb Code     0  startup_stm32f103xe.o(.text)
    DMA1_Channel3_IRQHandler                 0x080001e7   Thumb Code     0  startup_stm32f103xe.o(.text)
    DMA1_Channel4_IRQHandler                 0x080001e7   Thumb Code     0  startup_stm32f103xe.o(.text)
    DMA1_Channel5_IRQHandler                 0x080001e7   Thumb Code     0  startup_stm32f103xe.o(.text)
    DMA1_Channel6_IRQHandler                 0x080001e7   Thumb Code     0  startup_stm32f103xe.o(.text)
    DMA1_Channel7_IRQHandler                 0x080001e7   Thumb Code     0  startup_stm32f103xe.o(.text)
    DMA2_Channel1_IRQHandler                 0x080001e7   Thumb Code     0  startup_stm32f103xe.o(.text)
    DMA2_Channel2_IRQHandler                 0x080001e7   Thumb Code     0  startup_stm32f103xe.o(.text)
    DMA2_Channel3_IRQHandler                 0x080001e7   Thumb Code     0  startup_stm32f103xe.o(.text)
    DMA2_Channel4_5_IRQHandler               0x080001e7   Thumb Code     0  startup_stm32f103xe.o(.text)
    EXTI0_IRQHandler                         0x080001e7   Thumb Code     0  startup_stm32f103xe.o(.text)
    EXTI15_10_IRQHandler                     0x080001e7   Thumb Code     0  startup_stm32f103xe.o(.text)
    EXTI1_IRQHandler                         0x080001e7   Thumb Code     0  startup_stm32f103xe.o(.text)
    EXTI2_IRQHandler                         0x080001e7   Thumb Code     0  startup_stm32f103xe.o(.text)
    EXTI3_IRQHandler                         0x080001e7   Thumb Code     0  startup_stm32f103xe.o(.text)
    EXTI4_IRQHandler                         0x080001e7   Thumb Code     0  startup_stm32f103xe.o(.text)
    FLASH_IRQHandler                         0x080001e7   Thumb Code     0  startup_stm32f103xe.o(.text)
    FSMC_IRQHandler                          0x080001e7   Thumb Code     0  startup_stm32f103xe.o(.text)
    I2C1_ER_IRQHandler                       0x080001e7   Thumb Code     0  startup_stm32f103xe.o(.text)
    I2C1_EV_IRQHandler                       0x080001e7   Thumb Code     0  startup_stm32f103xe.o(.text)
    I2C2_ER_IRQHandler                       0x080001e7   Thumb Code     0  startup_stm32f103xe.o(.text)
    I2C2_EV_IRQHandler                       0x080001e7   Thumb Code     0  startup_stm32f103xe.o(.text)
    PVD_IRQHandler                           0x080001e7   Thumb Code     0  startup_stm32f103xe.o(.text)
    RCC_IRQHandler                           0x080001e7   Thumb Code     0  startup_stm32f103xe.o(.text)
    RTC_Alarm_IRQHandler                     0x080001e7   Thumb Code     0  startup_stm32f103xe.o(.text)
    RTC_IRQHandler                           0x080001e7   Thumb Code     0  startup_stm32f103xe.o(.text)
    SDIO_IRQHandler                          0x080001e7   Thumb Code     0  startup_stm32f103xe.o(.text)
    SPI1_IRQHandler                          0x080001e7   Thumb Code     0  startup_stm32f103xe.o(.text)
    SPI2_IRQHandler                          0x080001e7   Thumb Code     0  startup_stm32f103xe.o(.text)
    SPI3_IRQHandler                          0x080001e7   Thumb Code     0  startup_stm32f103xe.o(.text)
    TAMPER_IRQHandler                        0x080001e7   Thumb Code     0  startup_stm32f103xe.o(.text)
    TIM1_BRK_IRQHandler                      0x080001e7   Thumb Code     0  startup_stm32f103xe.o(.text)
    TIM1_CC_IRQHandler                       0x080001e7   Thumb Code     0  startup_stm32f103xe.o(.text)
    TIM1_TRG_COM_IRQHandler                  0x080001e7   Thumb Code     0  startup_stm32f103xe.o(.text)
    TIM2_IRQHandler                          0x080001e7   Thumb Code     0  startup_stm32f103xe.o(.text)
    TIM3_IRQHandler                          0x080001e7   Thumb Code     0  startup_stm32f103xe.o(.text)
    TIM5_IRQHandler                          0x080001e7   Thumb Code     0  startup_stm32f103xe.o(.text)
    TIM6_IRQHandler                          0x080001e7   Thumb Code     0  startup_stm32f103xe.o(.text)
    TIM7_IRQHandler                          0x080001e7   Thumb Code     0  startup_stm32f103xe.o(.text)
    TIM8_BRK_IRQHandler                      0x080001e7   Thumb Code     0  startup_stm32f103xe.o(.text)
    TIM8_CC_IRQHandler                       0x080001e7   Thumb Code     0  startup_stm32f103xe.o(.text)
    TIM8_TRG_COM_IRQHandler                  0x080001e7   Thumb Code     0  startup_stm32f103xe.o(.text)
    TIM8_UP_IRQHandler                       0x080001e7   Thumb Code     0  startup_stm32f103xe.o(.text)
    UART4_IRQHandler                         0x080001e7   Thumb Code     0  startup_stm32f103xe.o(.text)
    UART5_IRQHandler                         0x080001e7   Thumb Code     0  startup_stm32f103xe.o(.text)
    USART2_IRQHandler                        0x080001e7   Thumb Code     0  startup_stm32f103xe.o(.text)
    USART3_IRQHandler                        0x080001e7   Thumb Code     0  startup_stm32f103xe.o(.text)
    USBWakeUp_IRQHandler                     0x080001e7   Thumb Code     0  startup_stm32f103xe.o(.text)
    USB_HP_CAN1_TX_IRQHandler                0x080001e7   Thumb Code     0  startup_stm32f103xe.o(.text)
    USB_LP_CAN1_RX0_IRQHandler               0x080001e7   Thumb Code     0  startup_stm32f103xe.o(.text)
    WWDG_IRQHandler                          0x080001e7   Thumb Code     0  startup_stm32f103xe.o(.text)
    __user_initial_stackheap                 0x080001e9   Thumb Code     0  startup_stm32f103xe.o(.text)
    __use_two_region_memory                  0x0800020d   Thumb Code     2  heapauxi.o(.text)
    __rt_heap_escrow$2region                 0x0800020f   Thumb Code     2  heapauxi.o(.text)
    __rt_heap_expand$2region                 0x08000211   Thumb Code     2  heapauxi.o(.text)
    __read_errno                             0x08000213   Thumb Code    10  _rserrno.o(.text)
    __set_errno                              0x0800021d   Thumb Code    12  _rserrno.o(.text)
    __aeabi_errno_addr                       0x08000229   Thumb Code     8  rt_errno_addr_intlibspace.o(.text)
    __errno$intlibspace                      0x08000229   Thumb Code     0  rt_errno_addr_intlibspace.o(.text)
    __rt_errno_addr$intlibspace              0x08000229   Thumb Code     0  rt_errno_addr_intlibspace.o(.text)
    __user_libspace                          0x08000231   Thumb Code     8  libspace.o(.text)
    __user_perproc_libspace                  0x08000231   Thumb Code     0  libspace.o(.text)
    __user_perthread_libspace                0x08000231   Thumb Code     0  libspace.o(.text)
    __user_setup_stackheap                   0x08000239   Thumb Code    74  sys_stackheap_outer.o(.text)
    exit                                     0x08000283   Thumb Code    18  exit.o(.text)
    _sys_exit                                0x08000295   Thumb Code     8  sys_exit.o(.text)
    __I$use$semihosting                      0x080002a1   Thumb Code     0  use_no_semi.o(.text)
    __use_no_semihosting_swi                 0x080002a1   Thumb Code     2  use_no_semi.o(.text)
    __semihosting_library_function           0x080002a3   Thumb Code     0  indicate_semi.o(.text)
    ADC_Enable                               0x080002a5   Thumb Code   182  stm32f1xx_hal_adc.o(.text.ADC_Enable)
    BusFault_Handler                         0x0800035d   Thumb Code     2  stm32f1xx_it.o(.text.BusFault_Handler)
    DebugMon_Handler                         0x08000361   Thumb Code     2  stm32f1xx_it.o(.text.DebugMon_Handler)
    EXTI9_5_IRQHandler                       0x08000365   Thumb Code    32  stm32f1xx_it.o(.text.EXTI9_5_IRQHandler)
    HAL_ADC_ConfigChannel                    0x08000385   Thumb Code   376  stm32f1xx_hal_adc.o(.text.HAL_ADC_ConfigChannel)
    HAL_ADC_GetValue                         0x080004fd   Thumb Code     6  stm32f1xx_hal_adc.o(.text.HAL_ADC_GetValue)
    HAL_ADC_Init                             0x08000505   Thumb Code   380  stm32f1xx_hal_adc.o(.text.HAL_ADC_Init)
    HAL_ADC_MspInit                          0x08000681   Thumb Code   136  stm32f1xx_hal_msp.o(.text.HAL_ADC_MspInit)
    HAL_ADC_PollForConversion                0x08000709   Thumb Code   616  stm32f1xx_hal_adc.o(.text.HAL_ADC_PollForConversion)
    HAL_ADC_Start                            0x08000971   Thumb Code   204  stm32f1xx_hal_adc.o(.text.HAL_ADC_Start)
    HAL_ADC_Stop                             0x08000a3d   Thumb Code   126  stm32f1xx_hal_adc.o(.text.HAL_ADC_Stop)
    HAL_DMA_Abort                            0x08000abd   Thumb Code    70  stm32f1xx_hal_dma.o(.text.HAL_DMA_Abort)
    HAL_DMA_Abort_IT                         0x08000b05   Thumb Code   294  stm32f1xx_hal_dma.o(.text.HAL_DMA_Abort_IT)
    HAL_GPIO_EXTI_Callback                   0x08000c2d   Thumb Code   128  main.o(.text.HAL_GPIO_EXTI_Callback)
    HAL_GPIO_EXTI_IRQHandler                 0x08000cad   Thumb Code    22  stm32f1xx_hal_gpio.o(.text.HAL_GPIO_EXTI_IRQHandler)
    HAL_GPIO_Init                            0x08000cc5   Thumb Code   506  stm32f1xx_hal_gpio.o(.text.HAL_GPIO_Init)
    HAL_GPIO_ReadPin                         0x08000ec1   Thumb Code    10  stm32f1xx_hal_gpio.o(.text.HAL_GPIO_ReadPin)
    HAL_GPIO_WritePin                        0x08000ecd   Thumb Code    10  stm32f1xx_hal_gpio.o(.text.HAL_GPIO_WritePin)
    HAL_GetTick                              0x08000ed9   Thumb Code    12  stm32f1xx_hal.o(.text.HAL_GetTick)
    HAL_IncTick                              0x08000ee5   Thumb Code    26  stm32f1xx_hal.o(.text.HAL_IncTick)
    HAL_Init                                 0x08000f01   Thumb Code    38  stm32f1xx_hal.o(.text.HAL_Init)
    HAL_InitTick                             0x08000f29   Thumb Code    72  stm32f1xx_hal.o(.text.HAL_InitTick)
    HAL_MspInit                              0x08000f71   Thumb Code    66  stm32f1xx_hal_msp.o(.text.HAL_MspInit)
    HAL_NVIC_EnableIRQ                       0x08000fb5   Thumb Code    32  stm32f1xx_hal_cortex.o(.text.HAL_NVIC_EnableIRQ)
    HAL_NVIC_SetPriority                     0x08000fd5   Thumb Code    86  stm32f1xx_hal_cortex.o(.text.HAL_NVIC_SetPriority)
    HAL_NVIC_SetPriorityGrouping             0x0800102d   Thumb Code    32  stm32f1xx_hal_cortex.o(.text.HAL_NVIC_SetPriorityGrouping)
    HAL_RCCEx_GetPeriphCLKFreq               0x0800104d   Thumb Code   252  stm32f1xx_hal_rcc_ex.o(.text.HAL_RCCEx_GetPeriphCLKFreq)
    HAL_RCCEx_PeriphCLKConfig                0x0800115d   Thumb Code   266  stm32f1xx_hal_rcc_ex.o(.text.HAL_RCCEx_PeriphCLKConfig)
    HAL_RCC_CSSCallback                      0x08001269   Thumb Code     2  stm32f1xx_hal_rcc.o(.text.HAL_RCC_CSSCallback)
    HAL_RCC_ClockConfig                      0x0800126d   Thumb Code   446  stm32f1xx_hal_rcc.o(.text.HAL_RCC_ClockConfig)
    HAL_RCC_EnableCSS                        0x0800142d   Thumb Code    12  stm32f1xx_hal_rcc.o(.text.HAL_RCC_EnableCSS)
    HAL_RCC_GetPCLK1Freq                     0x08001439   Thumb Code    38  stm32f1xx_hal_rcc.o(.text.HAL_RCC_GetPCLK1Freq)
    HAL_RCC_GetPCLK2Freq                     0x08001461   Thumb Code    38  stm32f1xx_hal_rcc.o(.text.HAL_RCC_GetPCLK2Freq)
    HAL_RCC_GetSysClockFreq                  0x08001489   Thumb Code    86  stm32f1xx_hal_rcc.o(.text.HAL_RCC_GetSysClockFreq)
    HAL_RCC_NMI_IRQHandler                   0x080014e1   Thumb Code    28  stm32f1xx_hal_rcc.o(.text.HAL_RCC_NMI_IRQHandler)
    HAL_RCC_OscConfig                        0x080014fd   Thumb Code   948  stm32f1xx_hal_rcc.o(.text.HAL_RCC_OscConfig)
    HAL_SYSTICK_Config                       0x080018b1   Thumb Code    44  stm32f1xx_hal_cortex.o(.text.HAL_SYSTICK_Config)
    HAL_TIMEx_BreakCallback                  0x080018dd   Thumb Code     2  stm32f1xx_hal_tim_ex.o(.text.HAL_TIMEx_BreakCallback)
    HAL_TIMEx_CommutCallback                 0x080018e1   Thumb Code     2  stm32f1xx_hal_tim_ex.o(.text.HAL_TIMEx_CommutCallback)
    HAL_TIMEx_MasterConfigSynchronization    0x080018e5   Thumb Code   146  stm32f1xx_hal_tim_ex.o(.text.HAL_TIMEx_MasterConfigSynchronization)
    HAL_TIM_Base_Init                        0x08001979   Thumb Code   294  stm32f1xx_hal_tim.o(.text.HAL_TIM_Base_Init)
    HAL_TIM_Base_MspInit                     0x08001aa1   Thumb Code   228  stm32f1xx_hal_msp.o(.text.HAL_TIM_Base_MspInit)
    HAL_TIM_Base_Start_IT                    0x08001b85   Thumb Code   134  stm32f1xx_hal_tim.o(.text.HAL_TIM_Base_Start_IT)
    HAL_TIM_ConfigClockSource                0x08001c0d   Thumb Code   402  stm32f1xx_hal_tim.o(.text.HAL_TIM_ConfigClockSource)
    HAL_TIM_IC_CaptureCallback               0x08001da1   Thumb Code     2  stm32f1xx_hal_tim.o(.text.HAL_TIM_IC_CaptureCallback)
    HAL_TIM_IRQHandler                       0x08001da5   Thumb Code   368  stm32f1xx_hal_tim.o(.text.HAL_TIM_IRQHandler)
    HAL_TIM_MspPostInit                      0x08001f15   Thumb Code   134  stm32f1xx_hal_msp.o(.text.HAL_TIM_MspPostInit)
    HAL_TIM_OC_DelayElapsedCallback          0x08001f9d   Thumb Code     2  stm32f1xx_hal_tim.o(.text.HAL_TIM_OC_DelayElapsedCallback)
    HAL_TIM_PWM_ConfigChannel                0x08001fa1   Thumb Code   590  stm32f1xx_hal_tim.o(.text.HAL_TIM_PWM_ConfigChannel)
    HAL_TIM_PWM_Init                         0x080021f1   Thumb Code   294  stm32f1xx_hal_tim.o(.text.HAL_TIM_PWM_Init)
    HAL_TIM_PWM_MspInit                      0x08002319   Thumb Code     2  stm32f1xx_hal_tim.o(.text.HAL_TIM_PWM_MspInit)
    HAL_TIM_PWM_PulseFinishedCallback        0x0800231d   Thumb Code     2  stm32f1xx_hal_tim.o(.text.HAL_TIM_PWM_PulseFinishedCallback)
    HAL_TIM_PWM_Start                        0x08002321   Thumb Code   226  stm32f1xx_hal_tim.o(.text.HAL_TIM_PWM_Start)
    HAL_TIM_PeriodElapsedCallback            0x08002405   Thumb Code    50  main.o(.text.HAL_TIM_PeriodElapsedCallback)
    HAL_TIM_TriggerCallback                  0x08002439   Thumb Code     2  stm32f1xx_hal_tim.o(.text.HAL_TIM_TriggerCallback)
    HAL_UARTEx_RxEventCallback               0x0800243d   Thumb Code     2  stm32f1xx_hal_uart.o(.text.HAL_UARTEx_RxEventCallback)
    HAL_UART_ErrorCallback                   0x08002441   Thumb Code     2  stm32f1xx_hal_uart.o(.text.HAL_UART_ErrorCallback)
    HAL_UART_IRQHandler                      0x08002445   Thumb Code   610  stm32f1xx_hal_uart.o(.text.HAL_UART_IRQHandler)
    HAL_UART_Init                            0x080026a9   Thumb Code   220  stm32f1xx_hal_uart.o(.text.HAL_UART_Init)
    HAL_UART_MspInit                         0x08002785   Thumb Code   152  stm32f1xx_hal_msp.o(.text.HAL_UART_MspInit)
    HAL_UART_Receive                         0x0800281d   Thumb Code   436  stm32f1xx_hal_uart.o(.text.HAL_UART_Receive)
    HAL_UART_Receive_IT                      0x080029d1   Thumb Code    86  stm32f1xx_hal_uart.o(.text.HAL_UART_Receive_IT)
    HAL_UART_RxCpltCallback                  0x08002a29   Thumb Code    14  main.o(.text.HAL_UART_RxCpltCallback)
    HAL_UART_TxCpltCallback                  0x08002a39   Thumb Code     2  stm32f1xx_hal_uart.o(.text.HAL_UART_TxCpltCallback)
    HardFault_Handler                        0x08002a3d   Thumb Code     2  stm32f1xx_it.o(.text.HardFault_Handler)
    MemManage_Handler                        0x08002a41   Thumb Code     2  stm32f1xx_it.o(.text.MemManage_Handler)
    NMI_Handler                              0x08002a45   Thumb Code     6  stm32f1xx_it.o(.text.NMI_Handler)
    PendSV_Handler                           0x08002a4d   Thumb Code     2  stm32f1xx_it.o(.text.PendSV_Handler)
    SVC_Handler                              0x08002a51   Thumb Code     2  stm32f1xx_it.o(.text.SVC_Handler)
    SysTick_Handler                          0x08002a55   Thumb Code     4  stm32f1xx_it.o(.text.SysTick_Handler)
    SystemClock_Config                       0x08002a59   Thumb Code   152  main.o(.text.SystemClock_Config)
    SystemInit                               0x08002af1   Thumb Code     2  system_stm32f1xx.o(.text.SystemInit)
    TIM1_UP_IRQHandler                       0x08002af5   Thumb Code    12  stm32f1xx_it.o(.text.TIM1_UP_IRQHandler)
    TIM4_IRQHandler                          0x08002b01   Thumb Code    12  stm32f1xx_it.o(.text.TIM4_IRQHandler)
    USART1_IRQHandler                        0x08002bd1   Thumb Code    12  stm32f1xx_it.o(.text.USART1_IRQHandler)
    UsageFault_Handler                       0x08002bdd   Thumb Code     2  stm32f1xx_it.o(.text.UsageFault_Handler)
    main                                     0x08002be1   Thumb Code  4276  main.o(.text.main)
    __ARM_fpclassify                         0x08003c95   Thumb Code    40  fpclassify.o(i.__ARM_fpclassify)
    __ieee754_rem_pio2                       0x08003cbd   Thumb Code   828  rred.o(i.__ieee754_rem_pio2)
    __kernel_cos                             0x08004045   Thumb Code   230  cos_i.o(i.__kernel_cos)
    __kernel_poly                            0x08004141   Thumb Code   170  poly.o(i.__kernel_poly)
    __kernel_sin                             0x080041ed   Thumb Code   224  sin_i.o(i.__kernel_sin)
    __mathlib_dbl_infnan                     0x080042d9   Thumb Code     6  dunder.o(i.__mathlib_dbl_infnan)
    __mathlib_dbl_infnan2                    0x080042df   Thumb Code     4  dunder.o(i.__mathlib_dbl_infnan2)
    __mathlib_dbl_invalid                    0x080042e3   Thumb Code    12  dunder.o(i.__mathlib_dbl_invalid)
    __mathlib_dbl_underflow                  0x080042f1   Thumb Code    10  dunder.o(i.__mathlib_dbl_underflow)
    atan                                     0x08004301   Thumb Code   474  atan.o(i.atan)
    atan2                                    0x08004521   Thumb Code   374  atan2.o(i.atan2)
    cos                                      0x080046bd   Thumb Code   148  cos.o(i.cos)
    sin                                      0x08004759   Thumb Code   150  sin.o(i.sin)
    __aeabi_d2f                              0x080047f9   Thumb Code     0  d2f.o(x$fpl$d2f)
    _d2f                                     0x080047f9   Thumb Code    98  d2f.o(x$fpl$d2f)
    __aeabi_dadd                             0x0800485d   Thumb Code     0  daddsub_clz.o(x$fpl$dadd)
    _dadd                                    0x0800485d   Thumb Code   332  daddsub_clz.o(x$fpl$dadd)
    __fpl_dcheck_NaN1                        0x080049ad   Thumb Code    10  dcheck1.o(x$fpl$dcheck1)
    __fpl_dcmp_Inf                           0x080049bd   Thumb Code    24  dcmpi.o(x$fpl$dcmpinf)
    __aeabi_ddiv                             0x080049d5   Thumb Code     0  ddiv.o(x$fpl$ddiv)
    _ddiv                                    0x080049d5   Thumb Code   556  ddiv.o(x$fpl$ddiv)
    __aeabi_cdcmpeq                          0x08004c89   Thumb Code     0  deqf.o(x$fpl$deqf)
    _dcmpeq                                  0x08004c89   Thumb Code   120  deqf.o(x$fpl$deqf)
    __aeabi_d2iz                             0x08004d01   Thumb Code     0  dfix.o(x$fpl$dfix)
    _dfix                                    0x08004d01   Thumb Code    94  dfix.o(x$fpl$dfix)
    __aeabi_i2d                              0x08004d5f   Thumb Code     0  dflt_clz.o(x$fpl$dflt)
    _dflt                                    0x08004d5f   Thumb Code    46  dflt_clz.o(x$fpl$dflt)
    __aeabi_ui2d                             0x08004d8d   Thumb Code     0  dflt_clz.o(x$fpl$dfltu)
    _dfltu                                   0x08004d8d   Thumb Code    38  dflt_clz.o(x$fpl$dfltu)
    __aeabi_cdcmpge                          0x08004db5   Thumb Code     0  dgeqf.o(x$fpl$dgeqf)
    _dcmpge                                  0x08004db5   Thumb Code   120  dgeqf.o(x$fpl$dgeqf)
    __aeabi_cdcmple                          0x08004e2d   Thumb Code     0  dleqf.o(x$fpl$dleqf)
    _dcmple                                  0x08004e2d   Thumb Code   120  dleqf.o(x$fpl$dleqf)
    __fpl_dcmple_InfNaN                      0x08004e8f   Thumb Code     0  dleqf.o(x$fpl$dleqf)
    __aeabi_dmul                             0x08004ea5   Thumb Code     0  dmul.o(x$fpl$dmul)
    _dmul                                    0x08004ea5   Thumb Code   332  dmul.o(x$fpl$dmul)
    __fpl_dnaninf                            0x08004ff9   Thumb Code   156  dnaninf.o(x$fpl$dnaninf)
    __fpl_dretinf                            0x08005095   Thumb Code    12  dretinf.o(x$fpl$dretinf)
    __aeabi_drsub                            0x080050a1   Thumb Code     0  daddsub_clz.o(x$fpl$drsb)
    _drsb                                    0x080050a1   Thumb Code    22  daddsub_clz.o(x$fpl$drsb)
    __aeabi_dsub                             0x080050b9   Thumb Code     0  daddsub_clz.o(x$fpl$dsub)
    _dsub                                    0x080050b9   Thumb Code   472  daddsub_clz.o(x$fpl$dsub)
    __aeabi_f2d                              0x08005295   Thumb Code     0  f2d.o(x$fpl$f2d)
    _f2d                                     0x08005295   Thumb Code    86  f2d.o(x$fpl$f2d)
    __aeabi_fadd                             0x080052ed   Thumb Code     0  faddsub_clz.o(x$fpl$fadd)
    _fadd                                    0x080052ed   Thumb Code   196  faddsub_clz.o(x$fpl$fadd)
    __aeabi_dcmpeq                           0x080053b1   Thumb Code     0  dcmp.o(x$fpl$fcmp)
    _deq                                     0x080053b1   Thumb Code    14  dcmp.o(x$fpl$fcmp)
    _dneq                                    0x080053bf   Thumb Code    14  dcmp.o(x$fpl$fcmp)
    __aeabi_dcmpgt                           0x080053cd   Thumb Code     0  dcmp.o(x$fpl$fcmp)
    _dgr                                     0x080053cd   Thumb Code    14  dcmp.o(x$fpl$fcmp)
    __aeabi_dcmpge                           0x080053db   Thumb Code     0  dcmp.o(x$fpl$fcmp)
    _dgeq                                    0x080053db   Thumb Code    14  dcmp.o(x$fpl$fcmp)
    __aeabi_dcmple                           0x080053e9   Thumb Code     0  dcmp.o(x$fpl$fcmp)
    _dleq                                    0x080053e9   Thumb Code    14  dcmp.o(x$fpl$fcmp)
    __aeabi_dcmplt                           0x080053f7   Thumb Code     0  dcmp.o(x$fpl$fcmp)
    _dls                                     0x080053f7   Thumb Code    14  dcmp.o(x$fpl$fcmp)
    __aeabi_fcmpeq                           0x08005405   Thumb Code     0  fcmp.o(x$fpl$fcmp)
    _feq                                     0x08005405   Thumb Code    14  fcmp.o(x$fpl$fcmp)
    _fneq                                    0x08005413   Thumb Code    14  fcmp.o(x$fpl$fcmp)
    __aeabi_fcmpgt                           0x08005421   Thumb Code     0  fcmp.o(x$fpl$fcmp)
    _fgr                                     0x08005421   Thumb Code    14  fcmp.o(x$fpl$fcmp)
    __aeabi_fcmpge                           0x0800542f   Thumb Code     0  fcmp.o(x$fpl$fcmp)
    _fgeq                                    0x0800542f   Thumb Code    14  fcmp.o(x$fpl$fcmp)
    __aeabi_fcmple                           0x0800543d   Thumb Code     0  fcmp.o(x$fpl$fcmp)
    _fleq                                    0x0800543d   Thumb Code    14  fcmp.o(x$fpl$fcmp)
    __aeabi_fcmplt                           0x0800544b   Thumb Code     0  fcmp.o(x$fpl$fcmp)
    _fls                                     0x0800544b   Thumb Code    14  fcmp.o(x$fpl$fcmp)
    __fpl_fcmp_Inf                           0x08005459   Thumb Code    24  fcmpi.o(x$fpl$fcmpinf)
    __aeabi_fdiv                             0x08005471   Thumb Code     0  fdiv.o(x$fpl$fdiv)
    _fdiv                                    0x08005471   Thumb Code   384  fdiv.o(x$fpl$fdiv)
    __aeabi_cfcmpeq                          0x080055f5   Thumb Code     0  feqf.o(x$fpl$feqf)
    _fcmpeq                                  0x080055f5   Thumb Code   104  feqf.o(x$fpl$feqf)
    __aeabi_f2iz                             0x0800565d   Thumb Code     0  ffix.o(x$fpl$ffix)
    _ffix                                    0x0800565d   Thumb Code    54  ffix.o(x$fpl$ffix)
    __aeabi_i2f                              0x08005695   Thumb Code     0  fflt_clz.o(x$fpl$fflt)
    _fflt                                    0x08005695   Thumb Code    48  fflt_clz.o(x$fpl$fflt)
    _fcmpge                                  0x080056c5   Thumb Code   104  fgeqf.o(x$fpl$fgeqf)
    __aeabi_cfcmple                          0x0800572d   Thumb Code     0  fleqf.o(x$fpl$fleqf)
    _fcmple                                  0x0800572d   Thumb Code   104  fleqf.o(x$fpl$fleqf)
    __fpl_fcmple_InfNaN                      0x0800577f   Thumb Code     0  fleqf.o(x$fpl$fleqf)
    __aeabi_fmul                             0x08005795   Thumb Code     0  fmul.o(x$fpl$fmul)
    _fmul                                    0x08005795   Thumb Code   258  fmul.o(x$fpl$fmul)
    __fpl_fnaninf                            0x08005897   Thumb Code   140  fnaninf.o(x$fpl$fnaninf)
    __fpl_fretinf                            0x08005923   Thumb Code    10  fretinf.o(x$fpl$fretinf)
    __aeabi_fsub                             0x0800592d   Thumb Code     0  faddsub_clz.o(x$fpl$fsub)
    _fsub                                    0x0800592d   Thumb Code   234  faddsub_clz.o(x$fpl$fsub)
    __fpl_return_NaN                         0x08005a17   Thumb Code   100  retnan.o(x$fpl$retnan)
    __ARM_scalbn                             0x08005a7b   Thumb Code    92  scalbn.o(x$fpl$scalbn)
    __fpl_cmpreturn                          0x08005ad7   Thumb Code    48  trapv.o(x$fpl$trapveneer)
    __I$use$fp                               0x08005b06   Number         0  usenofp.o(x$fpl$usenofp)
    __mathlib_zero                           0x08005bd0   Data           8  qnan.o(.constdata)
    AHBPrescTable                            0x08005cd2   Data          16  system_stm32f1xx.o(.rodata.AHBPrescTable)
    APBPrescTable                            0x08005ce2   Data           8  system_stm32f1xx.o(.rodata.APBPrescTable)
    Region$$Table$$Base                      0x08005cfc   Number         0  anon$$obj.o(Region$$Table)
    Region$$Table$$Limit                     0x08005d1c   Number         0  anon$$obj.o(Region$$Table)
    kpR                                      0x20000000   Data           4  main.o(.data..L_MergedGlobals)
    kpL                                      0x20000004   Data           4  main.o(.data..L_MergedGlobals)
    ki_R                                     0x20000008   Data           4  main.o(.data..L_MergedGlobals)
    ki_L                                     0x2000000c   Data           4  main.o(.data..L_MergedGlobals)
    kd_R                                     0x20000010   Data           4  main.o(.data..L_MergedGlobals)
    kd_L                                     0x20000014   Data           4  main.o(.data..L_MergedGlobals)
    le1                                      0x20000018   Data           4  main.o(.data..L_MergedGlobals)
    le2                                      0x2000001c   Data           4  main.o(.data..L_MergedGlobals)
    k1                                       0x20000020   Data           4  main.o(.data..L_MergedGlobals)
    k2                                       0x20000024   Data           4  main.o(.data..L_MergedGlobals)
    k3                                       0x20000028   Data           4  main.o(.data..L_MergedGlobals)
    width                                    0x2000002c   Data           4  main.o(.data..L_MergedGlobals)
    r                                        0x20000030   Data           4  main.o(.data..L_MergedGlobals)
    uwTickFreq                               0x20000034   Data           1  stm32f1xx_hal.o(.data..L_MergedGlobals)
    uwTickPrio                               0x20000038   Data           4  stm32f1xx_hal.o(.data..L_MergedGlobals)
    SystemCoreClock                          0x2000003c   Data           4  system_stm32f1xx.o(.data.SystemCoreClock)
    __libspace_start                         0x20000040   Data          96  libspace.o(.bss)
    __temporary_stack_top$libspace           0x200000a0   Data           0  libspace.o(.bss)
    speedFlag                                0x200000a0   Data           1  main.o(.bss..L_MergedGlobals.1)
    locFlag                                  0x200000a1   Data           1  main.o(.bss..L_MergedGlobals.1)
    derivationFlag                           0x200000a2   Data           1  main.o(.bss..L_MergedGlobals.1)
    forwardR                                 0x200000a3   Data           1  main.o(.bss..L_MergedGlobals.1)
    forwardL                                 0x200000a4   Data           1  main.o(.bss..L_MergedGlobals.1)
    readValueL                               0x200000a6   Data           2  main.o(.bss..L_MergedGlobals.1)
    readValueR                               0x200000a8   Data           2  main.o(.bss..L_MergedGlobals.1)
    rPWM                                     0x200000ac   Data           4  main.o(.bss..L_MergedGlobals.1)
    lPWM                                     0x200000b0   Data           4  main.o(.bss..L_MergedGlobals.1)
    time                                     0x200000b4   Data           4  main.o(.bss..L_MergedGlobals.1)
    timerCounter                             0x200000b8   Data           4  main.o(.bss..L_MergedGlobals.1)
    loopNumber                               0x200000bc   Data           4  main.o(.bss..L_MergedGlobals.1)
    x                                        0x200000c0   Data           4  main.o(.bss..L_MergedGlobals.1)
    y                                        0x200000c4   Data           4  main.o(.bss..L_MergedGlobals.1)
    angle                                    0x200000c8   Data           4  main.o(.bss..L_MergedGlobals.1)
    lastalpha                                0x200000cc   Data           4  main.o(.bss..L_MergedGlobals.1)
    alphadot                                 0x200000d0   Data           4  main.o(.bss..L_MergedGlobals.1)
    pid_last_time                            0x200000d4   Data           4  main.o(.bss..L_MergedGlobals.1)
    start_time                               0x200000d8   Data           4  main.o(.bss..L_MergedGlobals.1)
    _ycd                                     0x200000dc   Data           4  main.o(.bss..L_MergedGlobals.1)
    _xcd                                     0x200000e0   Data           4  main.o(.bss..L_MergedGlobals.1)
    _thetad                                  0x200000e4   Data           4  main.o(.bss..L_MergedGlobals.1)
    counterRight                             0x200000e8   Data           4  main.o(.bss..L_MergedGlobals.1)
    counterBackRight                         0x200000ec   Data           4  main.o(.bss..L_MergedGlobals.1)
    counterLeft                              0x200000f0   Data           4  main.o(.bss..L_MergedGlobals.1)
    counterBackLeft                          0x200000f4   Data           4  main.o(.bss..L_MergedGlobals.1)
    rpmRightD                                0x200000f8   Data           4  main.o(.bss..L_MergedGlobals.1)
    rpmLeftD                                 0x200000fc   Data           4  main.o(.bss..L_MergedGlobals.1)
    torRightD                                0x20000100   Data           4  main.o(.bss..L_MergedGlobals.1)
    torLeftD                                 0x20000104   Data           4  main.o(.bss..L_MergedGlobals.1)
    currentL                                 0x20000108   Data           4  main.o(.bss..L_MergedGlobals.1)
    currentR                                 0x2000010c   Data           4  main.o(.bss..L_MergedGlobals.1)
    rpmRight                                 0x20000110   Data           4  main.o(.bss..L_MergedGlobals.1)
    rpmLeft                                  0x20000114   Data           4  main.o(.bss..L_MergedGlobals.1)
    got_x                                    0x20000118   Data           4  main.o(.bss..L_MergedGlobals.1)
    got_y                                    0x20000120   Data           4  main.o(.bss..L_MergedGlobals.2)
    got_angle                                0x20000124   Data           4  main.o(.bss..L_MergedGlobals.2)
    _wd                                      0x20000128   Data           4  main.o(.bss..L_MergedGlobals.2)
    _x2d                                     0x2000012c   Data           4  main.o(.bss..L_MergedGlobals.2)
    _x3d                                     0x20000130   Data           4  main.o(.bss..L_MergedGlobals.2)
    _x2                                      0x20000134   Data           4  main.o(.bss..L_MergedGlobals.2)
    _x3                                      0x20000138   Data           4  main.o(.bss..L_MergedGlobals.2)
    Xi1                                      0x2000013c   Data           4  main.o(.bss..L_MergedGlobals.2)
    z1                                       0x20000140   Data           4  main.o(.bss..L_MergedGlobals.2)
    A                                        0x20000144   Data           4  main.o(.bss..L_MergedGlobals.2)
    alpha                                    0x20000148   Data           4  main.o(.bss..L_MergedGlobals.2)
    z2                                       0x2000014c   Data           4  main.o(.bss..L_MergedGlobals.2)
    B                                        0x20000150   Data           4  main.o(.bss..L_MergedGlobals.2)
    Xi2                                      0x20000154   Data           4  main.o(.bss..L_MergedGlobals.2)
    V                                        0x20000158   Data           4  main.o(.bss..L_MergedGlobals.2)
    w                                        0x2000015c   Data           4  main.o(.bss..L_MergedGlobals.2)
    errorRight                               0x20000160   Data           4  main.o(.bss..L_MergedGlobals.2)
    errorLeft                                0x20000164   Data           4  main.o(.bss..L_MergedGlobals.2)
    delta_rPWM                               0x20000168   Data           4  main.o(.bss..L_MergedGlobals.2)
    delta_lPWM                               0x2000016c   Data           4  main.o(.bss..L_MergedGlobals.2)
    Rx_data                                  0x20000170   Data           6  main.o(.bss..L_MergedGlobals.2)
    integralError_r                          0x20000178   Data           8  main.o(.bss..L_MergedGlobals.2)
    difrentialError_r                        0x20000180   Data           8  main.o(.bss..L_MergedGlobals.2)
    lastErrorRight                           0x20000188   Data           8  main.o(.bss..L_MergedGlobals.2)
    integralError_l                          0x20000190   Data           8  main.o(.bss..L_MergedGlobals.2)
    difrentialError_l                        0x20000198   Data           8  main.o(.bss..L_MergedGlobals.3)
    lastErrorLeftt                           0x200001a0   Data           8  main.o(.bss..L_MergedGlobals.3)
    hadc1                                    0x200001a8   Data          48  main.o(.bss..L_MergedGlobals.3)
    allError                                 0x200001d8   Data          60  main.o(.bss..L_MergedGlobals.3)
    htim1                                    0x20000214   Data          72  main.o(.bss.htim1)
    htim2                                    0x2000025c   Data          72  main.o(.bss.htim2)
    htim3                                    0x200002a4   Data          72  main.o(.bss.htim3)
    htim4                                    0x200002ec   Data          72  main.o(.bss.htim4)
    huart1                                   0x20000334   Data          68  main.o(.bss.huart1)
    uwTick                                   0x20000378   Data           4  stm32f1xx_hal.o(.bss.uwTick)



==============================================================================

Memory Map of the image

  Image Entry point : 0x08000131

  Load Region LR_IROM1 (Base: 0x08000000, Size: 0x00005d60, Max: 0x00080000, ABSOLUTE)

    Execution Region ER_IROM1 (Exec base: 0x08000000, Load base: 0x08000000, Size: 0x00005d1c, Max: 0x00080000, ABSOLUTE)

    Exec Addr    Load Addr    Size         Type   Attr      Idx    E Section Name        Object

    0x08000000   0x08000000   0x00000130   Data   RO            3    RESET               startup_stm32f103xe.o
    0x08000130   0x08000130   0x00000008   Code   RO         1064  * !!!main             c_w.l(__main.o)
    0x08000138   0x08000138   0x00000034   Code   RO         1372    !!!scatter          c_w.l(__scatter.o)
    0x0800016c   0x0800016c   0x0000001a   Code   RO         1374    !!handler_copy      c_w.l(__scatter_copy.o)
    0x08000186   0x08000186   0x00000002   PAD
    0x08000188   0x08000188   0x0000001c   Code   RO         1376    !!handler_zi        c_w.l(__scatter_zi.o)
    0x080001a4   0x080001a4   0x00000002   Code   RO         1233    .ARM.Collect$$libinit$$00000000  c_w.l(libinit.o)
    0x080001a6   0x080001a6   0x00000000   Code   RO         1239    .ARM.Collect$$libinit$$00000002  c_w.l(libinit2.o)
    0x080001a6   0x080001a6   0x00000000   Code   RO         1241    .ARM.Collect$$libinit$$00000004  c_w.l(libinit2.o)
    0x080001a6   0x080001a6   0x00000000   Code   RO         1244    .ARM.Collect$$libinit$$0000000A  c_w.l(libinit2.o)
    0x080001a6   0x080001a6   0x00000000   Code   RO         1246    .ARM.Collect$$libinit$$0000000C  c_w.l(libinit2.o)
    0x080001a6   0x080001a6   0x00000000   Code   RO         1248    .ARM.Collect$$libinit$$0000000E  c_w.l(libinit2.o)
    0x080001a6   0x080001a6   0x00000000   Code   RO         1251    .ARM.Collect$$libinit$$00000011  c_w.l(libinit2.o)
    0x080001a6   0x080001a6   0x00000000   Code   RO         1253    .ARM.Collect$$libinit$$00000013  c_w.l(libinit2.o)
    0x080001a6   0x080001a6   0x00000000   Code   RO         1255    .ARM.Collect$$libinit$$00000015  c_w.l(libinit2.o)
    0x080001a6   0x080001a6   0x00000000   Code   RO         1257    .ARM.Collect$$libinit$$00000017  c_w.l(libinit2.o)
    0x080001a6   0x080001a6   0x00000000   Code   RO         1259    .ARM.Collect$$libinit$$00000019  c_w.l(libinit2.o)
    0x080001a6   0x080001a6   0x00000000   Code   RO         1261    .ARM.Collect$$libinit$$0000001B  c_w.l(libinit2.o)
    0x080001a6   0x080001a6   0x00000000   Code   RO         1263    .ARM.Collect$$libinit$$0000001D  c_w.l(libinit2.o)
    0x080001a6   0x080001a6   0x00000000   Code   RO         1265    .ARM.Collect$$libinit$$0000001F  c_w.l(libinit2.o)
    0x080001a6   0x080001a6   0x00000000   Code   RO         1267    .ARM.Collect$$libinit$$00000021  c_w.l(libinit2.o)
    0x080001a6   0x080001a6   0x00000000   Code   RO         1269    .ARM.Collect$$libinit$$00000023  c_w.l(libinit2.o)
    0x080001a6   0x080001a6   0x00000000   Code   RO         1271    .ARM.Collect$$libinit$$00000025  c_w.l(libinit2.o)
    0x080001a6   0x080001a6   0x00000000   Code   RO         1275    .ARM.Collect$$libinit$$0000002C  c_w.l(libinit2.o)
    0x080001a6   0x080001a6   0x00000000   Code   RO         1277    .ARM.Collect$$libinit$$0000002E  c_w.l(libinit2.o)
    0x080001a6   0x080001a6   0x00000000   Code   RO         1279    .ARM.Collect$$libinit$$00000030  c_w.l(libinit2.o)
    0x080001a6   0x080001a6   0x00000000   Code   RO         1281    .ARM.Collect$$libinit$$00000032  c_w.l(libinit2.o)
    0x080001a6   0x080001a6   0x00000002   Code   RO         1282    .ARM.Collect$$libinit$$00000033  c_w.l(libinit2.o)
    0x080001a8   0x080001a8   0x00000002   Code   RO         1308    .ARM.Collect$$libshutdown$$00000000  c_w.l(libshutdown.o)
    0x080001aa   0x080001aa   0x00000000   Code   RO         1323    .ARM.Collect$$libshutdown$$00000002  c_w.l(libshutdown2.o)
    0x080001aa   0x080001aa   0x00000000   Code   RO         1325    .ARM.Collect$$libshutdown$$00000004  c_w.l(libshutdown2.o)
    0x080001aa   0x080001aa   0x00000000   Code   RO         1328    .ARM.Collect$$libshutdown$$00000007  c_w.l(libshutdown2.o)
    0x080001aa   0x080001aa   0x00000000   Code   RO         1331    .ARM.Collect$$libshutdown$$0000000A  c_w.l(libshutdown2.o)
    0x080001aa   0x080001aa   0x00000000   Code   RO         1333    .ARM.Collect$$libshutdown$$0000000C  c_w.l(libshutdown2.o)
    0x080001aa   0x080001aa   0x00000000   Code   RO         1336    .ARM.Collect$$libshutdown$$0000000F  c_w.l(libshutdown2.o)
    0x080001aa   0x080001aa   0x00000002   Code   RO         1337    .ARM.Collect$$libshutdown$$00000010  c_w.l(libshutdown2.o)
    0x080001ac   0x080001ac   0x00000000   Code   RO         1134    .ARM.Collect$$rtentry$$00000000  c_w.l(__rtentry.o)
    0x080001ac   0x080001ac   0x00000000   Code   RO         1192    .ARM.Collect$$rtentry$$00000002  c_w.l(__rtentry2.o)
    0x080001ac   0x080001ac   0x00000006   Code   RO         1204    .ARM.Collect$$rtentry$$00000004  c_w.l(__rtentry4.o)
    0x080001b2   0x080001b2   0x00000000   Code   RO         1194    .ARM.Collect$$rtentry$$00000009  c_w.l(__rtentry2.o)
    0x080001b2   0x080001b2   0x00000004   Code   RO         1195    .ARM.Collect$$rtentry$$0000000A  c_w.l(__rtentry2.o)
    0x080001b6   0x080001b6   0x00000000   Code   RO         1197    .ARM.Collect$$rtentry$$0000000C  c_w.l(__rtentry2.o)
    0x080001b6   0x080001b6   0x00000008   Code   RO         1198    .ARM.Collect$$rtentry$$0000000D  c_w.l(__rtentry2.o)
    0x080001be   0x080001be   0x00000002   Code   RO         1236    .ARM.Collect$$rtexit$$00000000  c_w.l(rtexit.o)
    0x080001c0   0x080001c0   0x00000000   Code   RO         1286    .ARM.Collect$$rtexit$$00000002  c_w.l(rtexit2.o)
    0x080001c0   0x080001c0   0x00000004   Code   RO         1287    .ARM.Collect$$rtexit$$00000003  c_w.l(rtexit2.o)
    0x080001c4   0x080001c4   0x00000006   Code   RO         1288    .ARM.Collect$$rtexit$$00000004  c_w.l(rtexit2.o)
    0x080001ca   0x080001ca   0x00000002   PAD
    0x080001cc   0x080001cc   0x00000040   Code   RO            4    .text               startup_stm32f103xe.o
    0x0800020c   0x0800020c   0x00000006   Code   RO         1062    .text               c_w.l(heapauxi.o)
    0x08000212   0x08000212   0x00000016   Code   RO         1135    .text               c_w.l(_rserrno.o)
    0x08000228   0x08000228   0x00000008   Code   RO         1209    .text               c_w.l(rt_errno_addr_intlibspace.o)
    0x08000230   0x08000230   0x00000008   Code   RO         1221    .text               c_w.l(libspace.o)
    0x08000238   0x08000238   0x0000004a   Code   RO         1224    .text               c_w.l(sys_stackheap_outer.o)
    0x08000282   0x08000282   0x00000012   Code   RO         1226    .text               c_w.l(exit.o)
    0x08000294   0x08000294   0x0000000c   Code   RO         1298    .text               c_w.l(sys_exit.o)
    0x080002a0   0x080002a0   0x00000002   Code   RO         1313    .text               c_w.l(use_no_semi.o)
    0x080002a2   0x080002a2   0x00000000   Code   RO         1315    .text               c_w.l(indicate_semi.o)
    0x080002a2   0x080002a2   0x00000002   PAD
    0x080002a4   0x080002a4   0x000000b6   Code   RO          191    .text.ADC_Enable    stm32f1xx_hal_adc.o
    0x0800035a   0x0800035a   0x00000002   PAD
    0x0800035c   0x0800035c   0x00000002   Code   RO          114    .text.BusFault_Handler  stm32f1xx_it.o
    0x0800035e   0x0800035e   0x00000002   PAD
    0x08000360   0x08000360   0x00000002   Code   RO          120    .text.DebugMon_Handler  stm32f1xx_it.o
    0x08000362   0x08000362   0x00000002   PAD
    0x08000364   0x08000364   0x00000020   Code   RO          126    .text.EXTI9_5_IRQHandler  stm32f1xx_it.o
    0x08000384   0x08000384   0x00000178   Code   RO          225    .text.HAL_ADC_ConfigChannel  stm32f1xx_hal_adc.o
    0x080004fc   0x080004fc   0x00000006   Code   RO          213    .text.HAL_ADC_GetValue  stm32f1xx_hal_adc.o
    0x08000502   0x08000502   0x00000002   PAD
    0x08000504   0x08000504   0x0000017c   Code   RO          179    .text.HAL_ADC_Init  stm32f1xx_hal_adc.o
    0x08000680   0x08000680   0x00000088   Code   RO          143    .text.HAL_ADC_MspInit  stm32f1xx_hal_msp.o
    0x08000708   0x08000708   0x00000268   Code   RO          195    .text.HAL_ADC_PollForConversion  stm32f1xx_hal_adc.o
    0x08000970   0x08000970   0x000000cc   Code   RO          189    .text.HAL_ADC_Start  stm32f1xx_hal_adc.o
    0x08000a3c   0x08000a3c   0x0000007e   Code   RO          193    .text.HAL_ADC_Stop  stm32f1xx_hal_adc.o
    0x08000aba   0x08000aba   0x00000002   PAD
    0x08000abc   0x08000abc   0x00000046   Code   RO          419    .text.HAL_DMA_Abort  stm32f1xx_hal_dma.o
    0x08000b02   0x08000b02   0x00000002   PAD
    0x08000b04   0x08000b04   0x00000126   Code   RO          421    .text.HAL_DMA_Abort_IT  stm32f1xx_hal_dma.o
    0x08000c2a   0x08000c2a   0x00000002   PAD
    0x08000c2c   0x08000c2c   0x00000080   Code   RO           49    .text.HAL_GPIO_EXTI_Callback  main.o
    0x08000cac   0x08000cac   0x00000016   Code   RO          399    .text.HAL_GPIO_EXTI_IRQHandler  stm32f1xx_hal_gpio.o
    0x08000cc2   0x08000cc2   0x00000002   PAD
    0x08000cc4   0x08000cc4   0x000001fa   Code   RO          387    .text.HAL_GPIO_Init  stm32f1xx_hal_gpio.o
    0x08000ebe   0x08000ebe   0x00000002   PAD
    0x08000ec0   0x08000ec0   0x0000000a   Code   RO          391    .text.HAL_GPIO_ReadPin  stm32f1xx_hal_gpio.o
    0x08000eca   0x08000eca   0x00000002   PAD
    0x08000ecc   0x08000ecc   0x0000000a   Code   RO          393    .text.HAL_GPIO_WritePin  stm32f1xx_hal_gpio.o
    0x08000ed6   0x08000ed6   0x00000002   PAD
    0x08000ed8   0x08000ed8   0x0000000c   Code   RO          287    .text.HAL_GetTick   stm32f1xx_hal.o
    0x08000ee4   0x08000ee4   0x0000001a   Code   RO          285    .text.HAL_IncTick   stm32f1xx_hal.o
    0x08000efe   0x08000efe   0x00000002   PAD
    0x08000f00   0x08000f00   0x00000026   Code   RO          275    .text.HAL_Init      stm32f1xx_hal.o
    0x08000f26   0x08000f26   0x00000002   PAD
    0x08000f28   0x08000f28   0x00000048   Code   RO          277    .text.HAL_InitTick  stm32f1xx_hal.o
    0x08000f70   0x08000f70   0x00000042   Code   RO          141    .text.HAL_MspInit   stm32f1xx_hal_msp.o
    0x08000fb2   0x08000fb2   0x00000002   PAD
    0x08000fb4   0x08000fb4   0x00000020   Code   RO          447    .text.HAL_NVIC_EnableIRQ  stm32f1xx_hal_cortex.o
    0x08000fd4   0x08000fd4   0x00000056   Code   RO          445    .text.HAL_NVIC_SetPriority  stm32f1xx_hal_cortex.o
    0x0800102a   0x0800102a   0x00000002   PAD
    0x0800102c   0x0800102c   0x00000020   Code   RO          443    .text.HAL_NVIC_SetPriorityGrouping  stm32f1xx_hal_cortex.o
    0x0800104c   0x0800104c   0x00000110   Code   RO          377    .text.HAL_RCCEx_GetPeriphCLKFreq  stm32f1xx_hal_rcc_ex.o
    0x0800115c   0x0800115c   0x0000010a   Code   RO          373    .text.HAL_RCCEx_PeriphCLKConfig  stm32f1xx_hal_rcc_ex.o
    0x08001266   0x08001266   0x00000002   PAD
    0x08001268   0x08001268   0x00000002   Code   RO          361    .text.HAL_RCC_CSSCallback  stm32f1xx_hal_rcc.o
    0x0800126a   0x0800126a   0x00000002   PAD
    0x0800126c   0x0800126c   0x000001be   Code   RO          339    .text.HAL_RCC_ClockConfig  stm32f1xx_hal_rcc.o
    0x0800142a   0x0800142a   0x00000002   PAD
    0x0800142c   0x0800142c   0x0000000c   Code   RO          345    .text.HAL_RCC_EnableCSS  stm32f1xx_hal_rcc.o
    0x08001438   0x08001438   0x00000026   Code   RO          351    .text.HAL_RCC_GetPCLK1Freq  stm32f1xx_hal_rcc.o
    0x0800145e   0x0800145e   0x00000002   PAD
    0x08001460   0x08001460   0x00000026   Code   RO          353    .text.HAL_RCC_GetPCLK2Freq  stm32f1xx_hal_rcc.o
    0x08001486   0x08001486   0x00000002   PAD
    0x08001488   0x08001488   0x00000056   Code   RO          341    .text.HAL_RCC_GetSysClockFreq  stm32f1xx_hal_rcc.o
    0x080014de   0x080014de   0x00000002   PAD
    0x080014e0   0x080014e0   0x0000001c   Code   RO          359    .text.HAL_RCC_NMI_IRQHandler  stm32f1xx_hal_rcc.o
    0x080014fc   0x080014fc   0x000003b4   Code   RO          337    .text.HAL_RCC_OscConfig  stm32f1xx_hal_rcc.o
    0x080018b0   0x080018b0   0x0000002c   Code   RO          455    .text.HAL_SYSTICK_Config  stm32f1xx_hal_cortex.o
    0x080018dc   0x080018dc   0x00000002   Code   RO          912    .text.HAL_TIMEx_BreakCallback  stm32f1xx_hal_tim_ex.o
    0x080018de   0x080018de   0x00000002   PAD
    0x080018e0   0x080018e0   0x00000002   Code   RO          908    .text.HAL_TIMEx_CommutCallback  stm32f1xx_hal_tim_ex.o
    0x080018e2   0x080018e2   0x00000002   PAD
    0x080018e4   0x080018e4   0x00000092   Code   RO          902    .text.HAL_TIMEx_MasterConfigSynchronization  stm32f1xx_hal_tim_ex.o
    0x08001976   0x08001976   0x00000002   PAD
    0x08001978   0x08001978   0x00000126   Code   RO          608    .text.HAL_TIM_Base_Init  stm32f1xx_hal_tim.o
    0x08001a9e   0x08001a9e   0x00000002   PAD
    0x08001aa0   0x08001aa0   0x000000e4   Code   RO          147    .text.HAL_TIM_Base_MspInit  stm32f1xx_hal_msp.o
    0x08001b84   0x08001b84   0x00000086   Code   RO          622    .text.HAL_TIM_Base_Start_IT  stm32f1xx_hal_tim.o
    0x08001c0a   0x08001c0a   0x00000002   PAD
    0x08001c0c   0x08001c0c   0x00000192   Code   RO          788    .text.HAL_TIM_ConfigClockSource  stm32f1xx_hal_tim.o
    0x08001d9e   0x08001d9e   0x00000002   PAD
    0x08001da0   0x08001da0   0x00000002   Code   RO          744    .text.HAL_TIM_IC_CaptureCallback  stm32f1xx_hal_tim.o
    0x08001da2   0x08001da2   0x00000002   PAD
    0x08001da4   0x08001da4   0x00000170   Code   RO          742    .text.HAL_TIM_IRQHandler  stm32f1xx_hal_tim.o
    0x08001f14   0x08001f14   0x00000086   Code   RO          149    .text.HAL_TIM_MspPostInit  stm32f1xx_hal_msp.o
    0x08001f9a   0x08001f9a   0x00000002   PAD
    0x08001f9c   0x08001f9c   0x00000002   Code   RO          746    .text.HAL_TIM_OC_DelayElapsedCallback  stm32f1xx_hal_tim.o
    0x08001f9e   0x08001f9e   0x00000002   PAD
    0x08001fa0   0x08001fa0   0x0000024e   Code   RO          762    .text.HAL_TIM_PWM_ConfigChannel  stm32f1xx_hal_tim.o
    0x080021ee   0x080021ee   0x00000002   PAD
    0x080021f0   0x080021f0   0x00000126   Code   RO          662    .text.HAL_TIM_PWM_Init  stm32f1xx_hal_tim.o
    0x08002316   0x08002316   0x00000002   PAD
    0x08002318   0x08002318   0x00000002   Code   RO          664    .text.HAL_TIM_PWM_MspInit  stm32f1xx_hal_tim.o
    0x0800231a   0x0800231a   0x00000002   PAD
    0x0800231c   0x0800231c   0x00000002   Code   RO          748    .text.HAL_TIM_PWM_PulseFinishedCallback  stm32f1xx_hal_tim.o
    0x0800231e   0x0800231e   0x00000002   PAD
    0x08002320   0x08002320   0x000000e2   Code   RO          670    .text.HAL_TIM_PWM_Start  stm32f1xx_hal_tim.o
    0x08002402   0x08002402   0x00000002   PAD
    0x08002404   0x08002404   0x00000032   Code   RO           45    .text.HAL_TIM_PeriodElapsedCallback  main.o
    0x08002436   0x08002436   0x00000002   PAD
    0x08002438   0x08002438   0x00000002   Code   RO          752    .text.HAL_TIM_TriggerCallback  stm32f1xx_hal_tim.o
    0x0800243a   0x0800243a   0x00000002   PAD
    0x0800243c   0x0800243c   0x00000002   Code   RO         1008    .text.HAL_UARTEx_RxEventCallback  stm32f1xx_hal_uart.o
    0x0800243e   0x0800243e   0x00000002   PAD
    0x08002440   0x08002440   0x00000002   Code   RO         1006    .text.HAL_UART_ErrorCallback  stm32f1xx_hal_uart.o
    0x08002442   0x08002442   0x00000002   PAD
    0x08002444   0x08002444   0x00000262   Code   RO         1000    .text.HAL_UART_IRQHandler  stm32f1xx_hal_uart.o
    0x080026a6   0x080026a6   0x00000002   PAD
    0x080026a8   0x080026a8   0x000000dc   Code   RO          926    .text.HAL_UART_Init  stm32f1xx_hal_uart.o
    0x08002784   0x08002784   0x00000098   Code   RO          153    .text.HAL_UART_MspInit  stm32f1xx_hal_msp.o
    0x0800281c   0x0800281c   0x000001b4   Code   RO          942    .text.HAL_UART_Receive  stm32f1xx_hal_uart.o
    0x080029d0   0x080029d0   0x00000056   Code   RO          946    .text.HAL_UART_Receive_IT  stm32f1xx_hal_uart.o
    0x08002a26   0x08002a26   0x00000002   PAD
    0x08002a28   0x08002a28   0x0000000e   Code   RO           43    .text.HAL_UART_RxCpltCallback  main.o
    0x08002a36   0x08002a36   0x00000002   PAD
    0x08002a38   0x08002a38   0x00000002   Code   RO         1010    .text.HAL_UART_TxCpltCallback  stm32f1xx_hal_uart.o
    0x08002a3a   0x08002a3a   0x00000002   PAD
    0x08002a3c   0x08002a3c   0x00000002   Code   RO          110    .text.HardFault_Handler  stm32f1xx_it.o
    0x08002a3e   0x08002a3e   0x00000002   PAD
    0x08002a40   0x08002a40   0x00000002   Code   RO          112    .text.MemManage_Handler  stm32f1xx_it.o
    0x08002a42   0x08002a42   0x00000002   PAD
    0x08002a44   0x08002a44   0x00000006   Code   RO          108    .text.NMI_Handler   stm32f1xx_it.o
    0x08002a4a   0x08002a4a   0x00000002   PAD
    0x08002a4c   0x08002a4c   0x00000002   Code   RO          122    .text.PendSV_Handler  stm32f1xx_it.o
    0x08002a4e   0x08002a4e   0x00000002   PAD
    0x08002a50   0x08002a50   0x00000002   Code   RO          118    .text.SVC_Handler   stm32f1xx_it.o
    0x08002a52   0x08002a52   0x00000002   PAD
    0x08002a54   0x08002a54   0x00000004   Code   RO          124    .text.SysTick_Handler  stm32f1xx_it.o
    0x08002a58   0x08002a58   0x00000098   Code   RO           53    .text.SystemClock_Config  main.o
    0x08002af0   0x08002af0   0x00000002   Code   RO         1044    .text.SystemInit    system_stm32f1xx.o
    0x08002af2   0x08002af2   0x00000002   PAD
    0x08002af4   0x08002af4   0x0000000c   Code   RO          128    .text.TIM1_UP_IRQHandler  stm32f1xx_it.o
    0x08002b00   0x08002b00   0x0000000c   Code   RO          130    .text.TIM4_IRQHandler  stm32f1xx_it.o
    0x08002b0c   0x08002b0c   0x0000000c   Code   RO         1004    .text.UART_DMAAbortOnError  stm32f1xx_hal_uart.o
    0x08002b18   0x08002b18   0x000000b6   Code   RO         1002    .text.UART_Receive_IT  stm32f1xx_hal_uart.o
    0x08002bce   0x08002bce   0x00000002   PAD
    0x08002bd0   0x08002bd0   0x0000000c   Code   RO          132    .text.USART1_IRQHandler  stm32f1xx_it.o
    0x08002bdc   0x08002bdc   0x00000002   Code   RO          116    .text.UsageFault_Handler  stm32f1xx_it.o
    0x08002bde   0x08002bde   0x00000002   PAD
    0x08002be0   0x08002be0   0x000010b4   Code   RO           51    .text.main          main.o
    0x08003c94   0x08003c94   0x00000028   Code   RO         1217    i.__ARM_fpclassify  m_ws.l(fpclassify.o)
    0x08003cbc   0x08003cbc   0x00000388   Code   RO         1183    i.__ieee754_rem_pio2  m_ws.l(rred.o)
    0x08004044   0x08004044   0x000000fc   Code   RO         1165    i.__kernel_cos      m_ws.l(cos_i.o)
    0x08004140   0x08004140   0x000000aa   Code   RO         1219    i.__kernel_poly     m_ws.l(poly.o)
    0x080041ea   0x080041ea   0x00000002   PAD
    0x080041ec   0x080041ec   0x000000ec   Code   RO         1188    i.__kernel_sin      m_ws.l(sin_i.o)
    0x080042d8   0x080042d8   0x00000006   Code   RO         1169    i.__mathlib_dbl_infnan  m_ws.l(dunder.o)
    0x080042de   0x080042de   0x00000004   Code   RO         1170    i.__mathlib_dbl_infnan2  m_ws.l(dunder.o)
    0x080042e2   0x080042e2   0x0000000c   Code   RO         1171    i.__mathlib_dbl_invalid  m_ws.l(dunder.o)
    0x080042ee   0x080042ee   0x00000002   PAD
    0x080042f0   0x080042f0   0x00000010   Code   RO         1174    i.__mathlib_dbl_underflow  m_ws.l(dunder.o)
    0x08004300   0x08004300   0x00000220   Code   RO         1161    i.atan              m_ws.l(atan.o)
    0x08004520   0x08004520   0x0000019c   Code   RO         1119    i.atan2             m_ws.l(atan2.o)
    0x080046bc   0x080046bc   0x0000009c   Code   RO         1123    i.cos               m_ws.l(cos.o)
    0x08004758   0x08004758   0x000000a0   Code   RO         1127    i.sin               m_ws.l(sin.o)
    0x080047f8   0x080047f8   0x00000062   Code   RO         1066    x$fpl$d2f           fz_ws.l(d2f.o)
    0x0800485a   0x0800485a   0x00000002   PAD
    0x0800485c   0x0800485c   0x00000150   Code   RO         1068    x$fpl$dadd          fz_ws.l(daddsub_clz.o)
    0x080049ac   0x080049ac   0x00000010   Code   RO         1234    x$fpl$dcheck1       fz_ws.l(dcheck1.o)
    0x080049bc   0x080049bc   0x00000018   Code   RO         1211    x$fpl$dcmpinf       fz_ws.l(dcmpi.o)
    0x080049d4   0x080049d4   0x000002b4   Code   RO         1077    x$fpl$ddiv          fz_ws.l(ddiv.o)
    0x08004c88   0x08004c88   0x00000078   Code   RO         1137    x$fpl$deqf          fz_ws.l(deqf.o)
    0x08004d00   0x08004d00   0x0000005e   Code   RO         1080    x$fpl$dfix          fz_ws.l(dfix.o)
    0x08004d5e   0x08004d5e   0x0000002e   Code   RO         1085    x$fpl$dflt          fz_ws.l(dflt_clz.o)
    0x08004d8c   0x08004d8c   0x00000026   Code   RO         1084    x$fpl$dfltu         fz_ws.l(dflt_clz.o)
    0x08004db2   0x08004db2   0x00000002   PAD
    0x08004db4   0x08004db4   0x00000078   Code   RO         1139    x$fpl$dgeqf         fz_ws.l(dgeqf.o)
    0x08004e2c   0x08004e2c   0x00000078   Code   RO         1141    x$fpl$dleqf         fz_ws.l(dleqf.o)
    0x08004ea4   0x08004ea4   0x00000154   Code   RO         1090    x$fpl$dmul          fz_ws.l(dmul.o)
    0x08004ff8   0x08004ff8   0x0000009c   Code   RO         1143    x$fpl$dnaninf       fz_ws.l(dnaninf.o)
    0x08005094   0x08005094   0x0000000c   Code   RO         1145    x$fpl$dretinf       fz_ws.l(dretinf.o)
    0x080050a0   0x080050a0   0x00000016   Code   RO         1069    x$fpl$drsb          fz_ws.l(daddsub_clz.o)
    0x080050b6   0x080050b6   0x00000002   PAD
    0x080050b8   0x080050b8   0x000001dc   Code   RO         1070    x$fpl$dsub          fz_ws.l(daddsub_clz.o)
    0x08005294   0x08005294   0x00000056   Code   RO         1092    x$fpl$f2d           fz_ws.l(f2d.o)
    0x080052ea   0x080052ea   0x00000002   PAD
    0x080052ec   0x080052ec   0x000000c4   Code   RO         1094    x$fpl$fadd          fz_ws.l(faddsub_clz.o)
    0x080053b0   0x080053b0   0x00000054   Code   RO         1074    x$fpl$fcmp          fz_ws.l(dcmp.o)
    0x08005404   0x08005404   0x00000054   Code   RO         1100    x$fpl$fcmp          fz_ws.l(fcmp.o)
    0x08005458   0x08005458   0x00000018   Code   RO         1213    x$fpl$fcmpinf       fz_ws.l(fcmpi.o)
    0x08005470   0x08005470   0x00000184   Code   RO         1103    x$fpl$fdiv          fz_ws.l(fdiv.o)
    0x080055f4   0x080055f4   0x00000068   Code   RO         1149    x$fpl$feqf          fz_ws.l(feqf.o)
    0x0800565c   0x0800565c   0x00000036   Code   RO         1106    x$fpl$ffix          fz_ws.l(ffix.o)
    0x08005692   0x08005692   0x00000002   PAD
    0x08005694   0x08005694   0x00000030   Code   RO         1111    x$fpl$fflt          fz_ws.l(fflt_clz.o)
    0x080056c4   0x080056c4   0x00000068   Code   RO         1151    x$fpl$fgeqf         fz_ws.l(fgeqf.o)
    0x0800572c   0x0800572c   0x00000068   Code   RO         1153    x$fpl$fleqf         fz_ws.l(fleqf.o)
    0x08005794   0x08005794   0x00000102   Code   RO         1116    x$fpl$fmul          fz_ws.l(fmul.o)
    0x08005896   0x08005896   0x0000008c   Code   RO         1155    x$fpl$fnaninf       fz_ws.l(fnaninf.o)
    0x08005922   0x08005922   0x0000000a   Code   RO         1157    x$fpl$fretinf       fz_ws.l(fretinf.o)
    0x0800592c   0x0800592c   0x000000ea   Code   RO         1096    x$fpl$fsub          fz_ws.l(faddsub_clz.o)
    0x08005a16   0x08005a16   0x00000064   Code   RO         1283    x$fpl$retnan        fz_ws.l(retnan.o)
    0x08005a7a   0x08005a7a   0x0000005c   Code   RO         1215    x$fpl$scalbn        fz_ws.l(scalbn.o)
    0x08005ad6   0x08005ad6   0x00000030   Code   RO         1296    x$fpl$trapveneer    fz_ws.l(trapv.o)
    0x08005b06   0x08005b06   0x00000000   Code   RO         1159    x$fpl$usenofp       fz_ws.l(usenofp.o)
    0x08005b06   0x08005b06   0x00000002   PAD
    0x08005b08   0x08005b08   0x00000098   Data   RO         1162    .constdata          m_ws.l(atan.o)
    0x08005ba0   0x08005ba0   0x00000030   Data   RO         1166    .constdata          m_ws.l(cos_i.o)
    0x08005bd0   0x08005bd0   0x00000008   Data   RO         1182    .constdata          m_ws.l(qnan.o)
    0x08005bd8   0x08005bd8   0x000000cc   Data   RO         1185    .constdata          m_ws.l(rred.o)
    0x08005ca4   0x08005ca4   0x00000004   PAD
    0x08005ca8   0x08005ca8   0x00000028   Data   RO         1189    .constdata          m_ws.l(sin_i.o)
    0x08005cd0   0x08005cd0   0x00000002   Data   RO          364    .rodata..L__const.HAL_RCC_GetSysClockFreq.aPredivFactorTable  stm32f1xx_hal_rcc.o
    0x08005cd2   0x08005cd2   0x00000010   Data   RO         1049    .rodata.AHBPrescTable  system_stm32f1xx.o
    0x08005ce2   0x08005ce2   0x00000008   Data   RO         1050    .rodata.APBPrescTable  system_stm32f1xx.o
    0x08005cea   0x08005cea   0x00000010   Data   RO          363    .rodata.cst16       stm32f1xx_hal_rcc.o
    0x08005cfa   0x08005cfa   0x00000002   PAD
    0x08005cfc   0x08005cfc   0x00000020   Data   RO         1371    Region$$Table       anon$$obj.o


    Execution Region RW_IRAM1 (Exec base: 0x20000000, Load base: 0x08005d20, Size: 0x00000980, Max: 0x00010000, ABSOLUTE)

    Exec Addr    Load Addr    Size         Type   Attr      Idx    E Section Name        Object

    0x20000000   0x08005d20   0x00000034   Data   RW           96    .data..L_MergedGlobals  main.o
    0x20000034   0x08005d54   0x00000008   Data   RW          326    .data..L_MergedGlobals  stm32f1xx_hal.o
    0x2000003c   0x08005d5c   0x00000004   Data   RW         1048    .data.SystemCoreClock  system_stm32f1xx.o
    0x20000040        -       0x00000060   Zero   RW         1222    .bss                c_w.l(libspace.o)
    0x200000a0        -       0x0000007c   Zero   RW           97    .bss..L_MergedGlobals.1  main.o
    0x2000011c   0x08005d60   0x00000004   PAD
    0x20000120        -       0x00000078   Zero   RW           98    .bss..L_MergedGlobals.2  main.o
    0x20000198        -       0x0000007c   Zero   RW           99    .bss..L_MergedGlobals.3  main.o
    0x20000214        -       0x00000048   Zero   RW           84    .bss.htim1          main.o
    0x2000025c        -       0x00000048   Zero   RW           81    .bss.htim2          main.o
    0x200002a4        -       0x00000048   Zero   RW           82    .bss.htim3          main.o
    0x200002ec        -       0x00000048   Zero   RW           85    .bss.htim4          main.o
    0x20000334        -       0x00000044   Zero   RW           83    .bss.huart1         main.o
    0x20000378        -       0x00000004   Zero   RW          325    .bss.uwTick         stm32f1xx_hal.o
    0x2000037c   0x08005d60   0x00000004   PAD
    0x20000380        -       0x00000200   Zero   RW            2    HEAP                startup_stm32f103xe.o
    0x20000580        -       0x00000400   Zero   RW            1    STACK               startup_stm32f103xe.o


==============================================================================

Image component sizes


      Code (inc. data)   RO Data    RW Data    ZI Data      Debug   Object Name

      4620          0          0         52        724      21776   main.o
        64         26        304          0       1536        788   startup_stm32f103xe.o
       148          0          0          8          4       6068   stm32f1xx_hal.o
      1890          0          0          0          0      13157   stm32f1xx_hal_adc.o
       194          0          0          0          0       8879   stm32f1xx_hal_cortex.o
       364          0          0          0          0       9123   stm32f1xx_hal_dma.o
       548         20          0          0          0       4735   stm32f1xx_hal_gpio.o
       716          0          0          0          0       9970   stm32f1xx_hal_msp.o
      1598          0         18          0          0       7638   stm32f1xx_hal_rcc.o
       538         36          0          0          0       3759   stm32f1xx_hal_rcc_ex.o
      2318          4          0          0          0      54226   stm32f1xx_hal_tim.o
       150          0          0          0          0      20668   stm32f1xx_hal_tim_ex.o
      1552          0          0          0          0      23818   stm32f1xx_hal_uart.o
        92          0          0          0          0       5599   stm32f1xx_it.o
         2          0         24          4          0       1618   system_stm32f1xx.o

    ----------------------------------------------------------------------
     14896         86        380         64       2272     191822   Object Totals
         0          0         32          0          0          0   (incl. Generated)
       102          0          2          0          8          0   (incl. Padding)

    ----------------------------------------------------------------------

      Code (inc. data)   RO Data    RW Data    ZI Data      Debug   Library Member Name

         8          0          0          0          0         68   __main.o
         0          0          0          0          0          0   __rtentry.o
        12          0          0          0          0          0   __rtentry2.o
         6          0          0          0          0          0   __rtentry4.o
        52          8          0          0          0          0   __scatter.o
        26          0          0          0          0          0   __scatter_copy.o
        28          0          0          0          0          0   __scatter_zi.o
        22          0          0          0          0        100   _rserrno.o
        18          0          0          0          0         80   exit.o
         6          0          0          0          0        152   heapauxi.o
         0          0          0          0          0          0   indicate_semi.o
         2          0          0          0          0          0   libinit.o
         2          0          0          0          0          0   libinit2.o
         2          0          0          0          0          0   libshutdown.o
         2          0          0          0          0          0   libshutdown2.o
         8          4          0          0         96         68   libspace.o
         8          4          0          0          0         68   rt_errno_addr_intlibspace.o
         2          0          0          0          0          0   rtexit.o
        10          0          0          0          0          0   rtexit2.o
        12          4          0          0          0         68   sys_exit.o
        74          0          0          0          0         80   sys_stackheap_outer.o
         2          0          0          0          0         68   use_no_semi.o
        98          4          0          0          0         92   d2f.o
       834         16          0          0          0        372   daddsub_clz.o
        16          4          0          0          0         68   dcheck1.o
        84          0          0          0          0        196   dcmp.o
        24          0          0          0          0         68   dcmpi.o
       692        140          0          0          0        216   ddiv.o
       120          4          0          0          0         92   deqf.o
        94          4          0          0          0         92   dfix.o
        84          0          0          0          0        136   dflt_clz.o
       120          4          0          0          0         92   dgeqf.o
       120          4          0          0          0         92   dleqf.o
       340         12          0          0          0        104   dmul.o
       156          4          0          0          0         92   dnaninf.o
        12          0          0          0          0         68   dretinf.o
        86          4          0          0          0         84   f2d.o
       430          8          0          0          0        168   faddsub_clz.o
        84          0          0          0          0        196   fcmp.o
        24          0          0          0          0         68   fcmpi.o
       388         76          0          0          0         96   fdiv.o
       104          4          0          0          0         84   feqf.o
        54          4          0          0          0         84   ffix.o
        48          0          0          0          0         68   fflt_clz.o
       104          4          0          0          0         84   fgeqf.o
       104          4          0          0          0         84   fleqf.o
       258          4          0          0          0         84   fmul.o
       140          4          0          0          0         84   fnaninf.o
        10          0          0          0          0         68   fretinf.o
       100          0          0          0          0         68   retnan.o
        92          0          0          0          0         68   scalbn.o
        48          0          0          0          0         68   trapv.o
         0          0          0          0          0          0   usenofp.o
       544         70        152          0          0        124   atan.o
       412         38          0          0          0        144   atan2.o
       156          8          0          0          0        104   cos.o
       252         22         48          0          0        124   cos_i.o
        38          6          0          0          0        272   dunder.o
        40          0          0          0          0         68   fpclassify.o
       170          0          0          0          0         96   poly.o
         0          0          8          0          0          0   qnan.o
       904         76        204          0          0        140   rred.o
       160         10          0          0          0        108   sin.o
       236         12         40          0          0        128   sin_i.o

    ----------------------------------------------------------------------
      8104        570        456          0         96       5296   Library Totals
        22          0          4          0          0          0   (incl. Padding)

    ----------------------------------------------------------------------

      Code (inc. data)   RO Data    RW Data    ZI Data      Debug   Library Name

       302         20          0          0         96        752   c_w.l
      4868        308          0          0          0       3236   fz_ws.l
      2912        242        452          0          0       1308   m_ws.l

    ----------------------------------------------------------------------
      8104        570        456          0         96       5296   Library Totals

    ----------------------------------------------------------------------

==============================================================================


      Code (inc. data)   RO Data    RW Data    ZI Data      Debug   

     23000        656        836         64       2368     194202   Grand Totals
     23000        656        836         64       2368     194202   ELF Image Totals
     23000        656        836         64          0          0   ROM Totals

==============================================================================

    Total RO  Size (Code + RO Data)                23836 (  23.28kB)
    Total RW  Size (RW Data + ZI Data)              2432 (   2.38kB)
    Total ROM Size (Code + RO Data + RW Data)      23900 (  23.34kB)

==============================================================================

