../Core/Src/main.c:110:6:ADC_Select_CHA3	24	static
../Core/Src/main.c:124:6:ADC_Select_CHC0	24	static
../Core/Src/main.c:139:6:Motor_PWM_Right	16	static
../Core/Src/main.c:159:6:Motor_PWM_Left	16	static
../Core/Src/main.c:184:7:nearPoint	40	static
../Core/Src/main.c:190:17:circle	40	static
../Core/Src/main.c:200:5:turnPID	48	static
../Core/Src/main.c:246:6:HAL_UART_RxCpltCallback	16	static
../Core/Src/main.c:253:6:HAL_TIM_PeriodElapsedCallback	16	static
../Core/Src/main.c:367:6:HAL_GPIO_EXTI_Callback	16	static
../Core/Src/main.c:404:5:main	80	static
../Core/Src/main.c:768:6:SystemClock_Config	96	static
../Core/Src/main.c:819:13:MX_ADC1_Init	24	static
../Core/Src/main.c:876:13:MX_TIM1_Init	32	static
../Core/Src/main.c:922:13:MX_TIM2_Init	64	static
../Core/Src/main.c:981:13:MX_TIM3_Init	64	static
../Core/Src/main.c:1040:13:MX_TIM4_Init	32	static
../Core/Src/main.c:1085:13:MX_USART1_UART_Init	8	static
../Core/Src/main.c:1118:13:MX_GPIO_Init	40	static
../Core/Src/main.c:1170:6:Error_Handler	4	static,ignoring_inline_asm
